Program for consistency check: output for Error and Warnings (version 11/22/2025)
Generated at: Mon 12/01/2025 at 10:11:35 PM EST

################################################################################
In Adopted dataset of 34AR

 34AR  L 0           0+                843.8 MS  4                              
 34ARX L XREF=ABCDE
         *                                                                        <W> No input dataset with XREF tag=E for DSID=3HE(32S,NG),32S(3HE,NG)
 34AR  L 2091.1    3 2+                319 FS    42                             
 34ARX L XREF=ABCDE
         *                                                                        <W> No input dataset with XREF tag=E for DSID=3HE(32S,NG),32S(3HE,NG)
 34AR  L 3287.7    5 2+                194 FS    35                             
 34ARX L XREF=ABCE
         *                                                                        <W> No input dataset with XREF tag=E for DSID=3HE(32S,NG),32S(3HE,NG)
 34AR  L 3873      3 0+                187 FS    GT                             
 34ARX L XREF=ABCE
         *                                                                        <W> No input dataset with XREF tag=E for DSID=3HE(32S,NG),32S(3HE,NG)
 34AR  L 4127.8    10                  208 FS    LT                             
 34ARX L XREF=AE
         *                                                                        <W> No input dataset with XREF tag=E for DSID=3HE(32S,NG),32S(3HE,NG)
 34AR  L 4513.2    8 3-                201 FS    38                             
 34ARX L XREF=ABDE
         *                                                                        <W> No input dataset with XREF tag=E for DSID=3HE(32S,NG),32S(3HE,NG)
 34AR  L 4631      4                                                            
 34ARX L XREF=BE
         *                                                                        <W> No input dataset with XREF tag=E for DSID=3HE(32S,NG),32S(3HE,NG)
 34AR  L 4865      4                                                            
 34ARX L XREF=BE
         *                                                                        <W> No input dataset with XREF tag=E for DSID=3HE(32S,NG),32S(3HE,NG)
 34AR  L 4967      4 0+                                                         
 34ARX L XREF=ABE
         *                                                                        <W> No input dataset with XREF tag=E for DSID=3HE(32S,NG),32S(3HE,NG)
 34AR  L 5255      4                                                           ?
 34ARX L XREF=E
         *                                                                        <W> No input dataset with XREF tag=E for DSID=3HE(32S,NG),32S(3HE,NG)
 34AR  L 5542      4                                                            
 34ARX L XREF=E
         *                                                                        <W> No input dataset with XREF tag=E for DSID=3HE(32S,NG),32S(3HE,NG)

################################################################################
In dataset of 34AR: X?0 1H(35CL,2N)     XREF Tag=?0

 34AR  L 0.0          0+               0.84646 S 35                             
         *                                                                        <E> Tag=?0 of this dataset missing in XREF of matched Adopted Level=0

################################################################################
In dataset of 34AR: X?1 3HE(32S,NG)     XREF Tag=?1

 34AR  L 0                                                                      
         *                                                                        <E> Tag=?1 of this dataset missing in XREF of matched Adopted Level=0
 34AR  L 2091                          319 FS    42                             
         *                                                                        <E> Tag=?1 of this dataset missing in XREF of matched Adopted Level=2091.1
 34AR  L 3288                          194 FS    35                             
         *                                                                        <E> Tag=?1 of this dataset missing in XREF of matched Adopted Level=3287.7
 34AR  L 3871                          187 FS    GT                             
         *                                                                        <E> Tag=?1 of this dataset missing in XREF of matched Adopted Level=3873
 34AR  L 4128                          9E1 FS    +12-9                          
         *                                                                        <E> Tag=?1 of this dataset missing in XREF of matched Adopted Level=4127.8

################################################################################
In dataset of 34AR: X?2 4HE(30S,A):RESONANCES     XREF Tag=?2

 34AR  L 11092     85 (2+,4+)                          (2,4)                    
         *                                                                        <W> level not placed in Adopted.
                                                                                        closest level in Adopted:
                                                                                        7925       5                     XREF=B
 34AR  L 11518     89 (2+)                             (2)                      
         *                                                                        <W> level not placed in Adopted.
                                                                                        closest level in Adopted:
                                                                                        7925       5                     XREF=B
 34AR  L 12079     95 (2+)                             (2)                      
         *                                                                        <W> level not placed in Adopted.
                                                                                        closest level in Adopted:
                                                                                        7925       5                     XREF=B

################################################################################
In dataset of 34AR: X?3 12C(24MG,34ARG)     XREF Tag=?3

 34AR  L 0.0          0+                                                        
         *                                                                        <E> Tag=?3 of this dataset missing in XREF of matched Adopted Level=0
 34AR  L 2091.5    4  2+                                                        
         *                                                                        <E> Tag=?3 of this dataset missing in XREF of matched Adopted Level=2091.1
 34AR  L 3289.1    5  2+                                                        
         *                                                                        <E> Tag=?3 of this dataset missing in XREF of matched Adopted Level=3287.7
 34AR  L 3876.4    9  0+                                                        
         *                                                                        <E> Tag=?3 of this dataset missing in XREF of matched Adopted Level=3873
 34AR  L 4020.6    13 2+                                                        
         *                                                                        <W> level not placed in Adopted or discrepant.
                                                                                        closest level in Adopted:
                                                                                        4050      14                     XREF=AB
 34AR  G 1930.4    23 4.8    9                                                  
         *                                                                        <W> No matching gamma within 5 keV found in Adopted
 34AR  G 4019.8    15 7.4    9                                                  
         *                                                                        <W> No matching gamma within 5 keV found in Adopted
 34AR  L 4131.6    9  1+                                                        
         *                                                                        <E> Tag=?3 of this dataset missing in XREF of matched Adopted Level=4127.8
 34AR  G 842.5     7  2.4    2                                                  
         *                                                                        <W> Check discrepancy in gamma energies:
                                                                                          this energy=842.5      Adopted=840.1
 34AR  L 4517.5    7  3-                                                        
         *                                                                        <E> Tag=?3 of this dataset missing in XREF of matched Adopted Level=4513.2
 34AR  G 1228.4    5  15.8   7  D                                               
         *                                                                        <W> Check discrepancy in gamma energies:
                                                                                          this energy=1228.4      Adopted=1225.5
 34AR  L 4644.1    9  4+                                                        
         *                                                                        <W> level not placed in Adopted or discrepant.
                                                                                        closest level in Adopted:
                                                                                        4631       4                     XREF=BE
 34AR  G 2552.4    8  25.1   16 Q                                               
         *                                                                        <W> Similar gammas placed differently in Adopted:
                                                                                        2540           from level=4631        JPI=                    
 34AR  L 4851.9    8  3+                                                        
         *                                                                        <W> level not placed in Adopted or discrepant.
                                                                                        closest level in Adopted:
                                                                                        4865       4                     XREF=BE
 34AR  G 1562.8    7  5.8    4                                                  
         *                                                                        <W> No matching gamma within 5 keV found in Adopted
 34AR  G 2759.9    12 11.8   9                                                  
         *                                                                        <W> No matching gamma within 5 keV found in Adopted
 34AR  L 4881.4    12 2+                                                        
         *                                                                        <W> level not placed in Adopted or discrepant.
                                                                                        closest level in Adopted:
                                                                                        4865       4                     XREF=BE
 34AR  G 1592.5    17 1.4    2                                                  
         *                                                                        <W> No matching gamma within 5 keV found in Adopted
 34AR  G 2788.9    19 4.4    5                                                  
         *                                                                        <W> No matching gamma within 5 keV found in Adopted
 34AR  G 4881.9    24 3.6    6                                                  
         *                                                                        <W> No matching gamma within 5 keV found in Adopted
 34AR  L 4963.7    13 0+                                                        
         *                                                                        <E> Tag=?3 of this dataset missing in XREF of matched Adopted Level=4967
 34AR  L 4966.9    11 2-                                                        
         *                                                                        <E> Tag=?3 of this dataset missing in XREF of matched Adopted Level=4967
                     *                                                            <W> JPI here contradicts to adopted. Please check
                                                                                        Adopted JPI=0+ this JPI=2-
 34AR  L 5061.8    8  1+                                                        
         *                                                                        <W> level not placed in Adopted or discrepant.
                                                                                        closest level in Adopted:
                                                                                        4967       4 0+                  XREF=ABE
 34AR  G 1771.8    11 5.0    4                                                  
         *                                                                        <W> No matching gamma within 5 keV found in Adopted

################################################################################
In dataset of 34AR: X?4 32S(3HE,NG)     XREF Tag=?4

 34AR  L 0.0          0+                                                        
         *                                                                        <E> Tag=?4 of this dataset missing in XREF of matched Adopted Level=0
 34AR  L 2091.0    4  2+               139 FS    35                             
         *                                                                        <E> Tag=?4 of this dataset missing in XREF of matched Adopted Level=2091.1
 34AR  L 3287.5    6  2+               104 FS    42                             
         *                                                                        <E> Tag=?4 of this dataset missing in XREF of matched Adopted Level=3287.7
 34AR  L 3873      3  0+               416 FS    GT                             
         *                                                                        <E> Tag=?4 of this dataset missing in XREF of matched Adopted Level=3873
 34AR  L 4127.4    11 (2)+             243 FS    LT                             
         *                                                                        <E> Tag=?4 of this dataset missing in XREF of matched Adopted Level=4127.8
 34AR  L 4513.5    8  3                201 FS    55                             
         *                                                                        <E> Tag=?4 of this dataset missing in XREF of matched Adopted Level=4513.2
 34AR  L 4631      4                                                        G   
         *                                                                        <E> Tag=?4 of this dataset missing in XREF of matched Adopted Level=4631
 34AR  L 4865      4                                                        G   
         *                                                                        <E> Tag=?4 of this dataset missing in XREF of matched Adopted Level=4865
 34AR  L 4967      4                                                        G   
         *                                                                        <E> Tag=?4 of this dataset missing in XREF of matched Adopted Level=4967
 34AR  L 5255      4                                                        G   
         *                                                                        <E> Tag=?4 of this dataset missing in XREF of matched Adopted Level=5255
 34AR  L 5542      4                                                        G   
         *                                                                        <E> Tag=?4 of this dataset missing in XREF of matched Adopted Level=5542

################################################################################
In dataset of 34AR: XB 36AR(P,T)     XREF Tag=B

 34AR  L 5262      15                                                           
         *                                                                        <E> Tag=B of this dataset missing in XREF of matched Adopted Level=5255
 34AR  L 5535      18                                                           
         *                                                                        <E> Tag=B of this dataset missing in XREF of matched Adopted Level=5542
 34AR  L 5629.6    45                                                           
         *                                                                        <E> Tag=B of this dataset missing in XREF of matched Adopted Level=5620
 34AR  L 6641      14                                                           
         *                                                                        <W> level not placed in Adopted.
                                                                                        closest level in Adopted:
                                                                                        6525       9 2+                  XREF=AB
 34AR  L 6723      22                                                           
         *                                                                        <W> level not placed in Adopted.
                                                                                        closest level in Adopted:
                                                                                        6794      11                     XREF=AB
 34AR  L 6917      5                                                            
         *                                                                        <W> level not placed in Adopted.
                                                                                        closest level in Adopted:
                                                                                        6990      50                     XREF=A
 34AR  L 7072      8                                                            
         *                                                                        <W> level not placed in Adopted.
                                                                                        closest level in Adopted:
                                                                                        6990      50                     XREF=A
 34AR  L 7276      2                                                            
         *                                                                        <W> level not placed in Adopted.
                                                                                        closest level in Adopted:
                                                                                        7322       6 2+                  XREF=AB
 34AR  L 8166      3                                                            
         *                                                                        <W> level not placed in Adopted.
                                                                                        closest level in Adopted:
                                                                                        7925       5                     XREF=B
 34AR  L 8660      9                                                            
         *                                                                        <W> level not placed in Adopted.
                                                                                        closest level in Adopted:
                                                                                        7925       5                     XREF=B
 34AR  L 8746      8                                                            
         *                                                                        <W> level not placed in Adopted.
                                                                                        closest level in Adopted:
                                                                                        7925       5                     XREF=B
 34AR  L 8899      8                                                            
         *                                                                        <W> level not placed in Adopted.
                                                                                        closest level in Adopted:
                                                                                        7925       5                     XREF=B
 34AR  L 9004      4                                                            
         *                                                                        <W> level not placed in Adopted.
                                                                                        closest level in Adopted:
                                                                                        7925       5                     XREF=B
 34AR  L 9148      22                                                           
         *                                                                        <W> level not placed in Adopted.
                                                                                        closest level in Adopted:
                                                                                        7925       5                     XREF=B
 34AR  L 9226      18                                                           
         *                                                                        <W> level not placed in Adopted.
                                                                                        closest level in Adopted:
                                                                                        7925       5                     XREF=B
 34AR  L 9549      16                                                           
         *                                                                        <W> level not placed in Adopted.
                                                                                        closest level in Adopted:
                                                                                        7925       5                     XREF=B

################################################################################
In dataset of 34AR: X?5 COULOMB EXCITATION     XREF Tag=?5

 34AR  L 0.0          0+                                                        
         *                                                                        <E> Tag=?5 of this dataset missing in XREF of matched Adopted Level=0
 34AR  L 2091      2  2+                                                        
         *                                                                        <E> Tag=?5 of this dataset missing in XREF of matched Adopted Level=2091.1


End of report
