Program for consistency check: output for Error and Warnings (version 05/07/2026)
Generated at: Wed 05/20/2026 at 07:00:46 PM EDT

################################################################################
In Adopted dataset of 34MG

 34MG  XB35NA B-N DECAY (1.5 MS)
         *                                                                        <E> DSID in XREF list does not match DSID in the dataset:
                                                                                          35NA B-N DECAY (2.1 MS)
 34MG  L 0            0+               20 MS     10                             
 34MGX L XREF=CDE
         *                                                                        <W> No input dataset with XREF tag=D for DSID=9BE(36SI,XG)
                                                                                      No input dataset with XREF tag=C for DSID=34MG(P,P'G)
 34MG  L 660       7   2+               40 PS    8                              
 34MGX L XREF=CDE
         *                                                                        <W> No input dataset with XREF tag=D for DSID=9BE(36SI,XG)
                                                                                      No input dataset with XREF tag=C for DSID=34MG(P,P'G)
 34MG  G 660       7                                                            
                     *                                                            <W> Check if RI=100 can be assigned to the single branch
 34MG  L 2120      22   (4+)                                                   ?
 34MGX L XREF=D
         *                                                                        <W> No input dataset with XREF tag=D for DSID=9BE(36SI,XG)

################################################################################
In dataset of 34MG: XB 35NA B-N DECAY (2.1 MS)     XREF Tag=B

 34MG  L 0                                                                      
         *                                                                        <E> Tag=B of this dataset missing in XREF of matched Adopted Level=0
                     *                                                            <W> JPI here inconsistent with adopted
                                                                                        Adopted JPI=0+ this JPI=
 34MG  L 661                                                                   ?
         *                                                                        <W> Tag=B of this dataset missing in XREF of matched Adopted Level=660
                     *                                                            <W> JPI here inconsistent with adopted
                                                                                        Adopted JPI=2+ this JPI=

################################################################################
In dataset of 34MG: X?0 1H(34MG,34MG'G)     XREF Tag=?0

 34MG  L 0                                                                      
         *                                                                        <E> Tag=?0 of this dataset missing in XREF of matched Adopted Level=0
 34MG  L 658       4                                                            
         *                                                                        <E> Tag=?0 of this dataset missing in XREF of matched Adopted Level=660
 34MG  L 2011      28                                                           
         *                                                                        <W> level not placed in Adopted.
                                                                                        closest level in Adopted:
                                                                                        2120      22 (4+)                XREF=D
 34MG  G 1353      28                                                           
         *                                                                        <W> No matching gamma within 5 keV found in Adopted
 34MG  L 3194      34                                                           
         *                                                                        <W> level not placed in Adopted.
                                                                                        closest level in Adopted:
                                                                                        2120      22 (4+)                XREF=D
 34MG  G 2536      34                                                           
         *                                                                        <W> No matching gamma within 5 keV found in Adopted

################################################################################
In dataset of 34MG: X?1 9BE(36SI,34MGG)     XREF Tag=?1

 34MG  L 0            0+                                                        
         *                                                                        <E> Tag=?1 of this dataset missing in XREF of matched Adopted Level=0
 34MG  L 660       10 (2+)                                                      
         *                                                                        <E> Tag=?1 of this dataset missing in XREF of matched Adopted Level=660
 34MG  L 2120      23 (4+)                                                      
         *                                                                        <E> Tag=?1 of this dataset missing in XREF of matched Adopted Level=2120

################################################################################
In dataset of 34MG: X?2 C(37AL,34MGG)     XREF Tag=?2

 34MG  L 0            0+                                                        
         *                                                                        <E> Tag=?2 of this dataset missing in XREF of matched Adopted Level=0
 34MG  L 652       6  (2+)                                                      
         *                                                                        <E> Tag=?2 of this dataset missing in XREF of matched Adopted Level=660
 34MG  L 2047      16 (4+)                                                      
         *                                                                        <W> level not placed in Adopted.
                                                                                        closest level in Adopted:
                                                                                        2120      22 (4+)                XREF=D
 34MG  G 1395      15                                                           
         *                                                                        <W> No matching gamma within 5 keV found in Adopted
 34MG  L 3131      22                                                           
         *                                                                        <W> level not placed in Adopted.
                                                                                        closest level in Adopted:
                                                                                        2120      22 (4+)                XREF=D
 34MG  G 2480      30                                                           
         *                                                                        <W> No matching gamma within 5 keV found in Adopted
 34MG  G 3130      30                                                           
         *                                                                        <W> No matching gamma within 5 keV found in Adopted

################################################################################
In dataset of 34MG: XE COULOMB EXCITATION     XREF Tag=E

 34MG  L 2117                                                                  ?
         *                                                                        <W> Tag=E of this dataset missing in XREF of matched Adopted Level=2120


End of report
