Java program for checking keynumbers (update 11/11/2025): error report
Generated at: Fri 05/08/2026 at 12:18:23 AM EDT



*** In dataset:  35  : COMMENTS

--- Line 37: ------------------------------- line#=37   in  35  : COMMENTS
   2014Pr09  : <W> probably irrelevant. Check if typo.
                   #title=Nuclear Science References Database

--- Line 59: ------------------------------- line#=59   in  35  : COMMENTS
   1962En05  : <W> probably irrelevant. Check if typo.
                   #title=Energy Levels of Light Nuclei. III Z = 11 to Z = 20
                   similar keynumber(s) nearby: 1967En05
   1957En01  : <W> probably irrelevant. Check if typo.
                   #title=Energy Levels of Light Nuclei (Z = 11 to Z = 20). II.
                   similar keynumber(s) nearby: 1967En05
   1954En19  : <W> probably irrelevant. Check if typo.
                   #title=Energy Levels of Light Nuclei (Z = 11 to Z = 20)



*** In dataset:  35MG: ADOPTED LEVELS, GAMMAS

--- Line 300: ------------------------------ line#=67   in  35MG: ADOPTED LEVELS, GAMMAS
   2008ReZZ  : <W> probably irrelevant. Check if typo.
                   #title=
             Also in: Line 313 in file ---> line#=80   in dataset: 2008ReZZ



*** In dataset:  35AL: ADOPTED LEVELS, GAMMAS

--- Line 613: ------------------------------ line#=47   in  35AL: ADOPTED LEVELS, GAMMAS
   2008ReZZ  : <W> probably irrelevant. Check if typo.
                   #title=
             Also in: Line 662 in file ---> line#=96   in dataset: 2008ReZZ
                      Line 667 in file ---> line#=101  in dataset: 2008ReZZ



*** In dataset:  35SI: ADOPTED LEVELS, GAMMAS

--- Line 1031: ----------------------------- line#=69   in  35SI: ADOPTED LEVELS, GAMMAS
   2008ReZZ  : <W> probably irrelevant. Check if typo.
                   #title=



*** In dataset:  35SI: 35AL B- DECAY (38.1 MS)

--- Line 1158: ----------------------------- line#=36   in  35SI: 35AL B- DECAY (38.1 MS)
   2008ReZZ  : <W> probably irrelevant. Check if typo.
                   #title=



*** In dataset:  35SI: 36AL B-N DECAY (12.0 MS)

--- Line 1296: ----------------------------- line#=25   in  35SI: 36AL B-N DECAY (12.0 MS)
   2008ReZZ  : <W> probably irrelevant. Check if typo.
                   #title=
             Also in: Line 1302 in file ---> line#=31   in dataset: 2008ReZZ



*** In dataset:  35P : 1H(34SI,P):RESONANCES

--- Line 2012: ----------------------------- line#=25   in  35P : 1H(34SI,P):RESONANCES
   1968Th07  : <W> probably irrelevant. Check if typo.
                   #title=Neutron Spectroscopic Factors from Isobaric Analog States



*** In dataset:  35P : 36S(D,3HE)

--- Line 2244: ----------------------------- line#=17   in  35P : 36S(D,3HE)
   1966Ba54  : <W> probably irrelevant. Check if typo.
                   #title=Normalization of and Finite-Range Effects in ({+3}He,d) and
                          (t,d) Reactions



*** In dataset:  35P : 36S(POL D,3HE)

--- Line 2274: ----------------------------- line#=18   in  35P : 36S(POL D,3HE)
   1966Ba54  : <W> probably irrelevant. Check if typo.
                   #title=Normalization of and Finite-Range Effects in ({+3}He,d) and
                          (t,d) Reactions



*** In dataset:  35P : 208PB(36S,35PG) E=230 MEV

--- Line 2425: ----------------------------- line#=6    in  35P : 208PB(36S,35PG) E=230 MEV
   2010WiZZ  : <W> probably irrelevant. Check if typo.
                   #title=
             Also in: Line 2440 in file ---> line#=21   in dataset: 2010WiZZ
                      Line 2442 in file ---> line#=23   in dataset: 2010WiZZ
                      Line 2467 in file ---> line#=48   in dataset: 2010WiZZ



*** In dataset:  35S : ADOPTED LEVELS, GAMMAS

--- Line 2543: ----------------------------- line#=58   in  35S : ADOPTED LEVELS, GAMMAS
   2018Py01  : <W> probably irrelevant. Check if typo.
                   #title=Year-2017 nuclear quadrupole moments
             Also in: Line 2555 in file ---> line#=70   in dataset: 2018Py01

--- Line 2549: ----------------------------- line#=64   in  35S : ADOPTED LEVELS, GAMMAS
   1959Ca12  : <W> probably irrelevant. Check if typo.
                   #title=Direct Determination of the Half-Lives of Nine Nuclides
                   similar keynumber(s) nearby: 1949Co12



*** In dataset:  35CL: ADOPTED LEVELS, GAMMAS

--- Line 5336: ----------------------------- line#=11   in  35CL: ADOPTED LEVELS, GAMMAS
   1919As01  : <W> probably irrelevant. Check if typo.
                   #title=The Constitution of the Elements

--- Line 5407: ----------------------------- line#=82   in  35CL: ADOPTED LEVELS, GAMMAS
   2013Ja17  : <W> probably irrelevant. Check if typo.
                   #title=Spin-rotation and NMR shielding constants in HCl
             Also in: Line 5412 in file ---> line#=87   in dataset: 2013Ja17

--- Line 5408: ----------------------------- line#=83   in  35CL: ADOPTED LEVELS, GAMMAS
   2008Py02  : <W> probably irrelevant. Check if typo.
                   #title=Year-2008 nuclear quadrupole moments
             Also in: Line 5413 in file ---> line#=88   in dataset: 2008Py02

--- Line 5411: ----------------------------- line#=86   in  35CL: ADOPTED LEVELS, GAMMAS
   1948To10  : <W> probably irrelevant. Check if typo.
                   #title=Microwave Spectra of Some Linear X Y Z Molecules

--- Line 5459: ----------------------------- line#=134  in  35CL: ADOPTED LEVELS, GAMMAS
   1962Bo17  : <W> probably irrelevant. Check if typo.
                   #title=Nuclear Resonance Scattering of Bremsstrahlung



*** In dataset:  35CL: 34S(3HE,D)

--- Line 13574: ---------------------------- line#=45   in  35CL: 34S(3HE,D)
   1966Ba54  : <W> probably irrelevant. Check if typo.
                   #title=Normalization of and Finite-Range Effects in ({+3}He,d) and
                          (t,d) Reactions



*** In dataset:  35CL: 35CL(G,G')

--- Line 13706: ---------------------------- line#=1    in  35CL: 35CL(G,G')
   1962BO17  : <W> probably irrelevant. Check if typo.
                   #title=Nuclear Resonance Scattering of Bremsstrahlung
             Also in: Line 13718 in file ---> line#=13   in dataset: 1962Bo17
                      Line 13741 in file ---> line#=36   in dataset: 1962Bo17
                      Line 13744 in file ---> line#=39   in dataset: 1962Bo17
                      Line 13746 in file ---> line#=41   in dataset: 1962Bo17
                      Line 13749 in file ---> line#=44   in dataset: 1962Bo17



*** In dataset:  35CL: 36AR(POL D,3HE)

--- Line 14146: ---------------------------- line#=26   in  35CL: 36AR(POL D,3HE)
   1966Ba54  : <W> probably irrelevant. Check if typo.
                   #title=Normalization of and Finite-Range Effects in ({+3}He,d) and
                          (t,d) Reactions



*** In dataset:  35CL: 36AR(D,3HE)

--- Line 14225: ---------------------------- line#=15   in  35CL: 36AR(D,3HE)
   1966Ba54  : <W> probably irrelevant. Check if typo.
                   #title=Normalization of and Finite-Range Effects in ({+3}He,d) and
                          (t,d) Reactions



*** In dataset:  35AR: ADOPTED LEVELS, GAMMAS

--- Line 14439: ---------------------------- line#=69   in  35AR: ADOPTED LEVELS, GAMMAS
   1959Al10  : <W> probably irrelevant. Check if typo.
                   #title=Determination of the Beta-Decay Interaction from
                          Electron-Neutrino Angular Correlation Measurements



*** In dataset:  35AR: 35K EC+B+ DECAY (175 MS)

--- Line 14780: ---------------------------- line#=60   in  35AR: 35K EC+B+ DECAY (175 MS)
   1977Ha51  : <W> probably irrelevant. Check if typo.
                   #title=The essential decay of pandemonium: A demonstration of errors
                          in complex beta-decay schemes



*** In dataset:  35AR: 36AR(D,T)

--- Line 15470: ---------------------------- line#=31   in  35AR: 36AR(D,T)
   1966Ba54  : <W> probably irrelevant. Check if typo.
                   #title=Normalization of and Finite-Range Effects in ({+3}He,d) and
                          (t,d) Reactions




--------------------------------------------------------------------------------
Keynumbers that are probably irrelevant to the nuclides in input files:
(probably due to mistyping if so): total number=17

1919As01:  35CL  title= The Constitution of the Elements
1948To10:  35CL  title= Microwave Spectra of Some Linear X Y Z Molecules
1954En19:  35    title= Energy Levels of Light Nuclei (Z = 11 to Z = 20)
1957En01:  35    title= Energy Levels of Light Nuclei (Z = 11 to Z = 20). II.
1959Al10:  35AR  title= Determination of the Beta-Decay Interaction from Electron-Neutrino Angular Correlation Measurements
1959Ca12:  35S   title= Direct Determination of the Half-Lives of Nine Nuclides
1962Bo17:  35CL  title= Nuclear Resonance Scattering of Bremsstrahlung
1962En05:  35    title= Energy Levels of Light Nuclei. III Z = 11 to Z = 20
1966Ba54:  35P   title= Normalization of and Finite-Range Effects in ({+3}He,d) and (t,d) Reactions
1968Th07:  35P   title= Neutron Spectroscopic Factors from Isobaric Analog States
1977Ha51:  35AR  title= The essential decay of pandemonium: A demonstration of errors in complex beta-decay schemes
2008Py02:  35CL  title= Year-2008 nuclear quadrupole moments
2008ReZZ:  35MG  title= 
                 reference=Priv.Com. (2008)
2010WiZZ:  35P   title= 
                 reference=Priv.Comm. (2010)
2013Ja17:  35CL  title= Spin-rotation and NMR shielding constants in HCl
2014Pr09:  35    title= Nuclear Science References Database
2018Py01:  35S   title= Year-2017 nuclear quadrupole moments
