 35CL    1969IN04                      1969IN04                                 
 35CL PN                                                                     7  
 35CL  L 0                                                                      
 35CL  L 1219.3    6                   0.21 PS   +10-8                          
 35CL  G 1219.3    6  100                                                       
 35CL  L 1763.2    6                   0.55 PS   15                             
 35CL  G 543.9        0.5    LT                                                 
 35CL  G 1763.2    6  100                                                       
 35CL  L 2646.2    15                  0.30 PS   9                              
 35CL  G 883.0        15                                                        
 35CL  G 1426.9       1      LT                                                 
 35CL  G 2646.2    15 85                                                        
 35CL  L 2694.6    15                  0.03 PS   LT                             
 35CL  G 931.4        15                                                        
 35CL  G 1475.3       8                                                         
 35CL  G 2694.5       77                                                        
 35CL  L 3003      2                   0.05 PS   LT                             
 35CL  G 308          5      LT                                                 
 35CL  G 357          1      LT                                                 
 35CL  G 1240         2      LT                                                 
 35CL  G 1784         2      LT                                                 
 35CL  G 3003      2  100                                                       
 35CL  L 3163      2                   60 PS     7                              
 35CL  G 160          0.5    LT                                                 
 35CL  G 468          0.5    LT                                                 
 35CL  G 517          8                                                         
 35CL  G 1400         1      LT                                                 
 35CL  G 3163      2  92                                                        
                                                                                
