 35CL    1972Hu10                      1972Hu10                                 
 35CL cL S$LABEL=E{-p}(lab) (keV)                                               
 35CL PN                                                                     7  
 35CL  L 716.0     7                                            716.0     7     
 35CL cL $|w|g=0.2 eV {I1} (1972Hu10)                                           
 35CL  L 754.1     7                                            754.1     7     
 35CL cL $|w|g=0.5 eV {I3} (1972Hu10)                                           
 35CL  L 831.5     8                                            831.5     8     
 35CL cL $|w|g=0.4 eV {I2} (1972Hu10)                                           
 35CL  L 848.2     7                                            848.2     7     
 35CL cL $|w|g=1.1 eV {I3} (1972Hu10)                                           
 35CL  L 880.5     8                                            880.5     8     
 35CL cL $|w|g=0.4 eV {I2} (1972Hu10)                                           
 35CL  L 889.0     8                                            889.0     8     
 35CL cL $|w|g=1.3 eV {I4} (1972Hu10)                                           
 35CL  L 928.2     9                                            928.2     9     
 35CL cL $|w|g=1.4 eV {I4} (1972Hu10)                                           
 35CL  L 1020.4    8                                            1020.4    8     
 35CL cL $|w|g=3.2 eV {I10} (1972Hu10)                                          
 35CL  L 1054.9    10                                           1054.9    10    
 35CL cL $|w|g=0.4 eV {I2} (1972Hu10)                                           
 35CL  L 1112.2    10                                           1112.2    10    
 35CL cL $|w|g=0.3 eV {I2} (1972Hu10)                                           
 35CL  L 1165                                                   1165            
 35CL cL $|w|g=0.6 eV {I3} (1972Hu10)                                           
 35CL  L 1166                                                   1166            
 35CL  L 1183.2    11                                           1183.2    11    
 35CL cL $|w|g=0.2 eV {I1} (1972Hu10)                                           
 35CL  L 1213.7    10                                           1213.7    10    
 35CL cL $|w|g=21 eV {I3} (1972Hu10)                                            
 35CL  L 1225.6    10                                           1225.6    10    
 35CL cL $|w|g=1.5 eV {I5} (1972Hu10)                                           
 35CL  L 1266.5    10                                           1266.5    10    
 35CL cL $|w|g=3.2 eV {I10} (1972Hu10)                                          
 35CL  L 1285.5    11                                           1285.5    11    
 35CL cL $|w|g=1.2 eV {I4} (1972Hu10)                                           
 35CL  L 1323.7    12                                           1323.7    12    
 35CL cL $|w|g=0.5 eV {I3} (1972Hu10)                                           
 35CL  L 1339.8    11                                           1339.8    11    
 35CL cL $|w|g=1.5 eV {I5} (1972Hu10)                                           
 35CL  L 1353.7    11                                           1353.7    11    
 35CL cL $|w|g=2.5 eV {I8} (1972Hu10)                                           
 35CL  L 1362.4    12                                           1362.4    12    
 35CL cL $|w|g=0.4 eV {I2} (1972Hu10)                                           
 35CL  L 1375.7    11                                           1375.7    11    
 35CL cL $|w|g=3.7 eV {I11} (1972Hu10)                                          
 35CL  L 1415.6    12                                           1415.6    12    
 35CL cL $|w|g=1.3 eV {I4} (1972Hu10)                                           
 35CL  L 1449.0    11                                           1449.0    11    
 35CL cL $|w|g=1.5 eV {I5} (1972Hu10)                                           
 35CL  L 1453.6    11                                           1453.6    11    
 35CL cL $|w|g=0.8 eV {I4} (1972Hu10)                                           
 35CL  L 1469.6    12                                           1469.6    12    
 35CL cL $|w|g=1.5 eV {I5} (1972Hu10)                                           
 35CL  L 1510                                                   1510            
 35CL cL $|w|g=11 eV {I3} (1972Hu10)                                            
 35CL  L 1542.3    13                                           1542.3    13    
 35CL cL $|w|g=0.5 eV {I3} (1972Hu10)                                           
 35CL  L 1554.9    12                                           1554.9    12    
 35CL cL $|w|g=1.6 eV {I5} (1972Hu10)                                           
 35CL  L 1574.4    12                                           1574.4    12    
 35CL cL $|w|g=1.4 eV {I4} (1972Hu10)                                           
 35CL  L 1598.9    13                                           1598.9    13    
 35CL cL $|w|g=0.8 eV {I4} (1972Hu10)                                           
 35CL  L 1647.3    12                                           1647.3    12    
 35CL cL $|w|g=1.2 eV {I4} (1972Hu10)                                           
 35CL  L 1665.2    12                                           1665.2    12    
 35CL cL $|w|g=1.5 eV {I5} (1972Hu10)                                           
 35CL  L 1673.7    11                                           1673.7    11    
 35CL cL $|w|g=2.7 eV {I8} (1972Hu10)                                           
 35CL  L 1679.7    11                                           1679.7    11    
 35CL cL $|w|g=4.1 eV {I12} (1972Hu10)                                          
 35CL  L 1684.3    13                                           1684.3    13    
 35CL cL $|w|g=4.5 eV {I14} (1972Hu10)                                          
 35CL  L 1714.0    11                                           1714.0    11    
 35CL cL $|w|g=0.9 eV {I5} (1972Hu10)                                           
 35CL  L 1717.9    11                                           1717.9    11    
 35CL cL $|w|g=3.5 eV {I11} (1972Hu10)                                          
 35CL  L 1756.0    10                                           1756.0    10    
 35CL cL $|w|g=1.6 eV {I5} (1972Hu10)                                           
 35CL  L 1776.7    11                                           1776.7    11    
 35CL cL $|w|g=2.5 eV {I8} (1972Hu10)                                           
 35CL  L 1787.7    11                                           1787.7    11    
 35CL cL $|w|g=4.2 eV {I13} (1972Hu10)                                          
 35CL  L 1794.8    13                                           1794.8    13    
 35CL cL $|w|g=1.2 eV {I4} (1972Hu10)                                           
 35CL  L 1829.1    13                                           1829.1    13    
 35CL cL $|w|g=2.4 eV {I7} (1972Hu10)                                           
 35CL  L 1839.0    12                                           1839.0    12    
 35CL cL $|w|g=2.1 eV {I6} (1972Hu10)                                           
 35CL  L 1862.7    13                                           1862.7    13    
 35CL cL $|w|g=0.8 eV {I4} (1972Hu10)                                           
 35CL  L 1893.2    11                                           1893.2    11    
 35CL cL $|w|g=8.0 eV {I24} (1972Hu10)                                          
 35CL  L 1901.8    11                                           1901.8    11    
 35CL cL $|w|g=6.2 eV {I19} (1972Hu10)                                          
 35CL  L 1928.2    13                                           1928.2    13    
 35CL cL $|w|g=1.9 eV {I6} (1972Hu10)                                           
 35CL  L 1955.9    13                                           1955.9    13    
 35CL cL $|w|g=1.8 eV {I5} (1972Hu10)                                           
 35CL  L 1964.1    14                                           1964.1    14    
 35CL cL $|w|g=1.6 eV {I5} (1972Hu10)                                           
 35CL  L 1970.0    13                                           1970.0    13    
 35CL cL $|w|g=2.4 eV {I7} (1972Hu10)                                           
 35CL  L 1975.6    13                                           1975.6    13    
 35CL cL $|w|g=2.9 eV {I9} (1972Hu10)                                           
 35CL  L 1986.0    13                                           1986.0    13    
 35CL cL $|w|g=4.0 eV {I12} (1972Hu10)                                          
 35CL  L 2006.7    12                                           2006.7    12    
 35CL cL $|w|g=4.2 eV {I13} (1972Hu10)                                          
 35CL  L 2010.5    13                                           2010.5    13    
 35CL cL $|w|g=1.0 eV {I3} (1972Hu10)                                           
 35CL  L 2073.5    12                                           2073.5    12    
 35CL cL $|w|g=14.1 eV {I42} (1972Hu10)                                         
 35CL  L 2080.0    14                                           2080.0    14    
 35CL cL $|w|g=0.6 eV {I3} (1972Hu10)                                           
 35CL  L 2096.6    12                                           2096.6    12    
 35CL cL $|w|g=6.4 eV {I19} (1972Hu10)                                          
 35CL  L 2101.0    14                                           2101.0    14    
 35CL cL $|w|g=3.6 eV {I11} (1972Hu10)                                          
                                                                                
