 35CL    1981Bi05                      1981Bi05                                 
 35CL cL S$LABEL=E{-p}(lab) (keV)                                               
 35CL PN                                                                     7  
 35CL  L 1219.44   7                                                            
 35CL  L 1763.14   4                                                            
 35CL  L 2645.71   8                                                            
 35CL  L 2693.8    3                                                            
 35CL  L 3002.74   8                                                            
 35CL  L 3162.99   6                                                            
 35CL  L 3918.48   7                                                            
 35CL  L 3942.9    2                                                            
 35CL  L 4059.2    3                                                            
 35CL  L 4173.45   19                                                           
 35CL  L 4177.9    2                                                            
 35CL  L 4347.76   6                                                            
 35CL  L 4624.4    3                                                            
 35CL  L 4769.90   15                                                           
 35CL  L 4839.09   11                                                           
 35CL  L 4881.14   20                                                           
 35CL  L 5163.31   14                                                           
 35CL  L 5723.52   18                                                           
