Program for consistency check: output for Error and Warnings (version 05/07/2026)
Generated at: Thu 05/07/2026 at 10:14:47 PM EDT

################################################################################
In Adopted dataset of 35CL

 35CL cL BAND(E)$Band based on 13/2+.                                           
         *                                                                        <W> No in-band transition from member level=11459.1 to 10858.5
                                                                                      No in-band transition from member level=8844.4 to 8788.3
 35CL  L 2645.67   8  7/2+             0.159 PS  21                             
 35CLX L XREF=BFGHIL(*)MOQRTUY(2650*)ab
                     *                                                            <W> Check if * is on a single appearance of a XREF tag=L
 35CL  L 3918.47   12 3/2+             4.9 FS    14                             
 35CLX L XREF=BMOR(3908)SU(3930)X(3948*)
                                      *                                           <W> Check if * is on a single appearance of a XREF tag=X
 35CL  L 3967.6    4  1/2+             11.8 FS   28                             
 35CLX L XREF=BMORX(3948*)
                        *                                                         <W> Check if * is on a single appearance of a XREF tag=X
 35CL  L 4839.10   11 (1/2+,3/2)       9.7 FS    35                             
 35CL  G 2193.36      5.1    LT                                                ?
                     *                                                            <W> check Jf&Ji for deltaJ>2 for gamma=2193.36
                                                                                        JI=(1/2+,3/2) JF(2645.67)=7/2+
 35CL  L 5009.1    18 (1/2,3/2)        7.6 FS    21                             
 35CL  G 1846.2       50     LT                                                ?
                     *                                                            <W> check Jf&Ji for deltaJ>2 for gamma=1846.2
                                                                                        JI=(1/2,3/2) JF(3162.87)=7/2-
 35CL  G 2363.3       5      LT                                                ?
                     *                                                            <W> check Jf&Ji for deltaJ>2 for gamma=2363.3
                                                                                        JI=(1/2,3/2) JF(2645.67)=7/2+
 35CL  L 5163.34   22 7/2-                                                      
 35CL  G 3943.72      23     LT                                                ?
                               *                                                  <W> large deltaJ=3 ([E3]), but no Mult is given
                                                                                        JI=7/2- JF(1219.38)=1/2+
 35CL  L 5646      2  (5/2,7/2,9/2+)   2.8 FS    7                              
 35CL  G 5646         8      LT                                                 
                     *                                                            <W> check Jf&Ji for deltaJ>2 for gamma=5646
                                                                                        JI=(5/2,7/2,9/2+) JF(0.0)=3/2+
 35CL  L 6106.2    21 (3/2,5/2+)       8.3 FS    21                             
 35CLX L XREF=L(6104*)OW(6140*)X(6136*)
                    *                                                             <W> Check if * is on a single appearance of a XREF tag=L
 35CL  L 7671.9    8  5/2+                                                      
 35CLX L XREF=L(*)OP(7686*)
                *                                                                 <W> Check if * is on a single appearance of a XREF tag=L
                         *                                                        <W> Check if * is on a single appearance of a XREF tag=P
 35CL  L 7837.2    10 3/2-             3.7 KEV   4                              
 35CL  G 3894.1       1.4                                                   Y  ?
                               *                                                  <W> large deltaJ=3 ([E3]), but no Mult is given
                                                                                        JI=3/2- JF(3942.9)=9/2+
 35CL  L 8216.3    10 5/2+             0.014 KEV 3                              
 35CLX L XREF=L(*)OPW(8210*)X(8204*)
                *                                                                 <W> Check if * is on a single appearance of a XREF tag=L
                          *                                                       <W> Check if * is on a single appearance of a XREF tag=W
                                  *                                               <W> Check if * is on a single appearance of a XREF tag=X
 35CL  L 8298.2    5  3/2+                                                      
 35CLX L XREF=L(8292*)O
                    *                                                             <W> Check if * is on a single appearance of a XREF tag=L
 35CL  L 8416.7    5  1/2+             0.026 KEV 7                              
 35CL  G 4473.5       8.6                                                       
                               *                                                  <W> large deltaJ=4 ([E4]), but no Mult is given
                                                                                        JI=1/2+ JF(3942.9)=9/2+
 35CL  G 5770.5       23                                                        
                               *                                                  <W> large deltaJ=3 ([M3]), but no Mult is given
                                                                                        JI=1/2+ JF(2645.67)=7/2+
 35CL  L 8829.3    5  1/2-             12.2 KEV  12                             
 35CL  G 6183.0       100    24                                                 
                               *                                                  <W> large deltaJ=3 ([E3]), but no Mult is given
                                                                                        JI=1/2- JF(2645.67)=7/2+
 35CL  L 8838.1    5  5/2-,7/2-        0.001 KEV 1                              
 35CLX L XREF=L(*)OP(8839)
                *                                                                 <W> Check if * is on a single appearance of a XREF tag=L
 35CL  L 16306.4   16 (27/2-)          9.0 FS    LT                         D   
 35CL  G 3734.0                                                                 
                     *                                                            <W> Check if RI=100 can be assigned to the single branch

################################################################################
In dataset of 35CL: XB 35AR EC DECAY (1.7755 S)     XREF Tag=B

 35CL  L 2645.1    10 7/2+             0.159 PS  21                             
 35CL  E             0.00146 LT 2.82E-5LT 8.3    GT             0.00149   LT    
         *                                                                        <W> Decay branch is less likely. Please check.
                                                                                        parent JPI=3/2+ this JPI=7/2+
                                                                                        spin change=2 parity change=no
 35CL  L 3918.3    15 3/2+             4.9 FS    14                             
 35CL  G 916                                                                   ?
         *                                                                        <W> Similar gammas placed differently in Adopted:
                                                                                        915.4(4)       from level=8788.3      JPI=(15/2+)             
 35CL  G 1225                                                                  ?
         *                                                                        <W> Similar gammas placed differently in Adopted:
                                                                                        1219.4(1)      from level=1219.38     JPI=1/2+                
 35CL  L 3967.9    6  1/2+             11.8 FS   28                             
 35CL  G 965          0.87   LT                                             X  ?
         *                                                                        <W> Similar gammas placed differently in Adopted:
                                                                                        971(1)         from level=6380.2      JPI=(9/2-)              
                                                                                        971.38(20)     from level=8844.4      JPI=17/2+               
 35CL  L 4624.5    5  3/2,5/2          40 FS     17                            ?
 35CL  G 1931         0.21   LT                                             X  ?
         *                                                                        <W> Similar gammas placed differently in Adopted:
                                                                                        1932.7         from level=7518.8      JPI=7/2                 
                                                                                        1927           from level=7685.5      JPI=3/2-                
 35CL  G 2861         0.099  LT                                             X  ?
         *                                                                        <W> Similar gammas placed differently in Adopted:
                                                                                        2867.2         from level=7706.4      JPI=5/2+                
                                                                                        2863.7         from level=7744.8      JPI=7/2-                
                                                                                        2859.5         from level=7868.7      JPI=(1/2+,3/2,5/2+)     
                                                                                        2861.3         from level=8075.9      JPI=(5/2)               
 35CL  G 3405                                                                  ?
         *                                                                        <W> Similar gammas placed differently in Adopted:
                                                                                        3400.01        from level=5163.34     JPI=7/2-                
                                                                                        3413.9         from level=8038.4      JPI=1/2+,3/2+           
                                                                                        3396.1         from level=8277.2      JPI=(5/2)+              
                                                                                        3407.4         from level=8416.7      JPI=1/2+                
                                                                                        3408.4         from level=8571.9      JPI=(5/2)+              

################################################################################
In dataset of 35CL: XF 12C(28SI,APG)     XREF Tag=F

 35CL  L 4347.8    6  9/2-             0.91 PS   +21-16                         
 35CL  G 4347         1      LT                                             X   
                               *                                                  <W> large deltaJ=3 ([E3]), but no Mult is given
                                                                                        JI=9/2- JF(0.0)=3/2+
 35CL  L 6119.5    13 (11/2-)                                                  ?
         *                                                                        <W> questionable level not placed in Adopted or discrepant.
                                                                                        closest level in Adopted:
                                                                                        6106.2    21 (3/2,5/2+)          XREF=L(6104*)OW(6140*)X(6136*)
                     *                                                            <E> JPI commented from Adopted but no such Adopted level

################################################################################
In dataset of 35CL: XH 24MG(16O,APG)     XREF Tag=H

 35CL cL BAND(B)$Band based on 7873, 13/2+ level.                               
         *                                                                        <W> No in-band transition from member level=11459.0 to 10859.1
                                                                                      No in-band transition from member level=8844.6 to 8788.9
 35CL  L 4347.8    3  9/2-                                                      
 35CL  G 4347.8    8  5.5    5                                                  
                               *                                                  <W> large deltaJ=3 ([E3]), but no Mult is given
                                                                                        JI=9/2- JF(0)=3/2+

################################################################################
In dataset of 35CL: XL 32S(A,P)     XREF Tag=L

 35CL  L 7301                                                                  ?
         *                                                                        <W> Tag=L of this dataset missing in XREF of matched Adopted Level=7272.7
 35CL  L 7503      4                                                            
         *                                                                        <W> 3 possible matches found in Adopted! Check XREF
                                                                                      #  7496                             XREF=O
                                                                                       @ 7501.1     8 (5/2+,7/2,9/2+)     XREF=L(7503*)O
                                                                                       @ 7502.9     7                     XREF=L(7503*)O
                                                                                      *** Check for possible missing XREF assignment (# marked) of this tag=L
 35CL  L 7730                                                                  ?
         *                                                                        <W> Tag=L of this dataset missing in XREF of matched Adopted Level=7693.9
 35CL  L 7901      4                                                            
         *                                                                        <W> 5 possible matches found in Adopted! Check XREF
                                                                                         7885                             XREF=O
                                                                                         7889.1    15                     XREF=O
                                                                                       @ 7899.2     7 (5/2)               XREF=L(7901*)O
                                                                                      #@ 7903                             XREF=L(7901*)O
                                                                                         7930                             XREF=O
                                                                                      *** Check for possible incorrect XREF assignment (# marked) of this tag=L
 35CL  L 8210.2    46                                                           
         *                                                                        <W> 3 possible matches found in Adopted! Check XREF
                                                                                      #  8208.2    10 5/2+                XREF=OPW(8210)X(8204)
                                                                                       @ 8211       3 1/2+                XREF=LO(8209)P
                                                                                       @ 8216.3    10 5/2+                XREF=L(*)OPW(8210*)X(8204*)
                                                                                      *** Check for possible missing XREF assignment (# marked) of this tag=L
 35CL  L 8292                                                                  ?
         *                                                                        <W> 4 possible matches found in Adopted! Check XREF
                                                                                      #  8282.4     5 (3/2-,5/2)          XREF=O
                                                                                      #@ 8287.82   30 1/2-                XREF=L(8292)OP(8290)
                                                                                      #  8297.2     9 3/2-                XREF=OP(8300)
                                                                                      #@ 8298.2     5 3/2+                XREF=L(8292*)O
                                                                                      *** Check for possible missing and incorrect XREF assignment (# marked) of this tag=L
 35CL  L 9160.0    42                                                           
         *                                                                        <W> 5 possible matches found in Adopted! Check XREF
                                                                                         9147       4 (7/2:17/2)+         XREF=N(9150)P(9147)
                                                                                         9155.7     5                     XREF=O
                                                                                      #  9157.1     5 5/2-                XREF=OP(9159)
                                                                                       @ 9161       4 1/2                 XREF=JL(9160.0*)
                                                                                       @ 9163.3     5 (3/2-)              XREF=L(9160.0*)OP(9168)
                                                                                      *** Check for possible missing XREF assignment (# marked) of this tag=L
 35CL  L 9525                                                                  ?
         *                                                                        <W> Tag=L of this dataset missing in XREF of matched Adopted Level=9551
 35CL  L 9992                                                                  ?
         *                                                                        <W> questionable level not placed in Adopted.
                                                                                        closest level in Adopted:
                                                                                        9969       5 (1/2,3/2)           XREF=J(9968)L
 35CL  L 10009                                                                 ?
         *                                                                        <W> Tag=L of this dataset missing in XREF of matched Adopted Level=10031
 35CL  L 10098                                                                 ?
         *                                                                        <W> Tag=L of this dataset missing in XREF of matched Adopted Level=10090
 35CL  L 10117                                                                 ?
         *                                                                        <W> Tag=L of this dataset missing in XREF of matched Adopted Level=10132
 35CL  L 10443                                                                 ?
         *                                                                        <W> Tag=L of this dataset missing in XREF of matched Adopted Level=10431
 35CL  L 10717                                                                 ?
         *                                                                        <W> Tag=L of this dataset missing in XREF of matched Adopted Level=10696

################################################################################
In dataset of 35CL: XM 32S(A,PG)     XREF Tag=M

 35CL  L 2645.8    8  7/2+             0.21 PS   6                              
 35CL  G 1426.4       1.2    LT                                                 
                               *                                                  <W> large deltaJ=3 ([M3]), but no Mult is given
                                                                                        JI=7/2+ JF(1219.4)=1/2+
 35CL  L 4618      2  3/2,5/2          40 FS     17                             
 35CL  G 4618      2  100                                                       
         *                                                                        <W> Check discrepancy in gamma energies:
                                                                                          this energy=4618      Adopted=4624.0
 35CL  L 4770      15 7/2,9/2                                               Y   
                     *                                                            <W> JPI here contradicts to adopted. Please check
                                                                                        Adopted JPI=(5/2-) this JPI=7/2,9/2
 35CL  L 5850      25 5/2,9/2                                               Y   
 35CL  G 2687         100       D+Q                                             
         *                                                                        <W> Check discrepancy in gamma energies:
                                                                                          this energy=2687      Adopted=2667

################################################################################
In dataset of 35CL: XN 33S(A,D)     XREF Tag=N

 35CL  L 6200      10                                  6                        
                                                       *                          <W> L=6 inconsistent with JPI=(1/2+:7/2+) from Adopted Levels for E=6181
                                                                                         possible JPI from L=6 and target JPI=3/2+
                                                                                             7/2+,9/2+,11/2+,13/2+,15/2+,17/2+
 35CL  L 7670      10                                  6                        
                                                       *                          <W> L=6 inconsistent with JPI=(7/2:17/2)+ from Adopted Levels for E=7670
                                                                                         possible JPI from L=6 and target JPI=3/2+
                                                                                             7/2+,9/2+,11/2+,13/2+,15/2+,17/2+
 35CL  L 7750      10                                  6                        
                                                       *                          <W> L=6 inconsistent with JPI=(7/2:17/2)+ from Adopted Levels for E=7748
                                                                                         possible JPI from L=6 and target JPI=3/2+
                                                                                             7/2+,9/2+,11/2+,13/2+,15/2+,17/2+
 35CL  L 8010      10                                  6                        
                                                       *                          <W> L=6 inconsistent with JPI=(7/2:17/2)+ from Adopted Levels for E=8010
                                                                                         possible JPI from L=6 and target JPI=3/2+
                                                                                             7/2+,9/2+,11/2+,13/2+,15/2+,17/2+
 35CL  L 8100      10                                  6                        
                                                       *                          <W> L=6 inconsistent with JPI=(7/2:17/2)+ from Adopted Levels for E=8100
                                                                                         possible JPI from L=6 and target JPI=3/2+
                                                                                             7/2+,9/2+,11/2+,13/2+,15/2+,17/2+
 35CL  L 8700      10                                  6                        
                                                       *                          <W> L=6 inconsistent with JPI=(7/2:17/2)+ from Adopted Levels for E=8700
                                                                                         possible JPI from L=6 and target JPI=3/2+
                                                                                             7/2+,9/2+,11/2+,13/2+,15/2+,17/2+
 35CL  L 8840      10                                  6                        
                                                       *                          <W> L=6 inconsistent with JPI=17/2+ from Adopted Levels for E=8844.4
                                                                                         possible JPI from L=6 and target JPI=3/2+
                                                                                             7/2+,9/2+,11/2+,13/2+,15/2+,17/2+
 35CL  L 9150      10                                  6                        
                                                       *                          <W> L=6 inconsistent with JPI=(7/2:17/2)+ from Adopted Levels for E=9147
                                                                                         possible JPI from L=6 and target JPI=3/2+
                                                                                             7/2+,9/2+,11/2+,13/2+,15/2+,17/2+
 35CL  L 9450      10                                  6                        
                                                       *                          <W> L=6 inconsistent with JPI=(7/2:17/2)+ from Adopted Levels for E=9450
                                                                                         possible JPI from L=6 and target JPI=3/2+
                                                                                             7/2+,9/2+,11/2+,13/2+,15/2+,17/2+

################################################################################
In dataset of 35CL: XO 34S(P,G)     XREF Tag=O

 35CL  L 2645.70   8  (5/2,7/2)        0.146 PS  21                             
 35CL  G 1426.28      2      LT                                                 
                     *                                                            <W> check Jf&Ji for deltaJ>2 for gamma=1426.28
                                                                                        JI=(5/2,7/2) JF(1219.39)=1/2+
 35CL  L 3162.99   7  7/2-             25.7 PS   28                             
 35CL  G 1943.54      0.2    LT                                                 
                               *                                                  <W> large deltaJ=3 ([E3]), but no Mult is given
                                                                                        JI=7/2- JF(1219.39)=1/2+
 35CL  L 3942.9    2                   0.159 PS  42                             
 35CL  G 2723.4       6      LT                                                ?
         *                                                                        <W> Similar gammas placed differently in Adopted:
                                                                                        2728           from level=8486.2      JPI=3/2-                
                                                                                        2724           from level=8904.8      JPI=(1/2,3/2,5/2+)      
 35CL  G 3942.7       10     LT                                                ?
         *                                                                        <W> Similar gammas placed differently in Adopted:
                                                                                        3943.72        from level=5163.34     JPI=7/2-                
                                                                                        3942.4         from level=9157.1      JPI=5/2-                
 35CL  L 4059.2    4                   13.9 FS   21                             
 35CL  G 1413.5       1      LT                                                ?
         *                                                                        <W> Similar gammas placed differently in Adopted:
                                                                                        1418.9         from level=7225.5      JPI=5/2                 
 35CL  L 4113.7    10 7/2                                                       
 35CL  G 2894.2       10     LT                                                ?
                               *                                                  <W> large deltaJ=3 ([M3]), but no Mult is given
                                                                                        JI=7/2 JF(1219.39)=1/2+
         *                                                                        <W> Similar gammas placed differently in Adopted:
                                                                                        2892.6         from level=7066.2      JPI=(5/2+)              
                                                                                        2894.6         from level=8618.2      JPI=3/2+,5/2+           
 35CL  L 4347.76   6  5/2,9/2          0.229 PS  42                             
 35CL  G 1653.8       4      LT                                                ?
         *                                                                        <W> Similar gammas placed differently in Adopted:
                                                                                        1656           from level=7837.2      JPI=3/2-                
                                                                                        1658           from level=7839.0      JPI=(5/2+)              
 35CL  G 3128.22      4      LT                                                ?
                     *                                                            <W> check Jf&Ji for deltaJ>2 for gamma=3128.22
                                                                                        JI=5/2,9/2 JF(1219.39)=1/2+
         *                                                                        <W> Similar gammas placed differently in Adopted:
                                                                                        3126           from level=7185        JPI=5/2+                
 35CL  G 4347.47      5      LE                                                 
                     *                                                            <W> check Jf&Ji for deltaJ>2 for gamma=4347.47
                                                                                        JI=5/2,9/2 JF(0)=3/2+
 35CL  L 4880.96   15                  5.6 FS    14                             
 35CL  G 3661.36      4      LT                                                ?
         *                                                                        <W> Similar gammas placed differently in Adopted:
                                                                                        3660.9         from level=7839.0      JPI=(5/2+)              
                                                                                        3659.7         from level=8514.3      JPI=1/2-                
 35CL  L 5163.34   22 7/2                                                       
 35CL  G 3943.71      10     LT                                                 
                               *                                                  <W> large deltaJ=3 ([M3]), but no Mult is given
                                                                                        JI=7/2 JF(1219.39)=1/2+
 35CL  L 7744.8    9  7/2                                       1414.8    9     
 35CL  G 3801.7       10        D(+Q)    -0.16   17                             
                               *                                                  <W> Mult is inconsistent with JPI (one of JPIs is empty)
                                                                                        JI=7/2 JF(3942.9)=
 35CL  G 6524.8       0.6                                                       
                               *                                                  <W> large deltaJ=3 ([M3]), but no Mult is given
                                                                                        JI=7/2 JF(1219.39)=1/2+
 35CL  L 7837.2    10 3/2              3.47 FS   LT             1509.9    10    
 35CL  G 3659.1       28        M1+E2    -0.05   3                              
                               *                                                  <W> Mult=M1+E2 but parity-change unknown from deltaJPI
                                                                                        JI=3/2 JF(4177.9)=3/2
 35CL  L 8001.0    9  (7/2,9/2+)                                1678.6    9     
 35CL  G 8000.0       1.4                                                       
                     *                                                            <W> check Jf&Ji for deltaJ>2 for gamma=8000.0
                                                                                        JI=(7/2,9/2+) JF(0)=3/2+
 35CL  L 8893.3    5  (5/2,7/2)+                                2597.3    5     
 35CL  G 3293.4                                                                ?
         *                                                                        <W> Similar gammas placed differently in Adopted:
                                                                                        3298.8         from level=7923.3      JPI=(3/2+,5/2+)         
                                                                                        3288.9         from level=8298.2      JPI=3/2+                
                                                                                        3287.5         from level=8886.1      JPI=(5/2)               

################################################################################
In dataset of 35CL: XP 34S(P,P),(P,P'G):RESONANCES     XREF Tag=P

 35CL  L 7686         3/2-                                      1354        A   
         *                                                                        <W> 3 possible matches found in Adopted! Check XREF
                                                                                      #@ 7685.5     8 3/2-                XREF=OP
                                                                                      #  7693.9     8 (1/2+,3/2,5/2)      XREF=O
                                                                                      #@ 7671.9     8 5/2+                XREF=L(*)OP(7686*)
                                                                                      *** Check for possible missing and incorrect XREF assignment (# marked) of this tag=P

################################################################################
In dataset of 35CL: XQ 34S(D,N)     XREF Tag=Q

 35CL  L 2645                                          (1)                      
                                                       *                          <W> L=(1) inconsistent with JPI=7/2+ from Adopted Levels for E=2645.67
                                                                                         possible JPI from L=(1) and target JPI=0+
                                                                                             (1/2-,3/2-)
 35CL  L 3006                                          3                        
                                                       *                          <W> L=3 inconsistent with JPI=5/2+ from Adopted Levels for E=3002.64
                                                                                         parity=- from L=3 and target JPI=0+
 35CL  L 4170                                                                   
         *                                                                        <W> 2 possible matches found in Adopted! Check XREF
                                                                                      #@ 4173.43   23 (5/2+)              XREF=MOQ(4170*)
                                                                                      #@ 4177.9     2 3/2-                XREF=LOQ(4170*)R(4167)
                                                                                      *** Check for possible incorrect XREF assignment (# marked) of this tag=Q

################################################################################
In dataset of 35CL: XR 34S(3HE,D)     XREF Tag=R

 35CL  L 5660      15                                  2                        
                                                       *                          <W> L=2 inconsistent with JPI=(5/2,7/2,9/2+) from Adopted Levels for E=5646
                                                                                         possible JPI from L=2 and target JPI=0+
                                                                                             3/2+,5/2+
 35CL  L 6427      2                                   (3)                      
                                                       *                          <W> L=(3) inconsistent with JPI=(1/2+) from Adopted Levels for E=6428
                                                                                         possible JPI from L=(3) and target JPI=0+
                                                                                             (5/2-,7/2-)
 35CL  L 7361      2                                   (1)                      
                                                       *                          <W> L=(1) inconsistent with JPI=3/2(+) from Adopted Levels for E=7361.9
                                                                                         parity=(-) from L=(1) and target JPI=0+

################################################################################
In dataset of 35CL: XU 35CL(P,P'G)     XREF Tag=U

 35CL  L 2645.74   17 7/2+             0.165 PS  35                             
 35CL  G 1426         1      LT                                             C  ?
                               *                                                  <W> large deltaJ=3 ([M3]), but no Mult is given
                                                                                        JI=7/2+ JF(1219.42)=1/2+
 35CL  L 3162.75   10 7/2-             32 PS     4                              
 35CL  G 1943         1      LT                                             C  ?
                               *                                                  <W> large deltaJ=3 ([E3]), but no Mult is given
                                                                                        JI=7/2- JF(1219.42)=1/2+
 35CL  L 3930      30 3/2                                                       
                     *                                                            <W> JPI here inconsistent with adopted
                                                                                        Adopted JPI=3/2+ this JPI=3/2

################################################################################
In dataset of 35CL: XX 36AR(POL D,3HE)     XREF Tag=X

 35CL  L 8204      34 5/2+                             2        0.14            
         *                                                                        <W> 6 possible matches found in Adopted! Check XREF
                                                                                         8156.8    11 (5/2+)              XREF=O
                                                                                      #  8171.7    42                     XREF=L
                                                                                      #  8179.4    12 (3/2-,5/2,7/2+)     XREF=O
                                                                                       @ 8208.2    10 5/2+                XREF=OPW(8210)X(8204)
                                                                                       @ 8216.3    10 5/2+                XREF=L(*)OPW(8210*)X(8204*)
                                                                                         8251       5 (3/2+,5/2+)         XREF=L(8246.0*)O
                                                                                      *** Check for possible missing XREF assignment (# marked) of this tag=X
 35CL  L 8921      70 5/2+                                      0.18        C   
         *                                                                        <W> 11 possible matches found in Adopted! Check XREF
                                                                                      #  8856.2     5 5/2+                XREF=OP
                                                                                      #  8868.6     5 3/2+,5/2+           XREF=OP
                                                                                      #  8884.1     5                     XREF=O
                                                                                      #  8886.1     5 (5/2)               XREF=LO
                                                                                      #  8893.3     5 (5/2+,7/2+)         XREF=O
                                                                                      #  8904.8     5 (1/2,3/2,5/2+)      XREF=O
                                                                                       @ 8906.8     5 5/2+                XREF=OP(8909)X(8921*)
                                                                                       @ 8919.8     5 (5/2-,7/2,9/2+)     XREF=OX(8921*)
                                                                                      #  8933.3     5                     XREF=O
                                                                                      #  8984.2     5 5/2+                XREF=OP(8985)
                                                                                      #  8988.4     5                     XREF=O
                                                                                      *** Check for possible missing XREF assignment (# marked) of this tag=X

################################################################################
In dataset of 35CL: XY 37CL(P,T)     XREF Tag=Y

 35CL  L 7250      50                                                           
         *                                                                        <W> 6 possible matches found in Adopted! Check XREF
                                                                                       @ 7213.7    25                     XREF=LY(7250*)
                                                                                       @ 7225.5     8 5/2                 XREF=OY(7250*)
                                                                                       @ 7228.2    20 (3/2+)              XREF=LR(7227)Y(7250*)
                                                                                      #  7234.0     8 5/2(+)              XREF=O
                                                                                      #  7269.2     1                     XREF=O
                                                                                       @ 7272.7     9 1/2-                XREF=OP(7274)R(7273)Y(7250*)
                                                                                      *** Check for possible missing XREF assignment (# marked) of this tag=Y


End of report
