Java program for checking keynumbers (update 03/12/2025): error report
Generated at: Wed 10/22/2025 at 01:48:00 PM EDT



*** In dataset:  35CL: 34S(3HE,D)

--- : -------------------------------------- line#=50   in  35CL: 34S(3HE,D)
   1966Ba54  : <W> probably irrelevant. Check if typo.
                   #title=Normalization of and Finite-Range Effects in ({+3}He,d) and
                          (t,d) Reactions



*** In dataset:  35CL: 35CL(G,G')

--- : -------------------------------------- line#=1    in  35CL: 35CL(G,G')
   1962BO17  : <W> probably irrelevant. Check if typo.
                   #title=Nuclear Resonance Scattering of Bremsstrahlung
             Also in: line#=14   in dataset: 1962Bo17
                      line#=35   in dataset: 1962Bo17
                      line#=39   in dataset: 1962Bo17



*** In dataset:  35CL: 35CL(P,P'G)

--- : -------------------------------------- line#=89   in  35CL: 35CL(P,P'G)
   1970Ra02  : <W> probably irrelevant. Check if typo.
                   #title=The Low-Lying Odd Parity States of {+46}Sc
                   similar keynumber(s) nearby: 1971Ta02, 1970Ta02



*** In dataset:  35CL: 36AR(D,3HE)

--- : -------------------------------------- line#=17   in  35CL: 36AR(D,3HE)
   1966Ba54  : <W> probably irrelevant. Check if typo.
                   #title=Normalization of and Finite-Range Effects in ({+3}He,d) and
                          (t,d) Reactions



*** In dataset:  35CL: 36AR(POL D,3HE)

--- : -------------------------------------- line#=35   in  35CL: 36AR(POL D,3HE)
   1966Ba54  : <W> probably irrelevant. Check if typo.
                   #title=Normalization of and Finite-Range Effects in ({+3}He,d) and
                          (t,d) Reactions



*** In dataset:  35CL: ADOPTED LEVELS, GAMMAS

--- : -------------------------------------- line#=9    in  35CL: ADOPTED LEVELS, GAMMAS
   1919As01  : <W> probably irrelevant. Check if typo.
                   #title=The Constitution of the Elements

--- : -------------------------------------- line#=79   in  35CL: ADOPTED LEVELS, GAMMAS
   2013Ja17  : <W> probably irrelevant. Check if typo.
                   #title=Spin-rotation and NMR shielding constants in HCl
             Also in: line#=81   in dataset: 2013Ja17
   2019StZZ  : <W> probably irrelevant. Check if typo.
                   #title=Real time description of fission
                   similar keynumber(s) nearby: 2021StZZ

--- : -------------------------------------- line#=80   in  35CL: ADOPTED LEVELS, GAMMAS
   2008Py02  : <W> probably irrelevant. Check if typo.
                   #title=Year-2008 nuclear quadrupole moments
             Also in: line#=82   in dataset: 2008Py02

--- : -------------------------------------- line#=87   in  35CL: ADOPTED LEVELS, GAMMAS
   1948To10  : <W> probably irrelevant. Check if typo.
                   #title=Microwave Spectra of Some Linear X Y Z Molecules

--- : -------------------------------------- line#=130  in  35CL: ADOPTED LEVELS, GAMMAS
   1962Bo17  : <W> probably irrelevant. Check if typo.
                   #title=Nuclear Resonance Scattering of Bremsstrahlung




--------------------------------------------------------------------------------
Keynumbers that are probably irrelevant to the nuclides in input files:
(probably due to mistyping if so): total number=8

1919As01:  35CL  title= The Constitution of the Elements
1948To10:  35CL  title= Microwave Spectra of Some Linear X Y Z Molecules
1962BO17:  35CL  title= Nuclear Resonance Scattering of Bremsstrahlung
1966Ba54:  35CL  title= Normalization of and Finite-Range Effects in ({+3}He,d) and (t,d) Reactions
1970Ra02:  35CL  title= The Low-Lying Odd Parity States of {+46}Sc
2008Py02:  35CL  title= Year-2008 nuclear quadrupole moments
2013Ja17:  35CL  title= Spin-rotation and NMR shielding constants in HCl
2019StZZ:  35CL  title= Real time description of fission
