Java program for checking keynumbers (update 03/12/2025): error report
Generated at: Sat 10/18/2025 at 08:50:16 PM EDT



*** In dataset:  35CL: 34S(3HE,D)

--- : -------------------------------------- line#=50   in  35CL: 34S(3HE,D)
   1966Ba54  : <W> probably irrelevant. Check if typo.
                   #title=Normalization of and Finite-Range Effects in ({+3}He,d) and
                          (t,d) Reactions



*** In dataset:  35CL: 35CL(G,G')

--- : -------------------------------------- line#=1    in  35CL: 35CL(G,G')
   1962BO17  : <W> probably irrelevant. Check if typo.
                   #title=Nuclear Resonance Scattering of Bremsstrahlung
             Also in: line#=14   in dataset: 1962Bo17
                      line#=35   in dataset: 1962Bo17
                      line#=39   in dataset: 1962Bo17



*** In dataset:  35CL: 35CL(P,P'G)

--- : -------------------------------------- line#=89   in  35CL: 35CL(P,P'G)
   1970Ra02  : <W> probably irrelevant. Check if typo.
                   #title=The Low-Lying Odd Parity States of {+46}Sc
                   similar keynumber(s) nearby: 1971Ta02, 1970Ta02



*** In dataset:  35CL: 36AR(D,3HE)

--- : -------------------------------------- line#=17   in  35CL: 36AR(D,3HE)
   1966Ba54  : <W> probably irrelevant. Check if typo.
                   #title=Normalization of and Finite-Range Effects in ({+3}He,d) and
                          (t,d) Reactions



*** In dataset:  35CL: 36AR(POL D,3HE)

--- : -------------------------------------- line#=35   in  35CL: 36AR(POL D,3HE)
   1966Ba54  : <W> probably irrelevant. Check if typo.
                   #title=Normalization of and Finite-Range Effects in ({+3}He,d) and
                          (t,d) Reactions



*** In dataset:  35CL: ADOPTED LEVELS, GAMMAS

--- : -------------------------------------- line#=9    in  35CL: ADOPTED LEVELS, GAMMAS
   1919As01  : <W> probably irrelevant. Check if typo.
                   #title=The Constitution of the Elements

--- : -------------------------------------- line#=83   in  35CL: ADOPTED LEVELS, GAMMAS
   1948To10  : <W> probably irrelevant. Check if typo.
                   #title=Microwave Spectra of Some Linear X Y Z Molecules




--------------------------------------------------------------------------------
Keynumbers that are probably irrelevant to the nuclides in input files:
(probably due to mistyping if so): total number=5

1919As01:  35CL  title= The Constitution of the Elements
1948To10:  35CL  title= Microwave Spectra of Some Linear X Y Z Molecules
1962BO17:  35CL  title= Nuclear Resonance Scattering of Bremsstrahlung
1966Ba54:  35CL  title= Normalization of and Finite-Range Effects in ({+3}He,d) and (t,d) Reactions
1970Ra02:  35CL  title= The Low-Lying Odd Parity States of {+46}Sc
