Java program for checking keynumbers (update 11/11/2025): error report
Generated at: Thu 05/07/2026 at 10:14:49 PM EDT



*** In dataset:  35CL: 34S(3HE,D)

--- : -------------------------------------- line#=45   in  35CL: 34S(3HE,D)
   1966Ba54  : <W> probably irrelevant. Check if typo.
                   #title=Normalization of and Finite-Range Effects in ({+3}He,d) and
                          (t,d) Reactions



*** In dataset:  35CL: 35CL(G,G')

--- : -------------------------------------- line#=1    in  35CL: 35CL(G,G')
   1962BO17  : <W> probably irrelevant. Check if typo.
                   #title=Nuclear Resonance Scattering of Bremsstrahlung
             Also in: line#=13   in dataset: 1962Bo17
                      line#=36   in dataset: 1962Bo17
                      line#=39   in dataset: 1962Bo17
                      line#=41   in dataset: 1962Bo17
                      line#=44   in dataset: 1962Bo17



*** In dataset:  35CL: 36AR(D,3HE)

--- : -------------------------------------- line#=15   in  35CL: 36AR(D,3HE)
   1966Ba54  : <W> probably irrelevant. Check if typo.
                   #title=Normalization of and Finite-Range Effects in ({+3}He,d) and
                          (t,d) Reactions



*** In dataset:  35CL: 36AR(POL D,3HE)

--- : -------------------------------------- line#=26   in  35CL: 36AR(POL D,3HE)
   1966Ba54  : <W> probably irrelevant. Check if typo.
                   #title=Normalization of and Finite-Range Effects in ({+3}He,d) and
                          (t,d) Reactions



*** In dataset:  35CL: ADOPTED LEVELS, GAMMAS

--- : -------------------------------------- line#=11   in  35CL: ADOPTED LEVELS, GAMMAS
   1919As01  : <W> probably irrelevant. Check if typo.
                   #title=The Constitution of the Elements

--- : -------------------------------------- line#=82   in  35CL: ADOPTED LEVELS, GAMMAS
   2013Ja17  : <W> probably irrelevant. Check if typo.
                   #title=Spin-rotation and NMR shielding constants in HCl
             Also in: line#=87   in dataset: 2013Ja17

--- : -------------------------------------- line#=83   in  35CL: ADOPTED LEVELS, GAMMAS
   2008Py02  : <W> probably irrelevant. Check if typo.
                   #title=Year-2008 nuclear quadrupole moments
             Also in: line#=88   in dataset: 2008Py02

--- : -------------------------------------- line#=86   in  35CL: ADOPTED LEVELS, GAMMAS
   1948To10  : <W> probably irrelevant. Check if typo.
                   #title=Microwave Spectra of Some Linear X Y Z Molecules

--- : -------------------------------------- line#=134  in  35CL: ADOPTED LEVELS, GAMMAS
   1962Bo17  : <W> probably irrelevant. Check if typo.
                   #title=Nuclear Resonance Scattering of Bremsstrahlung




--------------------------------------------------------------------------------
Keynumbers that are probably irrelevant to the nuclides in input files:
(probably due to mistyping if so): total number=6

1919As01:  35CL  title= The Constitution of the Elements
1948To10:  35CL  title= Microwave Spectra of Some Linear X Y Z Molecules
1962BO17:  35CL  title= Nuclear Resonance Scattering of Bremsstrahlung
1966Ba54:  35CL  title= Normalization of and Finite-Range Effects in ({+3}He,d) and (t,d) Reactions
2008Py02:  35CL  title= Year-2008 nuclear quadrupole moments
2013Ja17:  35CL  title= Spin-rotation and NMR shielding constants in HCl
