Java program for checking keynumbers (update 11/11/2025): list of all keynumbers
Input file: D:\X\ND\Files\dummy_merged.ens
Generated at: Tue 02/10/2026 at 04:06:20 PM EST

Total number=216

1919As01
1948To10
1949Da14
1955To32
1956Ki29
1960An06
1960Wa04
1961St09
1962Bo17
1962Du05
1963Du08
1963Ha32
1964Hy01
1964KU12
1965Ca04
1966Az01
1966Ba54
1966En04
1966Er06
1966Ho02
1966Ko15
1966Ko22
1966NI03
1966Wa09
1967Da12
1967Ko19
1967Ko20
1967Ko23
1967Ma48
1967Ta08
1967Wa22
1968Az02
1969Ah02
1969An35
1969DA12
1969Du08
1969Fr09
1969GR23
1969Ha17
1969In04
1969Ko26
1969KrZW
1969Mi23
1969Ta13
1969Wi18
1970HO09
1970In01
1970Ko33
1970Mo01
1970TA02
1970Ta09
1970Um01
1971Au07
1971Ba23
1971BrXT
1971Ca40
1971De05
1971Fr05
1971Ge04
1971Ko32
1971Ko46
1971MC23
1971Pr11
1971Ta02
1971VI02
1971Wi13
1972Br33
1972Br45
1972HU10
1972Hu11
1972LeYW
1972Mi13
1972Sh07
1972St38
1972Va06
1973AL22
1973An01
1973Br26
1973Fa07
1973GO16
1973Wa10
1974Al04
1974Bi16
1974DO12
1974Hu09
1974Il01
1974Lo17
1974Va13
1975De16
1975Ke11
1975NA18
1975SC40
1975Wa17
1976Fr03
1976Ke02
1976Me12
1976Sp08
1976Sp09
1976VA24
1976Wa11
1977Az01
1977Ko19
1977Ko34
1977Ko35
1977NA10
1977Ou01
1977PA29
1977Sc36
1978Az01
1978Ce02
1978En02
1978Es01
1979ES05
1979Ha04
1979Pa16
1979Ta03
1980ES01
1980Ew01
1980Fa07
1980WI13
1981Bi05
1981Va02
1982Ch10
1982Le04
1982Ra25
1983Ch50
1983Gl07
1983Ra04
1984AD01
1984EL12
1985Al11
1985Ap01
1985Da04
1985Ki07
1985Kr21
1985Ma59
1985Mi06
1985Oh06
1986Br26
1986El09
1987AR08
1987Ge04
1987Na22
1988Ch45
1988Co03
1988Ga02
1988Va06
1988Za04
1989Ba04
1989De02
1989Ge09
1989Ta08
1990En08
1991Ja11
1991LI12
1991Mi18
1991Na05
1992Be60
1992Ch27
1992Hi06
1993Ab11
1993Be21
1993Bo40
1993Co07
1993Gi08
1993Gr07
1993MA50
1993Mo01
1993Su36
1993TeZX
1994Bo33
1994Gr04
1994Ho35
1994Mu26
1994Ve04
1995Bo43
1995Mo17
1996Il02
1996Je06
1996Ka21
1996So21
1996Vo20
1997Il03
1999Oh09
1999Pa18
2000Ha64
2000Ho13
2000Vo21
2001Ka69
2001Pi10
2001Vo24
2002Vo17
2004Al08
2004EK01
2005EK01
2006ME08
2007DE14
2007Ks01
2008Al39
2008Py02
2011Ch48
2012Ni01
2012Th10
2013An02
2013Bi10
2013Ja17
2017CH22
2017GI09
2019Ka53
2019Se09
2019StZV
2020RA14
2020Ri06
2021LO09
2021StZZ
2021WA16
