 35CL    32S(A,PG)                     1970HO09,1972BR33,1973AL22ENSDF    202509
 35CL  H TYP=FUL$AUT=LIJIE SUN AND JUN CHEN$                                    
 35CL2 H CIT=ENSDF$CUT=30-Sep-2025$                                             
 35CL  H TYP=FUL$AUT=JUN CHEN, JOHN CAMERON AND BALRAJ SINGH$                   
 35CL2 H CIT=NDS 112,2715 (2011)$CUT=20-Oct-2011$                               
 35CL dL E$Least-squares fitting is done by GLSC (version 19-Aug-2025)          
 35CL c  J|p=0+ for {+32}S ground state.                                        
 35CL c  1970Ho09: 10.975-, 11.960-, 12.120-MeV |a beams were produced from the 
 35CL2c  Chalk River MP tandem accelerator. Targets were 100-|mg/cm{+2}         
 35CL3c  Sb{-2}S{-3} on a 10-|mg/cm{+2} carbon backing. |g rays were detected   
 35CL4c  using 15.2-cm-long by 12.7-cm-diam NaI(Tl) detectors. Protons were     
 35CL5c  detected using an annular silicon surface detector close to 180|' with 
 35CL6c  FWHM=30 keV for protons and FWHM=50 keV for |a. Measured E{-p}, E|g,   
 35CL7c  I|g, p|g(|q). Deduced 25 level energies from E{-p}, J, branching       
 35CL8c  ratios, multipole mixing ratios.                                       
 35CL d                                                                         
 35CL c  1972Br33: a 10-MeV |a beam was produced from the Chalk River MP tandem 
 35CL2c  accelerator. Targets were 340-|mg/cm{+2} Sb{-2}S{-3} on gold backings. 
 35CL3c  |g rays were detected using a 44-cm{+3} Ge(Li) detector inside an      
 35CL4c  anticoincidence split annular NaI(Tl) detector. Measured E|g, I|g.     
 35CL5c  Deduced 11 level energies, 16 |g branching ratios, 11 lifetimes using  
 35CL6c  the Doppler Shift Attenuation Method (DSAM). 1970In01 from the same    
 35CL7c  experiment deduced the lifetime using DSAM for a level at 3942 keV and 
 35CL8c  the mixing ratio for a 3942->2646 |g transition.                       
 35CL d                                                                         
 35CL c  1973Al22: a 14-MeV |a beam was produced from the 80-cm cyclotron at    
 35CL2c  cyclotron at the Research Institute for Physics in Stockholm and       
 35CL3c  12-16-MeV |a beams were produced from the Uppsala tandem accelerator.  
 35CL4c  Targets were prepared by depositing pulverized sulphur enriched to     
 35CL5c  99.9% in {+32}S on lead backings. |g rays were detected using an Ortec 
 35CL6c  60-cm{+3} Ge(Li) detector with FWHM=2.2 keV at 1333 keV and an         
 35CL7c  additional Canberra 60-cm{+3} Ge(Li) detector for |g|g-coincidence     
 35CL8c  measurements. Measured E|g, I|g, |g|g-coin, 4 |g(|q). Deduced 12 level 
 35CL9c  energies from E|g, J for 4 levels, branching ratios, and mixing ratios.
 35CL d                                                                         
 35CL c  1969In04: 6-8-MeV |a beams were produced from the Chalk River MP tandem
 35CL2c  accelerator. A thick target (270 |mg/cm{+2}) of natural sulfur on a    
 35CL3c  tantalum backing and a thin target (50 |mg/cm{+2}) of Sb{-2}S{-3} on a 
 35CL4c  gold backing were used. |g rays were detected using two Ge(Li)         
 35CL5c  detectors of 15 and 40 cm{+3} volume. Measured E|g, I|g. Deduced 6     
 35CL6c  level energies, branching ratios, 5 lifetimes using the Doppler Shift  
 35CL7c  Attenuation Method (DSAM) and 1 lifetime for the 3163-keV level using  
 35CL8c  the Recoil Distance Method (RDM), and transition strengths.            
 35CL d                                                                         
 35CL c  1974Lo17: 11.0, 12.0 and 14.7-MeV |a beams were produced from the      
 35CL2c  Oliver Lodge Laboratory at the University of Liverpool. Targets were   
 35CL3c  natural sulphur in CdS. Protons were detected using an annular |DE-E   
 35CL4c  telescope close to 180|' with FWHM=80 keV. |g rays were detected using 
 35CL5c  five NaI(Tl) and one Ge(Li) detectors. Measured E|g, I|g, p|g-coin,    
 35CL6c  |g|g-coin, |g-ray linear polarization. Deduced J and |p for 3 levels, 6
 35CL7c  |g branching ratios, 5 mixing ratios, and lifetimes for a 5408-keV     
 35CL8c  level using DSAM and for a 6088-keV level using RDM.                   
 35CL d                                                                         
 35CL c  1973Br26: a 11.2-MeV |a beam was produced from the Legnaro (Padova) Van
 35CL2c  de Graaff generator. Targets were natural CdS. |g rays were detected   
 35CL3c  using a Ge(Li) detector. Deduced the lifetime using the Recoil Distance
 35CL4c  Method (RDM) for a level at 3163 keV.                                  
 35CL d                                                                         
 35CL c  1973An01: 5.5- and 8.6-MeV |a beams of 100-200 nA were produced from   
 35CL2c  the Oxford Vertical Van de Graaff (Injector) or the Oxford E(n) Tandem.
 35CL3c  Targets were natural sulphur in AgS. |g rays were detected using a     
 35CL4c  Ge(Li) detector at 0|'. Deduced the lifetime using the Recoil Distance 
 35CL5c  Method (RDM) for a level at 3163 keV.                                  
 35CL d                                                                         
 35CL cG E$Values with uncertainties are from 1973Al22 and E|g values without   
 35CL2cG uncertainties are from level-energy difference.                        
 35CL cL E$From a least-squares fit to E|g values with uncertainties, unless    
 35CL2cL otherwise noted. 1969In04 and 1972Br33 reported E(level) with          
 35CL3cL uncertainties from measured E|g but did not report E|g. 1970Ho09       
 35CL4cL reported E(level) with uncertainties from measured E{-p}. 1973Al22 is  
 35CL5cL the only literature in this dataset that reported measured E|g with    
 35CL6cL uncertainties.                                                         
 35CL PN                                                                     6  
 35CL  L 0            3/2+                                                      
 35CL  L 1219.5    10 1/2+             0.10 PS   +5-4                           
 35CL cL T$from 1969In04 using DSAM                                             
 35CL  G 1219.5    10 100                                                       
 35CL cG E$from 1973Al22                                                        
 35CL  L 1763.1    8  5/2+             0.26 PS   8                              
 35CL cL J$spin=5/2 from |g(|q) in 1970Ho09. Parity is from the Adopted Levels. 
 35CL cL T$from 1969In04 using DSAM                                             
 35CL  G 543.6        0.5    LT                                                 
 35CL cG RI$from 1969In04                                                       
 35CL  G 1763.1    10 100                +3.0    1                              
 35CL cG E$from 1973Al22                                                        
 35CL cG RI$from 1969In04, 1970Ho09, 1973Al22                                   
 35CL cG MR$from 1970Ho09                                                       
 35CL  L 2645.6    10 7/2+             0.15 PS   4                              
 35CL cL J$spin=7/2 from |g(|q) in 1970Ho09. Parity is from the Adopted Levels. 
 35CL cL T$from 1969In04 using DSAM                                             
 35CL  G 882.4     10 11.1   22          +0.25   5                              
 35CL cG E$from 1973Al22                                                        
 35CL cG RI$from 1970Ho09. Other: 18 (1969In04), 10 (1973Al22)                  
 35CL cG MR$from 1970Ho09                                                       
 35CL  G 1426.1       1.2    LT                                                 
 35CL cG RI$from 1969In04                                                       
 35CL  G 2646.0    20 100.0  22                                                 
 35CL cG E$from 1973Al22                                                        
 35CL cG RI$from 1970Ho09. Other: 100 (1969In04), 100 (1973Al22)                
 35CL  L 2693.5    13 3/2,5/2          34 FS     15                             
 35CL cL J$spin=3/2,5/2 from |g(|q) in 1970Ho09.                                
 35CL cL T$from 1972Br33 using DSAM. Other: |t < 30 fs (1969In04, DSAM)         
 35CL  G 930.5     15 18.2   26                                                 
 35CL cG E$from 1973Al22                                                        
 35CL cG RI$from 1970Ho09                                                       
 35CL  G 1474.0       11.7   26                                                 
 35CL cG RI$from 1970Ho09. Other: 10 (1969In04)                                 
 35CL  G 2693.2    20 100    4                                                  
 35CL cG E$from 1973Al22                                                        
 35CL cG RI$from 1970Ho09. Other: 100 (1969In04), 100 (1973Al22)                
 35CL cG MR$+0.17 {I8} for J=3/2; -0.26 {I5} for J=5/2 (1970Ho09).              
 35CL  L 3002.1    15 5/2              23 FS     4                              
 35CL cL T$from 1972Br33 using DSAM. Other: |t < 50 fs (1969In04, DSAM)         
 35CL cL J$spin=3/2,5/2 from |g(|q) in 1970Ho09. 1970Ho09 states that 3/2 causes
 35CL2cL M2>200 W.u. or E2>10 W.u and is ruled out.                             
 35CL  G 308.6        5      LT                                                 
 35CL cG RI$from 1969In04                                                       
 35CL  G 356.5        1      LT                                                 
 35CL cG RI$from 1969In04                                                       
 35CL  G 1239.0       2      LT                                                 
 35CL cG RI$from 1969In04. Other: <4 (1972Br33)                                 
 35CL  G 1782.6       2      LT                                                 
 35CL cG RI$from 1969In04, 1972Br33                                             
 35CL  G 3002.0    15 100                                                       
 35CL cG E$from 1973Al22                                                        
 35CL cG RI$from 1969In04, 1970Ho09, 1972Br33, 1973Al22                         
 35CL  L 3163.0    11 7/2              29.1 PS   35                             
 35CL cL J$spin=7/2 from |g(|q) in 1970Ho09.                                    
 35CL cL T$from 1969In04                                                        
 35CL  G 160.9        0.54   LT                                                 
 35CL cG RI$from 1969In04                                                       
 35CL  G 469.5        0.54   LT                                                 
 35CL cG RI$from 1969In04                                                       
 35CL  G 517.4     15 11.1   33                                                 
 35CL cG E$from 1973Al22                                                        
 35CL cG RI$from 1970Ho09. Other: 8.7 (1969In04), 11 (1973Al22).                
 35CL  G 1399.9       1.1    LT                                                 
 35CL cG RI$from 1969In04                                                       
 35CL  G 3162.6    15 100.0  33          -0.14   2                              
 35CL cG E$from 1973Al22                                                        
 35CL cG RI$from 1970Ho09. Other: 100 (1969In04), 100 (1973Al22).               
 35CL cG MR$from 1970Ho09.                                                      
 35CL  L 3915      2                   10.6 FS   LT                             
 35CL dL E LEVEL ENERGY HELD FIXED IN LEAST-SQUARES ADJUSTMENT                  
 35CL cL E$from 1972Br33.                                                       
 35CL cL T$from 1972Br33 using DSAM                                             
 35CL  G 2695         19     5                                                  
 35CL cG RI$from 1972Br33                                                       
 35CL  G 3915         100    5                                                  
 35CL cG RI$from 1972Br33                                                       
 35CL  L 3943.2    13                  159 FS    24                             
 35CL cL T$from 1972Br33 using DSAM                                             
 35CL  G 1297.4    15 8.1    21                                                 
 35CL cG E$from 1973Al22                                                        
 35CL cG RI$weighted average of 9.9 {I22} (1970Ho09) and 6.4 {I21} (1972Br33).  
 35CL2cG Other: 11 (1973Al22).                                                  
 35CL  G 2180.2    15 100.0  21                                                 
 35CL cG E$from 1973Al22                                                        
 35CL cG RI$from 1972Br33. Other: 100.0 {I22} (1970Ho09), 100 (1973Al22).       
 35CL  L 3968      2                   26 FS     LT                             
 35CL dL E LEVEL ENERGY HELD FIXED IN LEAST-SQUARES ADJUSTMENT                  
 35CL cL E$from 1972Br33.                                                       
 35CL cL T$from 1972Br33 using DSAM.                                            
 35CL  G 2748         100                                                       
 35CL cG RI$from 1972Br33                                                       
 35CL  G 3968         2      LT                                                 
 35CL cG RI$from 1972Br33                                                       
 35CL  L 4058      3                   15 FS     6                              
 35CL dL E LEVEL ENERGY HELD FIXED IN LEAST-SQUARES ADJUSTMENT                  
 35CL cL E$weighted average of 4045 {I10} (1970Ho09) and 4058 {I2} (1972Br33)   
 35CL cL T$from 1972Br33 using DSAM.                                            
 35CL  G 2295         8      4                                                  
 35CL cG RI$from 1972Br33                                                       
 35CL  G 2838         100    4                                                  
 35CL cG RI$from 1972Br33                                                       
 35CL  G 4058         2.2    LT                                                 
 35CL cG RI$from 1972Br33                                                       
 35CL  L 4108      2  3/2,7/2          34 FS     8                              
 35CL dL E LEVEL ENERGY HELD FIXED IN LEAST-SQUARES ADJUSTMENT                  
 35CL cL E$weighted average of 4110 {I10} (1970Ho09) and 4108 {I2} (1972Br33)   
 35CL cL J$from |g(|q) in 1970Ho09.                                             
 35CL cL T$from 1972Br33 using DSAM.                                            
 35CL  G 2345         16     5                                                  
 35CL  G 4108         100    5                                                  
 35CL  L 4171      2                   33 FS     12                             
 35CL cL E$weighted average of 4175 {I10} (1970Ho09) and 4171 {I2} (1972Br33)   
 35CL cL T$from 1972Br33 using DSAM.                                            
 35CL  L 4347.7    13 9/2-             1.4 PS    +7-4                           
 35CL cL J$from |g(|q) and POL in 1974Lo17. Other: J=5/2,9/2 from |g(|q) in     
 35CL2cL 1970Ho09 and 1973Al22.                                                 
 35CL cL T$from 1972Br33 using DSAM.                                            
 35CL  G 1184.6    10 100.0  31          -0.36   3                              
 35CL cG E$from 1973Al22                                                        
 35CL cG RI$from 1974Lo17. Others: 100 {I7} (1970Ho09) and 100 {I4} (1972Br33)  
 35CL cG MR$from 1974Lo17. Other: -0.40 {I+8-9} for J=9/2 (1970Ho09).           
 35CL cG $A{-2}=-0.95 {I3}, A{-4}=0.08 {I3} (1974Lo17).                         
 35CL cG $POL=-0.005 {I40} (1974Lo17).                                          
 35CL  G 1702.1    15 52     7           -0.00   3                              
 35CL cG E$from 1973Al22                                                        
 35CL cG RI$unweighted average of 61 {I7} (1970Ho09), 39 {I4} (1972Br33), and   
 35CL2cG 56.3 {I31} (1974Lo17)                                                  
 35CL cG MR$from 1974Lo17                                                       
 35CL cG $A{-2}=-0.34 {I5}, A{-4}=0.04 {I5} (1974Lo17).                         
 35CL cG $POL=0.36 {I7} (1974Lo17).                                             
 35CL  L 4618      2  3/2,5/2          28 FS     12                             
 35CL dL E LEVEL ENERGY HELD FIXED IN LEAST-SQUARES ADJUSTMENT                  
 35CL cL E$from 1972Br33.                                                       
 35CL cL J$from |g(|q) in 1970Ho09.                                             
 35CL cL T$from 1972Br33 using DSAM.                                            
 35CL  G 4618         100                                                       
 35CL cG RI$from 1972Br33                                                       
 35CL cG MR$+0.08 {I14} for J=3/2; -0.36 {I15} for J=5/2 (1970Ho09).            
 35CL  L 4770      15                                                           
 35CL cL E$from 1970Ho09.                                                       
 35CL  L 4880.7    22                  132 FS    28                             
 35CL cL E$other: 4882 {I2} from 1972Br33, 4885 {I20} from 1970Ho09.            
 35CL cL T$from 1972Br33 using DSAM.                                            
 35CL  G 2235.0       52     9                                                  
 35CL cG RI$from 1970Ho09                                                       
 35CL  G 3117.4    20 100    9                                                  
 35CL cG E$from 1973Al22                                                        
 35CL cG RI$from 1970Ho09. Other: 100 (1973Al22).                               
 35CL  L 5015      20                                                           
 35CL cL E$from 1970Ho09                                                        
 35CL  L 5175      20                                                           
 35CL cL E$from 1970Ho09                                                        
 35CL  L 5230      20 1/2,3/2,5/2                                               
 35CL dL E LEVEL ENERGY HELD FIXED IN LEAST-SQUARES ADJUSTMENT                  
 35CL cL E$from 1970Ho09                                                        
 35CL cL J$from |g(|q) in 1970Ho09.                                             
 35CL  G 5230         100                                                       
 35CL cG RI$from 1970Ho09                                                       
 35CL  L 5407.0    15 11/2             0.19 PS   5                              
 35CL cL E$other: 5415 {I20} from 1970Ho09.                                     
 35CL cL J$from |g(|q) and POL in 1974Lo17. Other: J=11/2 from |g(|q) and yield 
 35CL2cL function in 1973Al22.                                                  
 35CL cL T$from 1974Lo17 using DSAM                                             
 35CL  G 1059.3    10 9.9    22                                                 
 35CL cG E$from 1973Al22                                                        
 35CL cG RI$from 1974Lo17                                                       
 35CL cG $A{-2}=0.19 {I11}, A{-4}=-0.01 {I13} (1974Lo17).                       
 35CL cG $POL=-0.40 {I14} (1974Lo17).                                           
 35CL  G 2244      3  100.0  22                                                 
 35CL cG E$from 1973Al22                                                        
 35CL cG RI$from 1974Lo17                                                       
 35CL cG $A{-2}=0.44 {I3}, A{-4}=-0.19 {I3} (1974Lo17).                         
 35CL  L 5535      20                                                           
 35CL cL E$from 1970Ho09                                                        
 35CL  L 5600      20                                                           
 35CL cL E$from 1970Ho09                                                        
 35CL  L 5650      20                                                           
 35CL cL E$from 1970Ho09                                                        
 35CL  L 5850      25 5/2,9/2                                                   
 35CL dL E LEVEL ENERGY HELD FIXED IN LEAST-SQUARES ADJUSTMENT                  
 35CL cL E$from 1970Ho09                                                        
 35CL cL J$from |g(|q) in 1970Ho09.                                             
 35CL  G 2687         100                                                       
 35CL cG MR$-2.2 {I5} or -0.6 {I1} for J=5/2; +0.28 {I4} for J=9/2 (1970Ho09).  
 35CL  L 5927.0    20 7/2,11/2                                                  
 35CL cL E$other: 5930 {I25} from 1970Ho09.                                     
 35CL cL J$from |g(|q) in 1973Al22.                                             
 35CL  G 1579.3    15 100                                                       
 35CL cG E$from 1973Al22                                                        
 35CL cG MR$+1.1 {I5} for J=7/2; -0.8 {I4} for J=11/2 (1973Al22).               
 35CL  L 6086.9    18 13/2-            4.5 PS    4                              
 35CL cL J$from |g(|q) and POL in 1974Lo17. Other: J=9/2,13/2 from |g(|q) in    
 35CL2cL 1973Al22.                                                              
 35CL cL T$from 1974Lo17 using RDM                                              
 35CL  G 679.9     10 100    6           +0.020  15                             
 35CL cG E$from 1973Al22                                                        
 35CL cG RI$from 1974Lo17                                                       
 35CL cG MR$from 1974Lo17. Other: -0.00 {I7} for J=13/2 from 1973Al22.          
 35CL cG $A{-2}=-0.22 {I1}, A{-4}=0.005 {I15} (1974Lo17).                       
 35CL cG $POL=-0.45 {I5} (1974Lo17).                                            
 35CL  G 1739.2       18     6                                                  
 35CL cG RI$from 1974Lo17                                                       
 35CL  L 6400      25                                                           
 35CL cL E$from 1970Ho09                                                        
                                                                                
