** Java program for fitting gammas&calculating feedings (version 02/04/2026) **
Generated at: Sun 02/08/2026 at 10:09:37 PM EST

 Input file: D:\X\ND\ENSDF\A35\Cl35\new\Cl35_35ar_ec_decay_1.7755_s.ens
Report file: D:\X\ND\Files\Java_GABS.rpt
Output file: D:\X\ND\Files\Java_GABS.out


 assumptions for non-numerical uncertainties in RI and TI, unless otherwise specified:
    DRI                assumed %DRI        
    -----------        ------------        
    Empty              0
    LT or LE           50 for DRI(+); assumed RI=DRI(-)=%(100-this value)
    GT or GE           0 for DRI(+); assumed DRI(-)=0
    AP                 0
    CA                 50
    SY                 50

   * DCC theory=1.4% assumed if DCC not given
   * Uncertainty Limit=35 for rounding-up uncertainty in output


** Normalization factor NR is a multiplier for converting photon intensities (RI)
**    as given in the dataset to photons per 100 parent decays through the current
**    decay branch.
** NR in this analysis is determined by normalizing the sum of RI*(1+ICC) of all
**    gammas to ground state, to the input value given in the NB record at col#42
**    for %(Ig+ce) to GS through the current decay branch
** %IG and its uncertainty from this analysis is determined by %IG=RI*NR*BR, or
**    %IG=RI*NRBR if NRBR in PN record is present, as photons per 100 parent decays
**    (through all branches) for those gammas not involved in the deduction of NR.
**    For those used for normalization, %IG is directly determined independent of
**    NR to avoid over-estimation of uncertainty in the formula above, especially
**    when the input uncertainty in RI is large.

   * Gammas marked by "?" are also used in the fitting and intensity calculations
   * All gammas marked by "S" are ignored in the fitting and intensity calculations


##########################################################################################
        Report of gamma absolute intensities for dataset: << 35AR EC DECAY (1.7755 S) >>
##########################################################################################


*Input NR is used to calculate absolute intensities*

Input NR in N record: 0.01243 30
Input BR in N record: 1.0   (=1.0 if not given)

-------------------------------------------------------------------------------------------------------
     E(gamma)       RI              TI                    %IG                 %IG from NR            
                                                                        New NR*           Input NR   
-------------------------------------------------------------------------------------------------------
    1219.3  2    100.0 15    100.0     15           1.24      4         ---               1.24      4
    1763.0  2     22.7  4     22.7      4          0.282      9         ---              0.282      9
      2645        0.12 LT    0.120     LT        0.00153     LT         ---            0.00153     LT
     930.7  2     1.57 20     1.57     20         0.0195     25         ---             0.0195     25
    1474.8  3     1.02 11     1.02     11         0.0127     14         ---             0.0127     14
    2693.7  2    10.96 18    10.97     18          0.136      4         ---              0.136      4
      1239        0.30 LT    0.300     LT        0.00382     LT         ---            0.00382     LT
      1783        0.39 LT    0.390     LT        0.00497     LT         ---            0.00497     LT
    3002.1  4     7.29 14     7.30     14         0.0906     28         ---             0.0906     28
       916                                                              ---                          
      1225                                                              ---                          
    2155.1 15     0.15  6     0.15      6         0.0019      8         ---             0.0019      8
      2699        0.33 LT    0.330     LT        0.00420     LT         ---            0.00420     LT
      3918        0.52  3    0.521     30         0.0065      4         ---             0.0065      4
       965        0.87 LT     0.87     LT         0.0111     LT         ---             0.0111     LT
      1274        0.42 LT    0.420     LT        0.00535     LT         ---            0.00535     LT
      2204        0.27 LT    0.270     LT        0.00344     LT         ---            0.00344     LT
    2748.5  6    0.477 34    0.477     34         0.0059      5         ---             0.0059      5
      3968       0.106 25    0.106     25        0.00132     31         ---            0.00132     31
      1931        0.21 LT     0.21     LT        0.00267     LT         ---            0.00267     LT
      2861       0.099 LT    0.099     LT        0.00126     LT         ---            0.00126     LT
      3405                                                              ---                          
      4624       0.035 LT    0.035     LT        4.46E-4     LT         ---            4.46E-4     LT
-------------------------------------------------------------------------------------------------------
NOTE: RI listed here are original values from the input file.
      TI from input or deduced from RI if not given in the input file.
      * %IG is present only for gammas used in normalization and
            others are the same as those in %IG column.



-----------------------------------------------------------------------------------------------------------------
                     Calculated Net Feeding from (gamma+ce) Intensity Balance at Each Level                      
-----------------------------------------------------------------------------------------------------------------
         Level        RI           RI         RI          TI           TI         TI           Net Feeding (%)  
                     (OUT)        (IN)       (NET)       (OUT)        (IN)       (NET)         CALC*       INPUT
-----------------------------------------------------------------------------------------------------------------
          0           0       141.7 17   -141.7 17        0       141.7 17  -141.7 17       -1.76  5     98.24 10
     1219.2  2    100.0 15      1.9  5     98.1 20    100.0 15      1.9  5    98.2 20        1.22  4      1.22  4
     1763.1  2     22.7  4      2.1  6     20.7 10     22.7  4      2.1  6    20.7 10       0.257 13     0.256 13
     2645.1       0.060 60        0       0.060 60    0.060 60        0      0.060 60     0.00149 LT   0.00149 LT
     2693.9  2    13.55 29     0.32 32     13.2  6    13.56 29     0.32 32    13.2  6       0.165  9     0.163  8
     3002.2  4      7.6  5     0.44 44      7.2  9      7.6  5     0.44 44     7.2  9       0.090 14     0.084  7
     3918.3 15     0.84 23        0        0.84 23     0.84 23        0       0.84 23      0.0104 32    0.0104 32
     3967.9  6     1.36 82        0        1.36 82     1.36 82        0       1.36 82       0.017 11     0.022  6
     4624.5        0.17 17        0        0.17 17     0.17 17        0       0.17 17      0.0043 LT   0.00406 24

                                                                      Sum of Feedings=        1.76 5   100.00 11
-----------------------------------------------------------------------------------------------------------------
Input normalization factors:
  NR=0.01243 30    For normalizing RI to per 100 parent decays via this branch
  NT=              For normalizing TI to per 100 parent decays via this branch
  BR=    1.0       Branching ratio of this decay branch among all decay branches
  NB=    1.0       For normalizing IB to per 100 parent decays via this branch

* Calculated feedings are obtained using input NR if given.


End of report

