Java program for checking keynumbers (update 11/11/2025): error report
Input file: D:\X\ND\Files\dummy_merged.ens
Generated at: Tue 02/10/2026 at 04:06:20 PM EST



*** In dataset:  35CL: ADOPTED LEVELS, GAMMAS

--- Line 10: ------------------------------- line#=10   in  35CL: ADOPTED LEVELS, GAMMAS
   1919As01  : <W> probably irrelevant. Check if typo.
                   #title=The Constitution of the Elements

--- Line 80: ------------------------------- line#=80   in  35CL: ADOPTED LEVELS, GAMMAS
   2013Ja17  : <W> probably irrelevant. Check if typo.
                   #title=Spin-rotation and NMR shielding constants in HCl
             Also in: Line 85 in file ---> line#=85   in dataset: 2013Ja17

--- Line 81: ------------------------------- line#=81   in  35CL: ADOPTED LEVELS, GAMMAS
   2008Py02  : <W> probably irrelevant. Check if typo.
                   #title=Year-2008 nuclear quadrupole moments
             Also in: Line 86 in file ---> line#=86   in dataset: 2008Py02

--- Line 84: ------------------------------- line#=84   in  35CL: ADOPTED LEVELS, GAMMAS
   1948To10  : <W> probably irrelevant. Check if typo.
                   #title=Microwave Spectra of Some Linear X Y Z Molecules

--- Line 130: ------------------------------ line#=130  in  35CL: ADOPTED LEVELS, GAMMAS
   1962Bo17  : <W> probably irrelevant. Check if typo.
                   #title=Nuclear Resonance Scattering of Bremsstrahlung



*** In dataset:  35CL: 34S(3HE,D)

--- Line 7902: ----------------------------- line#=45   in  35CL: 34S(3HE,D)
   1966Ba54  : <W> probably irrelevant. Check if typo.
                   #title=Normalization of and Finite-Range Effects in ({+3}He,d) and
                          (t,d) Reactions



*** In dataset:  35CL: 35CL(G,G')

--- Line 8034: ----------------------------- line#=1    in  35CL: 35CL(G,G')
   1962BO17  : <W> probably irrelevant. Check if typo.
                   #title=Nuclear Resonance Scattering of Bremsstrahlung
             Also in: Line 8046 in file ---> line#=13   in dataset: 1962Bo17
                      Line 8069 in file ---> line#=36   in dataset: 1962Bo17
                      Line 8072 in file ---> line#=39   in dataset: 1962Bo17
                      Line 8074 in file ---> line#=41   in dataset: 1962Bo17
                      Line 8077 in file ---> line#=44   in dataset: 1962Bo17



*** In dataset:  35CL: 36AR(POL D,3HE)

--- Line 8474: ----------------------------- line#=26   in  35CL: 36AR(POL D,3HE)
   1966Ba54  : <W> probably irrelevant. Check if typo.
                   #title=Normalization of and Finite-Range Effects in ({+3}He,d) and
                          (t,d) Reactions



*** In dataset:  35CL: 36AR(D,3HE)

--- Line 8553: ----------------------------- line#=15   in  35CL: 36AR(D,3HE)
   1966Ba54  : <W> probably irrelevant. Check if typo.
                   #title=Normalization of and Finite-Range Effects in ({+3}He,d) and
                          (t,d) Reactions




--------------------------------------------------------------------------------
Keynumbers that are probably irrelevant to the nuclides in input files:
(probably due to mistyping if so): total number=6

1919As01:  35CL  title= The Constitution of the Elements
1948To10:  35CL  title= Microwave Spectra of Some Linear X Y Z Molecules
1962Bo17:  35CL  title= Nuclear Resonance Scattering of Bremsstrahlung
1966Ba54:  35CL  title= Normalization of and Finite-Range Effects in ({+3}He,d) and (t,d) Reactions
2008Py02:  35CL  title= Year-2008 nuclear quadrupole moments
2013Ja17:  35CL  title= Spin-rotation and NMR shielding constants in HCl
