Java program for checking keynumbers (update 07/08/2026): error report
Generated at: Mon 09/21/2026 at 06:45:46 PM EDT



*** In dataset:  34S : 34CL EC+B+ DECAY (1.5266 S)

--- : -------------------------------------- line#=28   in  34S : 34CL EC+B+ DECAY (1.5266 S)
   1958Mi85  : <W> probably irrelevant. Check if typo.
                   #title=The Half-Lives of Some Short-Lived Isotopes
   1954Kl36  : <W> probably irrelevant. Check if typo.
                   #title=Decay Characteristics of Some Short-Lived Nuclides of Low
                          Atomic Number

--- : -------------------------------------- line#=29   in  34S : 34CL EC+B+ DECAY (1.5266 S)
   1953St42  : <W> probably irrelevant. Check if typo.
                   #title=Die Lage der ersten Anregungsstufe in Kernen mit gerader
                          Protonen-und gerader Neutronenzahl



*** In dataset:  34S : 34CL EC+B+ DECAY (31.99 M)

--- : -------------------------------------- line#=38   in  34S : 34CL EC+B+ DECAY (31.99 M)
   1958Sh62  : <W> probably irrelevant. Check if typo.
                   #title=Polarization Measurements of Gamma Radiation from Sulphur-34



*** In dataset:  34S : 35CL(D,3HE)

--- : -------------------------------------- line#=29   in  34S : 35CL(D,3HE)
   1966Ba54  : <W> probably irrelevant. Check if typo.
                   #title=Normalization of and Finite-Range Effects in ({+3}He,d) and
                          (t,d) Reactions




--------------------------------------------------------------------------------
Keynumbers that are probably irrelevant to the nuclides in input files:
(probably due to mistyping if so): total number=5

1953St42:  34S   title= Die Lage der ersten Anregungsstufe in Kernen mit gerader Protonen-und gerader Neutronenzahl
1954Kl36:  34S   title= Decay Characteristics of Some Short-Lived Nuclides of Low Atomic Number
1958Mi85:  34S   title= The Half-Lives of Some Short-Lived Isotopes
1958Sh62:  34S   title= Polarization Measurements of Gamma Radiation from Sulphur-34
1966Ba54:  34S   title= Normalization of and Finite-Range Effects in ({+3}He,d) and (t,d) Reactions
