 34S   A  34P B- DECAY (12.43 S)       
 34S   B  34CL EC+B+ DECAY (1.5266 S)  
 34S   C  34CL EC+B+ DECAY (31.99 M)   
 34S   D  3H(32S,PG)                   
 34S   E  3H(35CL,AG)                  
 34S   F  4HE(30SI,A):RESONANCES       
 34S   G  12C(24MG,34SG)               
 34S   H  24MG(16O,A2PG)               
 34S   I  27AL(10B,2PNG)               
 34S   J  27AL(12C,APG)                
 34S   K  28SI(34S,34S'G)              
 34S   L  30SI(A,G),(A,N):RESONANCES   
 34S   M  31P(A,PG)                    
 34S   N  32S(T,P)                     
 34S   O  32S(A,2HE)                   
 34S   P  33S(N,G) E=THERMAL           
 34S   Q  33S(N,G),(N,N):RESONANCES    
 34S   R  33S(D,P)                     
 34S   S  34S(G,G'),(POL G,G')         
 34S   T  34S(E,E')                    
 34S   U  34S(PI+,PI+'),(PI-,PI-'),    
 34S   V  34S(N,N),(N,N')              
 34S   W  34S(P,P),(P,P'),(POL P,P')   
 34S   X  34S(P,P'G)                   
 34S   Y  34S(POL D,D),(POL D,D')      
 34S   Z  34S(A,A),(A,A'),(A,A'G)      
 34S   a  35CL(G,P)                    
 34S   b  35CL(N,D)                    
 34S   c  35CL(D,3HE)                  
 34S   d  37CL(P,AG)                   
 34S   e  206PB(34S,34S'G)             
 34S   f  208PB(34S,34S')              
 34S   g  208PB(36S,34SG)              
 
 34S  cG E,RI$From {+33}S(n,|g) E=thermal, unless otherwise noted. E|g values   
 34S 2cG without uncertainties are deduced from level-energy differences.       
 34S  cG E(M),RI(M)$From {+24}Mg({+16}O,|a2p|g), unless otherwise noted.        
 34S 2cG Multipolarities are also from {+24}Mg({+16}O,|a2p|g) if available.     
 34S  cG RI(P)$From {+31}P(|a,p|g).                                             
 34S  cG RI(A,S)$From {+30}Si(|a,|g),(|a,n):resonances.                         
 34S  cG M,MR$From measured |g(|q) and/or |g|g(|q) in {+31}P(|a,p|g), and RUL if
 34S 2cG applicable, unless otherwise noted.                                    
 34S  cG M(A)$From |g(|q) and/or |g|g(|q) in {+30}Si(|a,|g),(|a,n):resonances.  
 34S 2cG |D|p=yes/no from level scheme.                                         
 34S  cL E$From a least-squares fit to |g-ray energies, unless otherwise noted. 
 34S  cL E(P)$From {+31}P(|a,p|g) directly reported E(level) without E|g.       
 34S  cL E(E),J(E)$From multipolarities in {+34}S(e,e'). The 180|' inelastic    
 34S 2cL electron scattering data establishes magnetic character and the        
 34S 3cL multipolarity order is deduced from least-squares fits of the reduced  
 34S 4cL transition probability versus momentum transfer (1994Pe08).            
 34S  cL E(A),J(A)$Spin from |g(|q) and |g|g(|q) in                             
 34S 2cL {+30}Si(|a,|g),(|a,n):resonances, and |p=+/- from the {+34}S resonances
 34S 3cL populated in {+30}Si+|a can only have natural parity.                  
 34S  cL J$From measured p|g(|q) and/or |g|g(|q) in {+31}P(|a,p|g), unless      
 34S 2cL otherwise noted.                                                       