Program for consistency check: output for Error and Warnings (version 07/30/2025)
Generated at: Wed 07/30/2025 at 07:17:09 PM EDT

################################################################################
In Adopted dataset of 35S

 35S   L 0            3/2+             87.37 D   4                              
 35S X L XREF=ABCEFGHIJ
         *                                                                        <W> No input dataset with XREF tag=J for DSID=160GD(37CL,XG)
 35S 2 L MOMM1=(+)1.00 4 (1954Bu05,1989Ra17,2011StZZ)                           
 35S 2 L MOME2=+0.0471 9 (1990Su19,2011StZZ)                                    
         *                                                                        <W> Check if MOMM1 and reference are updated with 2019STZV or 2020STZV
                                                                                      Check if MOME2 and reference are updated with 2021STZZ
 35S   L 1991.28    5 7/2-             1.02 NS   5                              
 35S X L XREF=A(?)CEFGHIJ
         *                                                                        <E> Wrong XREF tag=A: level not in A=35P B- DECAY (47.3 S)
                                                                                        closest level in A=35P B- DECAY (47.3 S)
                                                                                        1572.290   29 1/2+                
                                                                                      No input dataset with XREF tag=J for DSID=160GD(37CL,XG)
 35S   G   418.96     2      LT                                                 
                               *                                                  <W> large deltaJ=3 ([E3]), but no Mult is given
                                                                                        JI=7/2- JF(1572.378)=1/2+
 35S   L 2347.789  18 3/2-             0.81 PS   14                             
 35S X L XREF=A(?)BCEFGI
         *                                                                        <E> Wrong XREF tag=A: level not in A=35P B- DECAY (47.3 S)
                                                                                        closest level in A=35P B- DECAY (47.3 S)
                                                                                        2938.4      4 3/2+                
 35S   L 2717.00    3 5/2+             69 FS     24                             
 35S X L XREF=A(?)CEFGHI
         *                                                                        <W> XREF tag=A: level possibly not or energy discrepant in A=35P B- DECAY (47.3 S)
                                                                                        closest level in A=35P B- DECAY (47.3 S)
                                                                                        2938.4      4 3/2+                
 35S   L 3421.1     3 5/2+             70 FS     LT                             
 35S X L XREF=A(?)EFGHI
         *                                                                        <E> Wrong XREF tag=A: level not in A=35P B- DECAY (47.3 S)
                                                                                        closest level in A=35P B- DECAY (47.3 S)
                                                                                        2938.4      4 3/2+                
 35S   L 3558.09    3 (3/2-,5/2+)                                               
 35S X L XREF=A(?)CEFGI
         *                                                                        <E> Wrong XREF tag=A: level not in A=35P B- DECAY (47.3 S)
                                                                                        closest level in A=35P B- DECAY (47.3 S)
                                                                                        2938.4      4 3/2+                
 35S   L 3594.8     4 (1/2:7/2)+                                                
 35S X L XREF=A(?)EGHI
         *                                                                        <E> Wrong XREF tag=A: level not in A=35P B- DECAY (47.3 S)
                                                                                        closest level in A=35P B- DECAY (47.3 S)
                                                                                        2938.4      4 3/2+                
 35S   G   1601      17      LT                                                 
                     *                                                            <W> check Jf&Ji for deltaJ>2 for gamma=1601
                                                                                        JI=(1/2:7/2)+ JF(1991.28)=7/2-
 35S   G   2020      17      LT                                                 
                     *                                                            <W> check Jf&Ji for deltaJ>2 for gamma=2020
                                                                                        JI=(1/2:7/2)+ JF(1572.378)=1/2+
 35S   L 3675      10 (1/2-,3/2-)                                               
 35S X L XREF=A(?)EG
         *                                                                        <E> Wrong XREF tag=A: level not in A=35P B- DECAY (47.3 S)
                                                                                        closest level in A=35P B- DECAY (47.3 S)
                                                                                        2938.4      4 3/2+                
                                                                                      XREF tag=G: level possibly not or energy discrepant in G=34S(D,PG)
                                                                                        closest level in G=34S(D,PG)
                                                                                        3592        5 (1/2TO7/2)+         
 35S   L 3801.958  23 3/2-             25 FS     18                             
 35S X L XREF=A(?)CEFGI
         *                                                                        <E> Wrong XREF tag=A: level not in A=35P B- DECAY (47.3 S)
                                                                                        closest level in A=35P B- DECAY (47.3 S)
                                                                                        2938.4      4 3/2+                
 35S   L 3818.1     4 (3/2:9/2)-                                                
 35S   G   879.4     2       LT                                             A   
                     *                                                            <W> check Jf&Ji for deltaJ>2 for gamma=879.4
                                                                                        JI=(3/2:9/2)- JF(2938.64)=3/2+
 35S   G   1470.3    2       LT                                             A   
                     *                                                            <W> check Jf&Ji for deltaJ>2 for gamma=1470.3
                                                                                        JI=(3/2:9/2)- JF(2347.789)=3/2-
 35S   G   2245.7    2       LT                                             A   
                     *                                                            <W> check Jf&Ji for deltaJ>2 for gamma=2245.7
                                                                                        JI=(3/2:9/2)- JF(1572.378)=1/2+
 35S   G   3817.9    2       LT                                             A   
                     *                                                            <W> check Jf&Ji for deltaJ>2 for gamma=3817.9
                                                                                        JI=(3/2:9/2)- JF(0)=3/2+
 35S   L 4022.3    10 (3/2-:11/2-)                                              
 35S X L XREF=J
         *                                                                        <W> No input dataset with XREF tag=J for DSID=160GD(37CL,XG)
 35S   L 4025.9     4 (1/2:5/2)+                                                
 35S   G   2034      28      LT                                                 
                     *                                                            <W> check Jf&Ji for deltaJ>2 for gamma=2034
                                                                                        JI=(1/2:5/2)+ JF(1991.28)=7/2-
 35S   L 4106.4     4 (1/2,3/2,5/2)+   55 FS     LT                             
 35S   G   2116      8       LT                                                 
                     *                                                            <W> check Jf&Ji for deltaJ>2 for gamma=2116
                                                                                        JI=(1/2,3/2,5/2)+ JF(1991.28)=7/2-
 35S   L 4180      3  (1/2,3/2,5/2+)                                            
 35S X L XREF=GHI
         *                                                                        <W> XREF tag=G: level possibly not or inconsistent (E/JPI) in G=34S(D,PG)
                                                                                        closest level in G=34S(D,PG)
                                                                                        4189        2 1/2-                
 35S   G   2193      9       5                                                  
                     *                                                            <W> check Jf&Ji for deltaJ>2 for gamma=2193
                                                                                        JI=(1/2,3/2,5/2+) JF(1991.28)=7/2-
 35S   L 4189.280  21 1/2-             35 FS     LT                             
 35S   G   597       8       LT                                                 
                     *                                                            <W> check Jf&Ji for deltaJ>2 for gamma=597
                                                                                        JI=1/2- JF(3594.8)=(1/2:7/2)+
 35S   G   2198      15      LT                                                 
                               *                                                  <W> large deltaJ=3 ([M3]), but no Mult is given
                                                                                        JI=1/2- JF(1991.28)=7/2-
 35S   L 4302.6     7 (1/2:7/2-)                                                
 35S X L XREF=EGHI
         *                                                                        <W> XREF tag=G: level possibly not or energy discrepant in G=34S(D,PG)
                                                                                        closest level in G=34S(D,PG)
                                                                                        4189        2 1/2-                
 35S   L 4477.64    7 (1/2,3/2,5/2)+   62 FS     LT                             
 35S   G   2489      38      10                                                 
                     *                                                            <W> check Jf&Ji for deltaJ>2 for gamma=2489
                                                                                        JI=(1/2,3/2,5/2)+ JF(1991.28)=7/2-
 35S   L 4903.32    8 1/2-                                                      
 35S   G    2911.89   0.6    LT                                                 
                               *                                                  <W> large deltaJ=3 ([M3]), but no Mult is given
                                                                                        JI=1/2- JF(1991.28)=7/2-
 35S   L 5752.5    8  (1/2:9/2-)                                                
 35S   G   5752.0  8  100                                                       
                     *                                                            <W> check Jf&Ji for deltaJ>2 for gamma=5752.0
                                                                                        JI=(1/2:9/2-) JF(0)=3/2+
 35S   L 5841.3    10 (1/2:7/2-)                                                
 35S X L XREF=C
         *                                                                        <W> XREF tag=C: level possibly not or energy discrepant in C=34S(N,G) E=THERMAL
                                                                                        closest level in C=34S(N,G) E=THERMAL
                                                                                        5752.5      8
 35S   G   4268.65    100                                                       
                     *                                                            <W> check Jf&Ji for deltaJ>2 for gamma=4268.65
                                                                                        JI=(1/2:7/2-) JF(1572.378)=1/2+
 35S   L 6018.8     6 (1/2:9/2-)                                                
 35S   G   6018.2  6  100                                                       
                     *                                                            <W> check Jf&Ji for deltaJ>2 for gamma=6018.2
                                                                                        JI=(1/2:9/2-) JF(0)=3/2+
 35S   L 6293.93    6 (1/2:9/2-)                                                
 35S   G   6293.2  4  100                                                       
                     *                                                            <W> check Jf&Ji for deltaJ>2 for gamma=6293.2
                                                                                        JI=(1/2:9/2-) JF(0)=3/2+
 35S   L 6354.89   23 (1/2:9/2-)                                                
 35S   G   6355.0  6  100                                                       
                     *                                                            <W> check Jf&Ji for deltaJ>2 for gamma=6355.0
                                                                                        JI=(1/2:9/2-) JF(0)=3/2+
 35S   L 6419.9    11 (1/2:9/2-)                                                
 35S   G   6419.3  11 100                                                       
                     *                                                            <W> check Jf&Ji for deltaJ>2 for gamma=6419.3
                                                                                        JI=(1/2:9/2-) JF(0)=3/2+
 35S   L 6629.43   10 (1/2:9/2-)                                                
 35S   G   6628.5  6  100                                                       
                     *                                                            <W> check Jf&Ji for deltaJ>2 for gamma=6628.5
                                                                                        JI=(1/2:9/2-) JF(0)=3/2+
 35S   L 6761.0    12 (1/2:9/2-)                                                
 35S   G   6760.3  12 100                                                       
                     *                                                            <W> check Jf&Ji for deltaJ>2 for gamma=6760.3
                                                                                        JI=(1/2:9/2-) JF(0)=3/2+
 35S   L 6986.10    3   1/2+                                                   S
 35S   G 356.66    9  0.07   1                                                  
                     *                                                            <W> check Jf&Ji for deltaJ>2 for gamma=356.66
                                                                                        JI=1/2+ JF(6629.43)=(1/2:9/2-)
 35S   G 631.32    24 0.11   2                                                  
                     *                                                            <W> check Jf&Ji for deltaJ>2 for gamma=631.32
                                                                                        JI=1/2+ JF(6354.89)=(1/2:9/2-)
 35S   G 692.16    5  0.25   3                                                  
                     *                                                            <W> check Jf&Ji for deltaJ>2 for gamma=692.16
                                                                                        JI=1/2+ JF(6293.93)=(1/2:9/2-)

################################################################################
In dataset of 35S: XA 35P B- DECAY (47.3 S)     XREF Tag=A

 35S   L 0            3/2+                                                      
                                       *                                          <W> T1/2 commented from Adopted but empty
                                                                                        Adopted T1/2=87.37 D 4 this T1/2=
 35S   L 1572.290  29 1/2+                                                      
                                       *                                          <W> T1/2 commented from Adopted but empty
                                                                                        Adopted T1/2=2.3 PS 4 this T1/2=

################################################################################
In dataset of 35S: X?0 9BE(36S,35SG)     XREF Tag=?0

 35S   L 0.0          3/2+                             2        3.2       7     
         *                                                                        <E> Tag=?0 of this dataset missing in XREF of matched Adopted Level=0
 35S   L 1575      2  1/2+                             0        1.1       3     
         *                                                                        <E> Tag=?0 of this dataset missing in XREF of matched Adopted Level=1572.378
 35S   G 1576      2                                                            
         *                                                                        <W> Check discrepancy in gamma energies:
                                                                                          this energy=1576      Adopted=1572.334
 35S   L 1991      2  7/2-                             3        0.2       LT    
         *                                                                        <E> Tag=?0 of this dataset missing in XREF of matched Adopted Level=1991.28
 35S   L 2353      2  3/2-                             1        0.4       1     
         *                                                                        <E> Tag=?0 of this dataset missing in XREF of matched Adopted Level=2347.789
 35S   G 2352      2                                                            
         *                                                                        <W> Check discrepancy in gamma energies:
                                                                                          this energy=2352      Adopted=2347.69
 35S   L 2720      2  5/2+                             2        0.6       2     
         *                                                                        <E> Tag=?0 of this dataset missing in XREF of matched Adopted Level=2717.00
 35S   G 2720      2                                                            
         *                                                                        <W> Check discrepancy in gamma energies:
                                                                                          this energy=2720      Adopted=2716.99
 35S   L 2943      2  1/2+                             0        0.4       2     
         *                                                                        <E> Tag=?0 of this dataset missing in XREF of matched Adopted Level=2938.64
                     *                                                            <E> JPI commented from Adopted but inconsistent
                                                                                        Adopted JPI=3/2+ this JPI=1/2+
 35S   G 2943      2                                                            
         *                                                                        <W> Check discrepancy in gamma energies:
                                                                                          this energy=2943      Adopted=2938.56
 35S   L 3425      2  5/2+                             2        0.5       1     
         *                                                                        <E> Tag=?0 of this dataset missing in XREF of matched Adopted Level=3421.1
 35S   G 3425      2                                                            
         *                                                                        <W> Check discrepancy in gamma energies:
                                                                                          this energy=3425      Adopted=3420.8
 35S   L 3602      2                                   2        0.3       1     
         *                                                                        <W> level not placed in Adopted.
                                                                                        closest level in Adopted:
                                                                                        3594.8     4 (1/2:7/2)+          XREF=A(?)EGHI
 35S   G 3602      2                                                            
         *                                                                        <W> Similar gammas placed differently in Adopted:
                                                                                        3592           from level=3594.8      JPI=(1/2:7/2)+          
 35S   L 3821      3                                   3        0.3       1     
         *                                                                        <E> Tag=?0 of this dataset missing in XREF of matched Adopted Level=3818.1
                     *                                                            <W> JPI commented from Adopted but empty
                                                                                        Adopted JPI=(3/2:9/2)- this JPI=
 35S   G 1830      2                                                            
         *                                                                        <W> Check discrepancy in gamma energies:
                                                                                          this energy=1830      Adopted=1826.7
 35S   L 3895      3  1/2+                             0        0.15      4     
         *                                                                        <E> Tag=?0 of this dataset missing in XREF of matched Adopted Level=3890.5
                     *                                                            <E> JPI commented from Adopted but inconsistent
                                                                                        Adopted JPI=(3/2-,5/2) this JPI=1/2+
 35S   L 4028      2                                   2        0.6       1     
         *                                                                        <E> Tag=?0 of this dataset missing in XREF of matched Adopted Level=4025.9
                     *                                                            <W> JPI commented from Adopted but empty
                                                                                        Adopted JPI=(1/2:5/2)+ this JPI=

################################################################################
In dataset of 35S: X?1 24MG(14N,3PG)     XREF Tag=?1

 35S   L 0.0          3/2+                                                  B   
         *                                                                        <E> Tag=?1 of this dataset missing in XREF of matched Adopted Level=0
 35S   L 1572.5    3  1/2+                                                      
         *                                                                        <E> Tag=?1 of this dataset missing in XREF of matched Adopted Level=1572.378
 35S   L 1991.4    2  7/2-                                                  A   
         *                                                                        <E> Tag=?1 of this dataset missing in XREF of matched Adopted Level=1991.28
 35S   L 2347.9    3  3/2-                                                      
         *                                                                        <E> Tag=?1 of this dataset missing in XREF of matched Adopted Level=2347.789
 35S   L 2717.1    3  5/2+                                                      
         *                                                                        <E> Tag=?1 of this dataset missing in XREF of matched Adopted Level=2717.00
 35S   L 3594.7    3  7/2+                                                  B   
         *                                                                        <E> Tag=?1 of this dataset missing in XREF of matched Adopted Level=3594.8
 35S   L 3816.0    3  9/2-             0.28 PS   3                          A   
         *                                                                        <E> Tag=?1 of this dataset missing in XREF of matched Adopted Level=3818.1
 35S   G 1824.6    2  24.9   15 M1+E2    +0.55   9                              
         *                                                                        <W> Check discrepancy in gamma energies:
                                                                                          this energy=1824.6      Adopted=1826.7
 35S   L 3886.4    4  5/2+                                                      
         *                                                                        <E> Tag=?1 of this dataset missing in XREF of matched Adopted Level=3885.3
 35S   L 4023.2    3  11/2-            0.32 PS   3                          A   
         *                                                                        <E> Tag=?1 of this dataset missing in XREF of matched Adopted Level=4022.3
 35S   G 207.0     5  0.4    2                                                  
         *                                                                        <W> This gamma is missing in Adopted Gammas at level=4022.3
         *                                                                        <W> No matching gamma within 5 keV found in Adopted
 35S   L 4822.9    3  9/2+                                                      
         *                                                                        <E> Tag=?1 of this dataset missing in XREF of matched Adopted Level=4839
 35S   G 1006.8    2  0.8    1  D                                               
         *                                                                        <W> This gamma is missing in Adopted Gammas at level=4839
         *                                                                        <W> No matching gamma within 5 keV found in Adopted
 35S   G 1228.1    3  1.1    1  D                                               
         *                                                                        <W> This gamma is missing in Adopted Gammas at level=4839
         *                                                                        <W> No matching gamma within 5 keV found in Adopted
 35S   G 2831.4    9  0.4    1                                                  
         *                                                                        <W> This gamma is missing in Adopted Gammas at level=4839
         *                                                                        <W> No matching gamma within 5 keV found in Adopted
 35S   L 4899.7    4  9/2+                                                      
         *                                                                        <W> level not placed in Adopted or discrepant.
                                                                                        closest level in Adopted:
                                                                                        4903.32    8 1/2-                XREF=CEF
 35S   G 1304.8    12 0.6    2                                                  
         *                                                                        <W> Similar gammas placed differently in Adopted:
                                                                                        1307           from level=4025.9      JPI=(1/2:5/2)+          
 35S   G 2908.3    5  1.1    2  D                                               
         *                                                                        <W> No matching gamma within 5 keV found in Adopted
 35S   L 5010.2    3  11/2-            0.45 PS   8                              
         *                                                                        <W> level not placed in Adopted or discrepant.
                                                                                        closest level in Adopted:
                                                                                        4990      10 (1/2:5/2)+          XREF=H
 35S   G 986.9     3  4.4    2  D                                               
         *                                                                        <W> No matching gamma within 5 keV found in Adopted
 35S   G 3018.5    7  1.9    2  E2                                              
         *                                                                        <W> No matching gamma within 5 keV found in Adopted
 35S   L 5412.2    3  9/2+                                                      
         *                                                                        <W> level not placed in Adopted or discrepant.
                                                                                        closest level in Adopted:
                                                                                        5475      10                     XREF=E
 35S   G 1389.0    4  3.9    4  D                                               
         *                                                                        <W> Similar gammas placed differently in Adopted:
                                                                                        1389           from level=4106.4      JPI=(1/2,3/2,5/2)+      
 35S   G 1525.7    8  0.6    1                                                  
         *                                                                        <W> No matching gamma within 5 keV found in Adopted
 35S   G 3420.6    9  1.1    1                                                  
         *                                                                        <W> Similar gammas placed differently in Adopted:
                                                                                        3420.8         from level=3421.1      JPI=5/2+                
 35S   L 5877.6    3  11/2+                                                 B   
         *                                                                        <W> level not placed in Adopted or discrepant.
                                                                                        closest level in Adopted:
                                                                                        5841.3    10 (1/2:7/2-)          XREF=C
 35S   G 465.3     3  1.2    1  D                                               
         *                                                                        <W> Similar gammas placed differently in Adopted:
                                                                                        464            from level=3885.3      JPI=(3/2-,5/2)          
                                                                                        470            from level=4025.9      JPI=(1/2:5/2)+          
 35S   G 867.3     3  1.9    1  D                                               
         *                                                                        <W> Similar gammas placed differently in Adopted:
                                                                                        880            from level=3594.8      JPI=(1/2:7/2)+          
                                                                                        880            from level=4477.64     JPI=(1/2,3/2,5/2)+      
 35S   G 977.8     3  1.6    1  D+Q                                             
         *                                                                        <W> No matching gamma within 5 keV found in Adopted
 35S   G 1054.5    3  3.0    2  D                                               
         *                                                                        <W> Similar gammas placed differently in Adopted:
                                                                                        1059           from level=4477.64     JPI=(1/2,3/2,5/2)+      
 35S   G 1854.4    4  1.7    1                                                  
         *                                                                        <W> No matching gamma within 5 keV found in Adopted
 35S   G 2061.5    3  3.8    2  D                                               
         *                                                                        <W> No matching gamma within 5 keV found in Adopted
 35S   G 2282.9    4  2.6    1                                                  
         *                                                                        <W> No matching gamma within 5 keV found in Adopted
 35S   G 3886.0    13 0.3    1                                                  
         *                                                                        <W> Similar gammas placed differently in Adopted:
                                                                                        3886           from level=3885.3      JPI=(3/2-,5/2)          
                                                                                        3892           from level=3890.5      JPI=(3/2-,5/2)          
 35S   L 6299.4    4  11/2+                                                     
         *                                                                        <W> level not placed in Adopted or discrepant.
                                                                                        closest level in Adopted:
                                                                                        6293.93    6 (1/2:9/2-)          XREF=CE
 35S   G 887.0     7  0.4    1  D                                               
         *                                                                        <W> Similar gammas placed differently in Adopted:
                                                                                        880            from level=3594.8      JPI=(1/2:7/2)+          
                                                                                        880            from level=4477.64     JPI=(1/2,3/2,5/2)+      
 35S   G 2275.9    6  1.0    2                                                  
         *                                                                        <W> No matching gamma within 5 keV found in Adopted
 35S   G 2483.6    8  0.9    2                                                  
         *                                                                        <W> Similar gammas placed differently in Adopted:
                                                                                        2489           from level=4477.64     JPI=(1/2,3/2,5/2)+      
 35S   L 6352.2    5  13/2-            50 FS     10                         A   
         *                                                                        <E> Tag=?1 of this dataset missing in XREF of matched Adopted Level=6334
 35S   G 2329.5    9  3.6    7  D                                               
         *                                                                        <W> This gamma is missing in Adopted Gammas at level=6334
         *                                                                        <W> No matching gamma within 5 keV found in Adopted
 35S   G 2535.8    11 1.8    2  E2                                              
         *                                                                        <W> This gamma is missing in Adopted Gammas at level=6334
         *                                                                        <W> Similar gammas placed differently in Adopted:
                                                                                        2535           from level=4106.4      JPI=(1/2,3/2,5/2)+      
 35S   L 7179.8    3  15/2+            3.1 PS    12                         B   
         *                                                                        <W> level not placed in Adopted or discrepant.
                                                                                        closest level in Adopted:
                                                                                        7210.49    5                     XREF=D
 35S   G 827.8     6  0.3    1                                                  
         *                                                                        <W> No matching gamma within 5 keV found in Adopted
 35S   G 880.2     4  0.8    1                                                  
         *                                                                        <W> Similar gammas placed differently in Adopted:
                                                                                        880            from level=3594.8      JPI=(1/2:7/2)+          
                                                                                        879.4          from level=3818.1      JPI=(3/2:9/2)-          
                                                                                        880            from level=4477.64     JPI=(1/2,3/2,5/2)+      
 35S   G 1302.2    2  13.5   8  E2                                              
         *                                                                        <W> Similar gammas placed differently in Adopted:
                                                                                        1307           from level=4025.9      JPI=(1/2:5/2)+          
 35S   L 8023.7    9  17/2+            0.15 PS   4                          B   
         *                                                                        <W> level not placed in Adopted or discrepant.
                                                                                        closest level in Adopted:
                                                                                        8019.63   20                     XREF=D
 35S   G 843.9     8  1.6    2  D                                               
         *                                                                        <W> No matching gamma within 5 keV found in Adopted

################################################################################
In dataset of 35S: X?2 26MG(18O,2ANG)     XREF Tag=?2

 35S   L 0.0          3/2+                                                  A   
         *                                                                        <E> Tag=?2 of this dataset missing in XREF of matched Adopted Level=0
 35S   L 1990.6    4  7/2-                                                  A   
         *                                                                        <E> Tag=?2 of this dataset missing in XREF of matched Adopted Level=1991.28
 35S   L 3594.2    7  (7/2+)                                                A   
         *                                                                        <E> Tag=?2 of this dataset missing in XREF of matched Adopted Level=3594.8
 35S   L 3815.0    6  (9/2-)                                                    
         *                                                                        <E> Tag=?2 of this dataset missing in XREF of matched Adopted Level=3818.1
 35S   G 1824.4    6   48    2                                                  
         *                                                                        <W> Check discrepancy in gamma energies:
                                                                                          this energy=1824.4      Adopted=1826.7
 35S   L 4023.1    5  (11/2-)                                                   
         *                                                                        <E> Tag=?2 of this dataset missing in XREF of matched Adopted Level=4022.3
 35S   L 4822.4    6  (9/2+)                                                    
         *                                                                        <E> Tag=?2 of this dataset missing in XREF of matched Adopted Level=4839
 35S   G 1007.2    11   4    2   D                                              
         *                                                                        <W> This gamma is missing in Adopted Gammas at level=4839
         *                                                                        <W> No matching gamma within 5 keV found in Adopted
 35S   G 1228.3    6   11    2                                                  
         *                                                                        <W> This gamma is missing in Adopted Gammas at level=4839
         *                                                                        <W> No matching gamma within 5 keV found in Adopted
 35S   L 4899.6    7  (9/2+)                                                    
         *                                                                        <W> level not placed in Adopted or discrepant.
                                                                                        closest level in Adopted:
                                                                                        4903.32    8 1/2-                XREF=CEF
 35S   G 1305.3    4   5     3                                                  
         *                                                                        <W> Similar gammas placed differently in Adopted:
                                                                                        1307           from level=4025.9      JPI=(1/2:5/2)+          
 35S   L 5009.8    6  (11/2-)                                                   
         *                                                                        <W> level not placed in Adopted or discrepant.
                                                                                        closest level in Adopted:
                                                                                        4990      10 (1/2:5/2)+          XREF=H
 35S   G 986.6     3   26    1   D                                              
         *                                                                        <W> No matching gamma within 5 keV found in Adopted
 35S   L 5412.4    6  (9/2+)                                                    
         *                                                                        <W> level not placed in Adopted or discrepant.
                                                                                        closest level in Adopted:
                                                                                        5475      10                     XREF=E
 35S   G 1389.0    8  9      2                                                  
         *                                                                        <W> Similar gammas placed differently in Adopted:
                                                                                        1389           from level=4106.4      JPI=(1/2,3/2,5/2)+      
 35S   L 5878.0    6  (11/2+)                                               A   
         *                                                                        <W> level not placed in Adopted or discrepant.
                                                                                        closest level in Adopted:
                                                                                        5841.3    10 (1/2:7/2-)          XREF=C
 35S   G 465.5     2  14     1   D                                              
         *                                                                        <W> Similar gammas placed differently in Adopted:
                                                                                        464            from level=3885.3      JPI=(3/2-,5/2)          
                                                                                        470            from level=4025.9      JPI=(1/2:5/2)+          
 35S   G 868.2     4  20     2   D                                              
         *                                                                        <W> Similar gammas placed differently in Adopted:
                                                                                        880            from level=3594.8      JPI=(1/2:7/2)+          
                                                                                        880            from level=4477.64     JPI=(1/2,3/2,5/2)+      
 35S   G 978.4     10 26     7                                                  
         *                                                                        <W> No matching gamma within 5 keV found in Adopted
 35S   G 1055.6    4  39     10  D                                              
         *                                                                        <W> Similar gammas placed differently in Adopted:
                                                                                        1059           from level=4477.64     JPI=(1/2,3/2,5/2)+      
 35S   G 1854.5    42 28     14                                                 
         *                                                                        <W> Similar gammas placed differently in Adopted:
                                                                                        1848.6         from level=3421.1      JPI=5/2+                
 35S   G 2063.3    14 32     6   D                                              
         *                                                                        <W> No matching gamma within 5 keV found in Adopted
 35S   G 2283.5    10 14     3                                                  
         *                                                                        <W> No matching gamma within 5 keV found in Adopted
 35S   L 7179.6    7  (15/2+)                                               A   
         *                                                                        <W> level not placed in Adopted or discrepant.
                                                                                        closest level in Adopted:
                                                                                        7210.49    5                     XREF=D
 35S   G 1301.6    3   56    11  Q                                              
         *                                                                        <W> Similar gammas placed differently in Adopted:
                                                                                        1307           from level=4025.9      JPI=(1/2:5/2)+          
 35S   L 8023.9    9  (17/2+)                                               A   
         *                                                                        <W> level not placed in Adopted or discrepant.
                                                                                        closest level in Adopted:
                                                                                        8019.63   20                     XREF=D
 35S   G 844.3     6   20    3   D                                              
         *                                                                        <W> No matching gamma within 5 keV found in Adopted
 35S   L 8755.7    13 (19/2)             1 PS    LT                         A   
         *                                                                        <W> level not placed in Adopted or discrepant.
                                                                                        closest level in Adopted:
                                                                                        8418.9     5 (1/2:9/2)+          XREF=DH
 35S   G 731.6     15  8     3   D                                              
         *                                                                        <W> Similar gammas placed differently in Adopted:
                                                                                        726.8          from level=2717.00     JPI=5/2+                
 35S   G 1576.3    14  14    3                                                  
         *                                                                        <W> No matching gamma within 5 keV found in Adopted
 35S   L 10048.4   10 (19/2)                                                A   
         *                                                                        <W> level not placed in Adopted or discrepant.
                                                                                        closest level in Adopted:
                                                                                        9155      10 (1/2:9/2)+          XREF=H
 35S   G 2868.7    8    26   2   Q                                              
         *                                                                        <W> No matching gamma within 5 keV found in Adopted
 35S   L 12469.1   15 (21/2)                                                A   
         *                                                                        <W> level not placed in Adopted or discrepant.
                                                                                        closest level in Adopted:
                                                                                        9155      10 (1/2:9/2)+          XREF=H
 35S   G 2420.6    11  21    6   D                                              
         *                                                                        <W> No matching gamma within 5 keV found in Adopted

################################################################################
In dataset of 35S: XC 34S(N,G) E=THERMAL     XREF Tag=C

 35S   L 4903.374  15                                                           
 35S   G 2184.16   19 4.7    5                                              P  ?
         *                                                                        <W> Check discrepancy in gamma energies:
                                                                                          this energy=2184.16      Adopted=2186.29

################################################################################
In dataset of 35S: XD 34S(N,N),(N,G):RESONANCES     XREF Tag=D

 35S   L 6985.54      1/2                              0        -0.305         ?
         *                                                                        <W> Tag=D of this dataset missing in XREF of matched Adopted Level=6986.10

################################################################################
In dataset of 35S: XE 34S(D,P)     XREF Tag=E

 35S   L 5542      8                                                        M  ?
         *                                                                        <W> Tag=E of this dataset missing in XREF of matched Adopted Level=5550
 35S   L 5740      20 5/2-,7/2-                        3        0.03      1 K   
         *                                                                        <E> Tag=E of this dataset missing in XREF of matched Adopted Level=5752.5
 35S   L 5890      20 3/2+,5/2+                        2        0.11      2 K   
         *                                                                        <E> Tag=E of this dataset missing in XREF of matched Adopted Level=5915
 35S   L 6344      8                                                        M   
         *                                                                        <E> Tag=E of this dataset missing in XREF of matched Adopted Level=6354.89
 35S   L 7150      35                                  (0,3)                K   
         *                                                                        <E> 3 possible matches found in Adopted! Check XREF
                                                                                         7097.8     3                     XREF=D
                                                                                         7099.91   20                     XREF=D
                                                                                      #  7143.33   11                     XREF=DH
                                                                                      But tag=E of this dataset is not in XREF of any of them!
 35S   L 7205      35                                  (1,2)                K   
         *                                                                        <E> 5 possible matches found in Adopted! Check XREF
                                                                                      #  7210.49    5                     XREF=D
                                                                                      #  7218.1     4                     XREF=D
                                                                                      #  7234.0     5                     XREF=D
                                                                                      #  7239.9     6                     XREF=D
                                                                                         7253.2     6                     XREF=D
                                                                                      But tag=E of this dataset is not in XREF of any of them!
 35S   L 7570      40                                  (2,3)                K   
         *                                                                        <E> 2 possible matches found in Adopted! Check XREF
                                                                                      #  7542.4     6                     XREF=D
                                                                                      #  7604.1     6                     XREF=D
                                                                                      But tag=E of this dataset is not in XREF of any of them!
 35S   L 7640      40                                  (2,3)                K   
         *                                                                        <E> 4 possible matches found in Adopted! Check XREF
                                                                                      #  7649.0     6                     XREF=D
                                                                                      #  7655.7     6                     XREF=D
                                                                                      #  7663.98   11                     XREF=D
                                                                                      #  7678.4     7                     XREF=D
                                                                                      But tag=E of this dataset is not in XREF of any of them!

################################################################################
In dataset of 35S: XF 34S(POL D,P)     XREF Tag=F

 35S   L 4482         7/2-                             3        0.06,0.05   B   
                     *                                                            <W> JPI here contradicts to adopted. Please check
                                                                                        Adopted JPI=(1/2,3/2,5/2)+ this JPI=7/2-

################################################################################
In dataset of 35S: XG 34S(D,PG)     XREF Tag=G

 35S   L 1992.9    17 7/2-             1.03 NS   5                              
 35S   G 1992.8       100       M2+E3    +0.17   6                              
                               *                                                  <E> MULT quoted in comment as from Adopted is inconsistent
                                                                                        Adopted MULT=M2+E3 MULT in comment=D+Q
 35S   L 3592      5  (1/2TO7/2)+                                               
 35S   G 1599         17     LT                                                 
                     *                                                            <W> check Jf&Ji for deltaJ>2 for gamma=1599
                                                                                        JI=(1/2TO7/2)+ JF(1992.9)=7/2-
 35S   G 2020         17     LT                                                 
                     *                                                            <W> check Jf&Ji for deltaJ>2 for gamma=2020
                                                                                        JI=(1/2TO7/2)+ JF(1572.33)=1/2+
 35S   L 3815      3                                                            
                     *                                                            <W> JPI commented from Adopted but empty
                                                                                        Adopted JPI=(3/2:9/2)- this JPI=
 35S   L 4025.0    10 (1/2,3/2,5/2)+                                            
 35S   G 2032.0       10     LT                                                 
                     *                                                            <W> check Jf&Ji for deltaJ>2 for gamma=2032.0
                                                                                        JI=(1/2,3/2,5/2)+ JF(1992.9)=7/2-
 35S   L 4107      2  (1/2,3/2,5/2)+   55 FS     LT                             
 35S   G 2114         7      LT                                                 
                     *                                                            <W> check Jf&Ji for deltaJ>2 for gamma=2114
                                                                                        JI=(1/2,3/2,5/2)+ JF(1992.9)=7/2-
 35S   L 4189      2  1/2-             35 FS     LT                             
 35S   G 597          4      LT                                                 
                     *                                                            <W> check Jf&Ji for deltaJ>2 for gamma=597
                                                                                        JI=1/2- JF(3592)=(1/2TO7/2)+
 35S   G 2196         8      LT                                                 
                               *                                                  <W> large deltaJ=3 ([M3]), but no Mult is given
                                                                                        JI=1/2- JF(1992.9)=7/2-
 35S   L 4480      2  (1/2,3/2,5/2)+   62 FS     LT                             
 35S   G 2487         10     LT                                                 
                     *                                                            <W> check Jf&Ji for deltaJ>2 for gamma=2487
                                                                                        JI=(1/2,3/2,5/2)+ JF(1992.9)=7/2-

################################################################################
In dataset of 35S: XH 37CL(P,3HE)     XREF Tag=H

 35S   L 5345      10                                  3                        
                                                       *                          <W> L=3 inconsistent with JPI=(1/2:11/2)- from Adopted Levels for E=5344
                                                                                         possible JPI from L=3 and target JPI=3/2+
                                                                                             1/2-,3/2-,5/2-,7/2-,9/2-,11/2-
 35S   L 5550      10                                  (3)                      
                                                       *                          <W> L=(3) inconsistent with JPI=(1/2:11/2)(-) from Adopted Levels for E=5550
                                                                                         possible JPI from L=(3) and target JPI=3/2+
                                                                                             (1/2-,3/2-,5/2-,7/2-,9/2-,11/2-)
 35S   L 7712      10                                  4                       ?
                                                       *                          <W> L=4 inconsistent with JPI=(3/2:13/2)+ from Adopted Levels for E=7712
                                                                                         possible JPI from L=4 and target JPI=3/2+
                                                                                             3/2+,5/2+,7/2+,9/2+,11/2+,13/2+

################################################################################
In dataset of 35S: XI 37CL(D,A),37CL(D,AG)     XREF Tag=I

 35S   L 3560.8    19                                                           
 35S   G 1212.6       35     4                                                  
         *                                                                        <W> Check discrepancy in gamma energies:
                                                                                          this energy=1212.6      Adopted=1210.28
 35S   G 1570.8       65     4                                                  
         *                                                                        <W> Check discrepancy in gamma energies:
                                                                                          this energy=1570.8      Adopted=1566.7
 35S   L 4022.2    22                                                           
         *                                                                        <E> Tag=I of this dataset missing in XREF of matched Adopted Level=4022.3
 35S   L 4187      3                                                            
         *                                                                        <E> Tag=I of this dataset missing in XREF of matched Adopted Level=4189.280
 35S   L 4480.0    16                                                           
 35S   G 1763.3       36     4                                                  
         *                                                                        <W> Check discrepancy in gamma energies:
                                                                                          this energy=1763.3      Adopted=1760.55
 35S   G 2907.7       39     4                                                  
         *                                                                        <W> Check discrepancy in gamma energies:
                                                                                          this energy=2907.7      Adopted=2905.1

################################################################################
In dataset of 35S: X?3 160GD(34S,XG),(37CL,XG)     XREF Tag=?3

 35S   L 0            3/2+                                                      
         *                                                                        <E> Tag=?3 of this dataset missing in XREF of matched Adopted Level=0
 35S   L 1991         7/2-                                                      
         *                                                                        <E> Tag=?3 of this dataset missing in XREF of matched Adopted Level=1991.28
 35S   L 4022         (9/2-)                                                    
         *                                                                        <E> Tag=?3 of this dataset missing in XREF of matched Adopted Level=4022.3

################################################################################
In dataset of 35S: X?4 208PB(36S,35SG)     XREF Tag=?4

 35S   L 0            3/2+                                                      
         *                                                                        <E> Tag=?4 of this dataset missing in XREF of matched Adopted Level=0
 35S   L 1572.0    9  1/2+             2.29 PS   14                             
         *                                                                        <E> Tag=?4 of this dataset missing in XREF of matched Adopted Level=1572.378
 35S   L 1991.1    9  7/2-                                                      
         *                                                                        <E> Tag=?4 of this dataset missing in XREF of matched Adopted Level=1991.28
 35S   L 2347.1    13 3/2-                                                      
         *                                                                        <E> Tag=?4 of this dataset missing in XREF of matched Adopted Level=2347.789
 35S   L 2717.1    14 5/2+                                                      
         *                                                                        <E> Tag=?4 of this dataset missing in XREF of matched Adopted Level=2717.00
 35S   G 2717      2  14.5   15                                                 
         *                                                                        <W> This gamma is probably missing in Adopted Gammas at level=2717.00
                                                                                          this gamma=2717      closest gamma in Adopted=2716.99
         *                                                                        <W> Similar gammas placed differently in Adopted:
                                                                                        2716.99(16)    from level=2717.00     JPI=5/2+                
 35S   G 370       1  3.2    6                                                  
         *                                                                        <W> This gamma is probably missing in Adopted Gammas at level=2717.00
                                                                                          this gamma=370      closest gamma in Adopted=368.5
         *                                                                        <W> Similar gammas placed differently in Adopted:
                                                                                        368.5(4)       from level=2717.00     JPI=5/2+                
 35S   L 3421      2  5/2+                                                      
         *                                                                        <E> Tag=?4 of this dataset missing in XREF of matched Adopted Level=3421.1
 35S   L 3558.1    14 (3/2-,5/2-)                                               
         *                                                                        <E> Tag=?4 of this dataset missing in XREF of matched Adopted Level=3558.09
 35S   G 1986      2  3.7    6                                                 ?
         *                                                                        <W> Similar gammas placed differently in Adopted:
                                                                                        1985.64        from level=3558.09     JPI=(3/2-,5/2+)         
 35S   G 1567      2  9.6    9                                                 ?
         *                                                                        <W> Similar gammas placed differently in Adopted:
                                                                                        1566.7(3)      from level=3558.09     JPI=(3/2-,5/2+)         
 35S   G 1211      2  1.7    7                                                 ?
         *                                                                        <W> Similar gammas placed differently in Adopted:
                                                                                        1210.28(4)     from level=3558.09     JPI=(3/2-,5/2+)         
 35S   L 3593      2  (1/2+,7/2+)                                               
         *                                                                        <E> Tag=?4 of this dataset missing in XREF of matched Adopted Level=3594.8
 35S   L 3818.1    14 (9/2-,11/2-)                                              
         *                                                                        <E> Tag=?4 of this dataset missing in XREF of matched Adopted Level=3818.1
 35S   L 4023.1    22 (9/2-,11/2-)                                              
         *                                                                        <E> Tag=?4 of this dataset missing in XREF of matched Adopted Level=4022.3


End of report
