Java program for checking keynumbers (update 03/12/2025): error report
Generated at: Mon 08/18/2025 at 02:58:26 PM EDT



*** In dataset:  35S : ADOPTED LEVELS, GAMMAS

--- : -------------------------------------- line#=64   in  35S : ADOPTED LEVELS, GAMMAS
   2018Py01  : <W> probably irrelevant. Check if typo.
                   #title=Year-2017 nuclear quadrupole moments
             Also in: line#=68   in dataset: 2018Py01

--- : -------------------------------------- line#=74   in  35S : ADOPTED LEVELS, GAMMAS
   1947Hu06  : <W> probably irrelevant. Check if typo.
                   #title=Formation and Properties of Radioactive Lithium

--- : -------------------------------------- line#=76   in  35S : ADOPTED LEVELS, GAMMAS
   1959Ca12  : <W> probably irrelevant. Check if typo.
                   #title=Direct Determination of the Half-Lives of Nine Nuclides
                   similar keynumber(s) nearby: 1949Co12




--------------------------------------------------------------------------------
Keynumbers that are probably irrelevant to the nuclides in input files:
(probably due to mistyping if so): total number=3

1947Hu06:  35S   title= Formation and Properties of Radioactive Lithium
1959Ca12:  35S   title= Direct Determination of the Half-Lives of Nine Nuclides
2018Py01:  35S   title= Year-2017 nuclear quadrupole moments
