Java program for checking keynumbers (update 03/12/2025): error report
Generated at: Fri 08/01/2025 at 09:12:03 PM EDT



*** In dataset:  35S : ADOPTED LEVELS, GAMMAS

--- : -------------------------------------- line#=73   in  35S : ADOPTED LEVELS, GAMMAS
   1947Hu06  : <W> probably irrelevant. Check if typo.
                   #title=Formation and Properties of Radioactive Lithium

--- : -------------------------------------- line#=75   in  35S : ADOPTED LEVELS, GAMMAS
   1959Ca12  : <W> probably irrelevant. Check if typo.
                   #title=Direct Determination of the Half-Lives of Nine Nuclides
                   similar keynumber(s) nearby: 1949Co12




--------------------------------------------------------------------------------
Keynumbers that are probably irrelevant to the nuclides in input files:
(probably due to mistyping if so): total number=2

1947Hu06:  35S   title= Formation and Properties of Radioactive Lithium
1959Ca12:  35S   title= Direct Determination of the Half-Lives of Nine Nuclides
