Java program for checking keynumbers (update 03/12/2025): list of all keynumbers
Input file: D:\X\ND\Files\dummy_merged.ens
Generated at: Wed 07/30/2025 at 07:15:58 PM EDT

Total number=81

1936An01
1941Ka01
1947Hu06
1949Co12
1951We11
1954Bi40
1954Bu05
1955Pa54
1958En51
1958Se49
1959Ca12
1959Co56
1961Oz01
1961Wy01
1965Fl02
1966Sc09
1968Te06
1968Wo06
1969La34
1969MO12
1970Bu18
1971Gr53
1971Ko33
1971Me12
1971Pr11
1971VA18
1971VaZG
1971Vi02
1972Ap01
1972Dz13
1972FR11
1972Go31
1972Va07
1973Co25
1973EnVA
1973WA10
1974Os02
1975GU15
1975VAYG
1976AbZX
1976We29
1977AB07
1977Os07
1978En02
1979So01
1984CA14
1984Pi03
1985Ke08
1985RA15
1986WA22
1989Ra17
1990En08
1990Su19
1994FO04
1997Be42
1999Pa18
2007ChZX
2007Na31
2007No13
2010Wa12
2010WaZT
2011Ch48
2011StZZ
2012IdZZ
2012Th10
2012Zh06
2013GoZW
2014AY01
2014GoZZ
2014To14
2015GoZY
2015MUZY
2016Mu03
2018MuZY
2019Ba16
2020Ku17
2021GO09
2021WA16
2022GR07
2024Co04
2024KU24
