** Java program for fitting gammas&calculating feedings (version 07/17/2025) **
Generated at: Mon 08/18/2025 at 02:52:37 PM EDT

 Input file: D:\X\ND\ENSDF\A35\S35\new\S35_adopted.ens
Report file: D:\X\ND\Files\Java_GTOL.rpt
Output file: D:\X\ND\Files\Java_GTOL.out

Rules for assigning uncertainties to gamma energies where not available:
(unless otherwise specified by "DEG=" at the end (col>80) of gamma line)
   Rule 0: No. of decimal digits=0, uncertainty=1
   Rule 1: No. of decimal digits=1, uncertainty=0.5
   Rule 2: No. of decimal digits=2, uncertainty=0.05

(Above rules are by default for all gamma-ray energies, and will be;
 overridden by a DEG option at the end of a gamma-line individually
 or by a global DEG option at the top of a dataset)


 assumptions for non-numerical uncertainties in RI and TI, unless otherwise specified:
    DRI                assumed %DRI        
    -----------        ------------        
    Empty              20
    LT or LE           50 for DRI(+); assumed RI=DRI(-)=%(100-this value)
    GT or GE           100000000 for DRI(+); assumed DRI(-)=0
    AP                 50
    CA                 50
    SY                 50

   * DCC theory=1.4% assumed if DCC not given
   * Uncertainty Limit=35 for rounding-up uncertainty in output


   * Gammas marked by "?" are also used in the fitting and intensity calculations
   * All gammas marked by "S" are ignored in the fitting and intensity calculations
   * RI flagged by "&" are used as upper limits (RI+DRI) in intensity calculations:
           Adjusted RI=(RI+DRI)/2=Adjusted DRI
   * Maximum&Minimum approach is used to propagate large uncertainty (>10%) except E(level)


##########################################################################################
        GTOL report for dataset: << ADOPTED LEVELS, GAMMAS >>
##########################################################################################

*** Error: No final level found for gamma=1545 from level=4477.64
*** Error: No final level found for gamma=2489.9 from level=4477.64
*** Error: No final level found for gamma=2184.16 from level=4903.32

-------------------------------------------------------------------------------------------------------------------
                 Level Energies From Input (old), Fitting (new), and Adjustments for uncertainties                 
-------------------------------------------------------------------------------------------------------------------
#Level  old           Input        From fit       After adding dE of base levels:          Has Gamma:        Fixed 
        kept                      (original)       metastable    fixed("G")/other     Deexciting  Feeding     Type 
------ ------ --------------- ---------------    --------------- ----------------     ---------- ----------  ------
     1  kept           0.0             0.0    *         -----            -----           ---        Yes        D   
     2            1572.378 19     1572.370 10           -----            -----           Yes        Yes       ---  
     3             1991.28  5      1991.28  4           -----            -----           Yes        Yes       ---  
     4            2347.789 18     2347.780 10           -----            -----           Yes        Yes       ---  
     5             2717.00  3      2717.17  8           -----            -----           Yes        Yes       ---  
     6             2938.64  5      2938.55  5           -----            -----           Yes        Yes       ---  
     7              3421.1  3      3420.83 20           -----            -----           Yes        Yes       ---  
     8             3558.09  3     3558.080 28           -----            -----           Yes        Yes       ---  
     9              3594.8  4      3593.78 21           -----            -----           Yes        Yes       ---  
    10                3675 10        -----              -----            -----            No         No        A   
    11            3801.958 23     3801.954 16           -----            -----           Yes        Yes       ---  
    12              3818.1  4      3815.57 21           -----            -----           Yes        Yes       ---  
    13              3885.3  4      3885.37 21           -----            -----           Yes        Yes       ---  
    14                3895  3       3885.3  5           -----            -----           Yes         No       ---  
    15              4022.3 10      4022.75 21           -----            -----           Yes        Yes       ---  
    16              4025.9  4      4026.38 22           -----            -----           Yes         No       ---  
    17              4106.4  4      4106.78 34           -----            -----           Yes         No       ---  
    18                4180  3       4180.4  7           -----            -----           Yes         No       ---  
    19            4189.280 21     4189.217 33           -----            -----           Yes        Yes       ---  
    20              4302.6  7       4302.1  7           -----            -----           Yes         No       ---  
    21             4477.64  7      4477.76  7           -----            -----           Yes        Yes       ---  
    22  kept          4482           -----              -----            -----            No         No        A   
    23                4576  8        -----              -----            -----            No         No        A   
    24                4617 10        -----              -----            -----            No         No        A   
    25                4839  8      4822.23 23           -----            -----           Yes        Yes       ---  
    26              4899.7  4      4899.24 26           -----            -----           Yes        Yes       ---  
    27             4903.32  8     4903.371 17           -----            -----           Yes        Yes       ---  
    28             4963.09  3     4963.083 25           -----            -----           Yes        Yes       ---  
    29                4990 10        -----              -----            -----            No         No        A   
    30              5010.2  3      5009.56 28           -----            -----           Yes        Yes       ---  
    31                5058  8        -----              -----            -----            No         No        A   
    32                5127 10        -----              -----            -----            No         No        A   
    33                5343  8        -----              -----            -----            No         No        A   
    34              5412.2  3      5411.66 24           -----            -----           Yes        Yes       ---  
    35                5475 10        -----              -----            -----            No         No        A   
    36                5550 10        -----              -----            -----            No         No        A   
    37  kept        5752.5  8       5752.5  8           -----            -----           Yes         No       ---  
    38                5771 10        -----              -----            -----            No         No        A   
    39            5841.485 31     5841.484 31           -----            -----           Yes        Yes       ---  
    40              5877.6  3      5877.05 21           -----            -----           Yes        Yes       ---  
    41                5890 20        -----              -----            -----            No         No        A   
    42                5980 10        -----              -----            -----            No         No        A   
    43  kept        6018.8  6       6018.8  6           -----            -----           Yes         No       ---  
    44             6078.48  4     6078.477 33           -----            -----           Yes        Yes       ---  
    45                6129 10        -----              -----            -----            No         No        A   
    46  kept       6293.93  6      6293.93  6           -----            -----           Yes        Yes       ---  
    47              6299.4  4       6298.7  4           -----            -----           Yes        Yes       ---  
    48                6334  8       6349.0  5           -----            -----           Yes        Yes       ---  
    49  kept       6354.89 23      6354.89 23           -----            -----           Yes        Yes       ---  
    50  kept        6419.9 11       6419.9 11           -----            -----           Yes         No       ---  
    51                6446  8        -----              -----            -----            No         No        A   
    52                6496  8        -----              -----            -----            No         No        A   
    53              6537.7 14        -----              -----            -----            No         No        A   
    54              6545.1 13        -----              -----            -----            No         No        A   
    55                6584 10        -----              -----            -----            No         No        A   
    56             6629.43 10      6629.43  9           -----            -----           Yes        Yes       ---  
    57              6635.2 13        -----              -----            -----            No         No        A   
    58                6654 10        -----              -----            -----            No         No        A   
    59                6684  9        -----              -----            -----            No         No        A   
    60  kept        6761.0 12       6761.0 12           -----            -----           Yes         No       ---  
    61              6891.3 14        -----              -----            -----            No         No        A   
    62             6986.10  3     6986.099 25           -----            -----           Yes         No       ---  
    63             7018.89  4        -----              -----            -----            No         No        A   
    64             7072.66  5        -----              -----            -----            No         No        A   
    65             7074.33  6        -----              -----            -----            No         No        A   
    66             7097.72 30        -----              -----            -----            No         No        A   
    67             7099.85 20        -----              -----            -----            No         No        A   
    68             7100.73  4        -----              -----            -----            No         No        A   
    69             7143.27 11        -----              -----            -----            No         No        A   
    70              7179.8  3      7178.71 31           -----            -----           Yes        Yes       ---  
    71             7210.42  5        -----              -----            -----            No         No        A   
    72              7218.0  4        -----              -----            -----            No         No        A   
    73              7234.0  5        -----              -----            -----            No         No        A   
    74              7239.8  6        -----              -----            -----            No         No        A   
    75              7253.2  6        -----              -----            -----            No         No        A   
    76             7275.93  5        -----              -----            -----            No         No        A   
    77  kept          7279           -----              -----            -----            No         No        A   
    78              7289.8  8        -----              -----            -----            No         No        A   
    79             7294.19  6        -----              -----            -----            No         No        A   
    80             7331.00  5        -----              -----            -----            No         No        A   
    81             7338.18 20        -----              -----            -----            No         No        A   
    82             7343.91 20        -----              -----            -----            No         No        A   
    83              7347.2  5        -----              -----            -----            No         No        A   
    84              7347.9  5        -----              -----            -----            No         No        A   
    85              7353.9  5        -----              -----            -----            No         No        A   
    86              7357.6  5        -----              -----            -----            No         No        A   
    87             7370.56  6        -----              -----            -----            No         No        A   
    88                7375 10        -----              -----            -----            No         No        A   
    89              7396.0  6        -----              -----            -----            No         No        A   
    90              7404.6  6        -----              -----            -----            No         No        A   
    91             7408.68 11        -----              -----            -----            No         No        A   
    92             7411.55  6        -----              -----            -----            No         No        A   
    93             7416.50  4        -----              -----            -----            No         No        A   
    94              7429.1  6        -----              -----            -----            No         No        A   
    95             7433.56  5        -----              -----            -----            No         No        A   
    96              7436.4  4        -----              -----            -----            No         No        A   
    97             7442.14  5        -----              -----            -----            No         No        A   
    98              7462.2  6        -----              -----            -----            No         No        A   
    99             7481.15  7        -----              -----            -----            No         No        A   
   100              7494.5  6        -----              -----            -----            No         No        A   
   101              7542.3  6        -----              -----            -----            No         No        A   
   102              7604.0  6        -----              -----            -----            No         No        A   
   103             7609.26  5        -----              -----            -----            No         No        A   
   104              7648.9  6        -----              -----            -----            No         No        A   
   105              7655.7  6        -----              -----            -----            No         No        A   
   106             7663.91 11        -----              -----            -----            No         No        A   
   107              7678.3  7        -----              -----            -----            No         No        A   
   108                7712 10        -----              -----            -----            No         No        A   
   109              7731.1  7        -----              -----            -----            No         No        A   
   110              7749.7  4        -----              -----            -----            No         No        A   
   111             7761.46  7        -----              -----            -----            No         No        A   
   112             7776.17 11        -----              -----            -----            No         No        A   
   113             7797.99  9        -----              -----            -----            No         No        A   
   114             7812.24  7        -----              -----            -----            No         No        A   
   115             7853.25  7        -----              -----            -----            No         No        A   
   116              7861.8 12        -----              -----            -----            No         No        A   
   117              7880.8 12        -----              -----            -----            No         No        A   
   118              7889.0 12        -----              -----            -----            No         No        A   
   119             7894.63  7        -----              -----            -----            No         No        A   
   120             7899.70 30        -----              -----            -----            No         No        A   
   121              7934.1 15        -----              -----            -----            No         No        A   
   122              7939.5 15        -----              -----            -----            No         No        A   
   123             7954.96 11        -----              -----            -----            No         No        A   
   124             7974.19 11        -----              -----            -----            No         No        A   
   125              8019.5  2        -----              -----            -----            No         No        A   
   126              8023.7  9       8023.0  7           -----            -----           Yes        Yes       ---  
   127             8041.20 20        -----              -----            -----            No         No        A   
   128             8076.46 20        -----              -----            -----            No         No        A   
   129             8077.91 30        -----              -----            -----            No         No        A   
   130              8093.0  5        -----              -----            -----            No         No        A   
   131             8143.75 20        -----              -----            -----            No         No        A   
   132                8160 10        -----              -----            -----            No         No        A   
   133             8187.17 30        -----              -----            -----            No         No        A   
   134             8211.25 30        -----              -----            -----            No         No        A   
   135              8224.2  4        -----              -----            -----            No         No        A   
   136              8228.3  4        -----              -----            -----            No         No        A   
   137             8243.98 30        -----              -----            -----            No         No        A   
   138             8256.31 20        -----              -----            -----            No         No        A   
   139              8262.4  4        -----              -----            -----            No         No        A   
   140              8273.3  4        -----              -----            -----            No         No        A   
   141             8298.27 30        -----              -----            -----            No         No        A   
   142              8333.8  4        -----              -----            -----            No         No        A   
   143              8335.9  4        -----              -----            -----            No         No        A   
   144              8391.3  4        -----              -----            -----            No         No        A   
   145             8393.64 30        -----              -----            -----            No         No        A   
   146             8406.55 30        -----              -----            -----            No         No        A   
   147              8418.8  4        -----              -----            -----            No         No        A   
   148              8755.7 13       8754.8 11           -----            -----           Yes         No       ---  
   149                9155 10        -----              -----            -----            No         No        A   
   150             10048.4 10      10047.5  9           -----            -----           Yes        Yes       ---  
   151             12469.1 15      12468.2 14           -----            -----           Yes        ---       ---  
-------------------------------------------------------------------------------------------------------------------
NOTE: --- indicates Not Applicable.
        * indicates level fixed in fitting.
        & from original uncertainty adjusted based on input settings.
        # non-numerical uncertainty is from fitting gammas or end-level.
      Quoted values under "From fit" for fixed levels are taken from their input values.
      Fixed Type="A": assumed fixed by GTOL for level not connected to any level; not used in the fitting.
                ="D": assumed fixed by GTOL for meta-stable level, with %(all decay modes but IT)>99.75;
                      uncertainty will be added after fitting (1st level always this type by default).
                ="S": assumed fixed by GTOL for level which causes singular matrix problem; uncertainty=0 assumed.
                ="F": energy is fixed and uncertainty=0 assumed for fitting.
                ="G": energy is fixed in fitting and uncertainty will be added after fitting.
           Only type "F" and "G" are set by user by inserting the type letter in the energy field (col 10-20).



--------------------------------------------------------------------------------------------------------------------------------------------------------
                                                            Input and fitted Gamma Energies                                                             
#Gamma        Input EG    Adjusted dEG   Initial Level     Final Level     EG From fit   Difference   Diff/dEG  #sigma       Chi2    %Chi2      Input EG
--------------------------------------------------------------------------------------------------------------------------------------------------------
     1    1572.327 12         -----       1572.370 10          0.0         1572.332 10      -0.0053      0.440       0      0.194     0.04   1572.327 12 
     2     1991.26  5         -----        1991.28  4          0.0          1991.22  4       0.0407      0.814       1      0.663     0.15    1991.26  5 
     3      356.66  9         -----       2347.780 10      1991.28  4        356.50  4       0.1624      1.804       2      3.256     0.71     356.66  9 
     4     775.398  6         -----       2347.780 10     1572.370 10       775.400  6      -0.0022      0.366       0      0.134     0.03    775.398  6 
     5    2347.700 19         -----       2347.780 10          0.0         2347.695 10       0.0048      0.254       0      0.065     0.01   2347.700 19 
     6       368.7  5         -----        2717.17  8     2347.780 10        369.38  8      -0.6833      1.367       1      1.868     0.41      368.7  5 
     7       725.1            725.1  5     2717.17  8      1991.28  4        725.88  9      -0.7769      1.554       2      2.414     0.53      725.1    
     8      1145.7           1145.7  5     2717.17  8     1572.370 10       1144.78  8       0.9252      1.850       2      3.424     0.75     1145.7    
     9     2717.01 16         -----        2717.17  8          0.0          2717.05  8      -0.0419      0.262       0      0.068     0.01    2717.01 16 
    10         586              586  1     2938.55  5     2347.780 10        590.76  5      -4.7605      4.760     ##5     22.662     4.96        586    
    11         942              942  1     2938.55  5      1991.28  4        947.25  7      -5.2516      5.252     ##5     27.580     6.04        942    
    12        1363             1363  1     2938.55  5     1572.370 10       1366.15  5      -3.1466      3.147       3      9.901     2.17       1363    
    13     2938.57 18         -----        2938.55  5          0.0          2938.41  5       0.1570      0.872       1      0.761     0.17    2938.57 18 
    14         486              486  1     3420.83 20      2938.55  5        482.28 20       3.7186      3.719     ##4     13.828     3.03        486    
    15       703.0            703.0  5     3420.83 20      2717.17  8        703.66 21      -0.6577      1.315       1      1.730     0.38      703.0    
    16      1072.2           1072.2  5     3420.83 20     2347.780 10       1073.03 20      -0.8331      1.666       2      2.776     0.61     1072.2    
    17      1428.1           1428.1  5     3420.83 20      1991.28  4       1429.52 20      -1.4190      2.838       3      8.054     1.76     1428.1    
    18      1848.6           1848.6  5     3420.83 20     1572.370 10       1848.41 20       0.1922      0.384       0      0.148     0.03     1848.6    
    19        3423  2         -----        3420.83 20          0.0          3420.65 20       2.3490      1.175       1      1.379     0.30       3423  2 
    20      619.23 19         -----       3558.080 28      2938.55  5        619.53  6      -0.2983      1.570       2      2.465     0.54     619.23 19 
    21     1210.28  4         -----       3558.080 28     2347.780 10      1210.278 27       0.0025      0.061       0      0.004     0.00    1210.28  4 
    22      1566.7  3         -----       3558.080 28      1991.28  4       1566.76  5      -0.0620      0.207       0      0.043     0.01     1566.7  3 
    23        1986  2         -----       3558.080 28     1572.370 10      1985.649 27       0.3510      0.176       0      0.031     0.01       1986  2 
    24      3558.1  5         -----       3558.080 28          0.0         3557.886 28       0.2145      0.429       0      0.184     0.04     3558.1  5 
    25         657              657  1     3593.78 21      2938.55  5        655.23 21       1.7744      1.774       2      3.148     0.69        657    
    26       877.6  5         -----        3593.78 21      2717.17  8        876.60 22       0.9991      1.998       2      3.993     0.87      877.6  5 
    27        1243             1243  1     3593.78 21     2347.780 10       1245.97 21      -2.9743      2.974       3      8.846     1.94       1243    
    28        1599             1599  1     3593.78 21      1991.28  4       1602.46 21      -3.4582      3.458       3     11.959     2.62       1599    
    29        2020             2020  1     3593.78 21     1572.370 10       2021.35 21      -1.3448      1.345       1      1.809     0.40       2020    
    30      3594.5  7         -----        3593.78 21          0.0          3593.58 21       0.9203      1.315       1      1.729     0.38     3594.5  7 
    31      863.28 28         -----       3801.954 16      2938.55  5        863.40  5      -0.1165      0.416       0      0.173     0.04     863.28 28 
    32     1084.79 15         -----       3801.954 16      2717.17  8       1084.77  8       0.0197      0.131       0      0.017     0.00    1084.79 15 
    33     1454.09  4         -----       3801.954 16     2347.780 10      1454.141 14      -0.0514      1.286       1      1.654     0.36    1454.09  4 
    34      1809.1           1809.1  5    3801.954 16      1991.28  4       1810.62  5      -1.5231      3.046       3      9.280     2.03     1809.1    
    35    2229.510 16         -----       3801.954 16     1572.370 10      2229.507 14       0.0030      0.186       0      0.034     0.01   2229.510 16 
    36     3801.73  4         -----       3801.954 16          0.0         3801.732 16      -0.0019      0.046       0      0.002     0.00    3801.73  4 
    37      1824.7  3         -----        3815.57 21      1991.28  4       1824.24 21       0.4623      1.541       2      2.375     0.52     1824.7  3 
    38       464.0            464.0  5     3885.37 21      3420.83 20        464.54 26      -0.5371      1.074       1      1.154     0.25      464.0    
    39         950              950  1     3885.37 21      2938.55  5        946.81 22       3.1884      3.188       3     10.166     2.23        950    
    40      1167.0           1167.0  5     3885.37 21      2717.17  8       1168.19 22      -1.1849      2.370       2      5.616     1.23     1167.0    
    41      1538.4  8         -----        3885.37 21     2347.780 10       1537.56 21       0.8450      1.056       1      1.116     0.24     1538.4  8 
    42      1894.9  4         -----        3885.37 21      1991.28  4       1894.04 21       0.8643      2.161       2      4.668     1.02     1894.9  4 
    43      2312.6           2312.6  5     3885.37 21     1572.370 10       2312.92 21      -0.3186      0.637       1      0.406     0.09     2312.6    
    44        1542  2         -----         3885.3  5     2347.780 10        1537.5  5       4.5030      2.251       2      5.069     1.11       1542  2 
    45      3884.8           3884.8  5      3885.3  5          0.0           3885.1  5      -0.2815      0.563       1      0.317     0.07     3884.8    
    46       207.0  5         -----        4022.75 21      3815.57 21        207.18 24      -0.1793      0.359       0      0.129     0.03      207.0  5 
    47      2032.0  3         -----        4022.75 21      1991.28  4       2031.41 21       0.5946      1.982       2      3.929     0.86     2032.0  3 
    48         467              467  1     4026.38 22     3558.080 28        468.30 22      -1.3007      1.301       1      1.692     0.37        467    
    49       604.0            604.0  5     4026.38 22      3420.83 20        605.55 27      -1.5477      3.095       3      9.582     2.10      604.0    
    50      1088.5           1088.5  5     4026.38 22      2938.55  5       1087.82 22       0.6799      1.360       1      1.849     0.40     1088.5    
    51        1309  2         -----        4026.38 22      2717.17  8       1309.19 23      -0.1924      0.096       0      0.009     0.00       1309  2 
    52      1679.5           1679.5  5     4026.38 22     2347.780 10       1678.56 22       0.9391      1.878       2      3.527     0.77     1679.5    
    53        2037  2         -----        4026.38 22      1991.28  4       2035.04 22       1.9598      0.980       1      0.960     0.21       2037  2 
    54      2455.4           2455.4  5     4026.38 22     1572.370 10       2453.92 22       1.4788      2.958       3      8.747     1.91     2455.4    
    55      4024.8           4024.8  5     4026.38 22          0.0          4026.14 22      -1.3352      2.670       3      7.131     1.56     4024.8    
    56         549              549  1     4106.78 34     3558.080 28        548.69 35       0.3091      0.309       0      0.096     0.02        549    
    57         686              686  1     4106.78 34      3420.83 20         685.9  4       0.0625      0.062       0      0.004     0.00        686    
    58        1172             1172  1     4106.78 34      2938.55  5       1168.21 35       3.7912      3.791     ##4     14.374     3.15       1172    
    59        1389             1389  1     4106.78 34      2717.17  8       1389.58 35      -0.5805      0.580       1      0.337     0.07       1389    
    60        1758             1758  1     4106.78 34     2347.780 10       1758.95 34      -0.9481      0.948       1      0.899     0.20       1758    
    61        2114             2114  1     4106.78 34      1991.28  4       2115.43 35      -1.4265      1.426       1      2.035     0.45       2114    
    62        2535             2535  1     4106.78 34     1572.370 10       2534.31 34       0.6935      0.694       1      0.481     0.11       2535    
    63      4105.3  8         -----        4106.78 34          0.0          4106.52 34      -1.2168      1.521       2      2.313     0.51     4105.3  8 
    64        2608             2608  1      4180.4  7     1572.370 10        2607.9  7       0.1033      0.103       0      0.011     0.00       2608    
    65        4180             4180  1      4180.4  7          0.0           4180.1  7      -0.1033      0.103       0      0.011     0.00       4180    
    66         387              387  1    4189.217 33     3801.954 16       387.261 35      -0.2614      0.261       0      0.068     0.01        387    
    67         597              597  1    4189.217 33      3593.78 21        595.43 21       1.5660      1.566       2      2.452     0.54        597    
    68      631.32 24         -----       4189.217 33     3558.080 28        631.13  4       0.1886      0.786       1      0.618     0.14     631.32 24 
    69         768              768  1    4189.217 33      3420.83 20        768.38 20      -0.3777      0.378       0      0.143     0.03        768    
    70     1250.61  5         -----       4189.217 33      2938.55  5       1250.65  5      -0.0377      0.754       1      0.568     0.12    1250.61  5 
    71        1471             1471  1    4189.217 33      2717.17  8       1472.02  9      -1.0188      1.019       1      1.038     0.23       1471    
    72      1840.2 12         -----       4189.217 33     2347.780 10      1841.386 33      -1.1856      0.988       1      0.976     0.21     1840.2 12 
    73        2196             2196  1    4189.217 33      1991.28  4       2197.86  5      -1.8630      1.863       2      3.471     0.76       2196    
    74      2616.8 13         -----       4189.217 33     1572.370 10      2616.742 33       0.0581      0.045       0      0.002     0.00     2616.8 13 
    75     4188.95  5         -----       4189.217 33          0.0         4188.948 33       0.0021      0.043       0      0.002     0.00    4188.95  5 
    76        1954             1954  1      4302.1  7     2347.780 10        1954.2  7      -0.2228      0.223       0      0.050     0.01       1954    
    77        4302             4302  1      4302.1  7          0.0           4301.8  7       0.2228      0.223       0      0.050     0.01       4302    
    78         595              595  1     4477.76  7      3885.37 21        592.38 22       2.6181      2.618       3      6.854     1.50        595    
    79         678              678  1     4477.76  7     3801.954 16        675.80  7       2.2023      2.202       2      4.850     1.06        678    
    80         888              888  1     4477.76  7      3593.78 21        883.97 22       4.0315      4.031     ##4     16.253     3.56        888    
    81         922              922  1     4477.76  7     3558.080 28        919.67  7       2.3345      2.334       2      5.450     1.19        922    
    82        1059             1059  1     4477.76  7      3420.83 20       1056.91 21       2.0894      2.089       2      4.365     0.96       1059    
    83         1545            1545  1     4477.76  7  *** No final level found ***                                                                                       
    84     1760.55 11         -----        4477.76  7      2717.17  8       1760.55  8       0.0045      0.041       0      0.002     0.00    1760.55 11 
    85        2131             2131  1     4477.76  7     2347.780 10       2129.91  7       1.0910      1.091       1      1.190     0.26       2131    
    86       2489.9          2489.9  5     4477.76  7  *** No final level found ***                                                                                       
    87      2905.1  4         -----        4477.76  7     1572.370 10       2905.26  7      -0.1584      0.396       0      0.157     0.03     2905.1  4 
    88      4479.7           4479.7  5     4477.76  7          0.0          4477.45  7       2.2493      4.499     ##5     20.237     4.43     4479.7    
    89      1006.8  2         -----        4822.23 23      3815.57 21       1006.65 18       0.1520      0.760       1      0.578     0.13     1006.8  2 
    90      1228.1  3         -----        4822.23 23      3593.78 21       1228.43 22      -0.3314      1.105       1      1.220     0.27     1228.1  3 
    91      2831.4  9         -----        4822.23 23      1991.28  4       2830.83 23       0.5706      0.634       1      0.402     0.09     2831.4  9 
    92      1305.3  4         -----        4899.24 26      3593.78 21       1305.43 26      -0.1314      0.329       0      0.108     0.02     1305.3  4 
    93      2908.3  5         -----        4899.24 26      1991.28  4       2907.83 26       0.4745      0.949       1      0.901     0.20     2908.3  5 
    94     1101.92 31         -----       4903.371 17     3801.954 16      1101.399 19       0.5211      1.681       2      2.826     0.62    1101.92 31 
    95      1964.8  2         -----       4903.371 17      2938.55  5       1964.77  5       0.0338      0.169       0      0.028     0.01     1964.8  2 
    96      2184.16 19        -----       4903.371 17  *** No final level found ***                                                                                       
    97    2555.492 14         -----       4903.371 17     2347.780 10      2555.491 14       0.0008      0.054       0      0.003     0.00   2555.492 14 
    98     3330.84 13         -----       4903.371 17     1572.370 10      3330.831 15       0.0095      0.073       0      0.005     0.00    3330.84 13 
    99     4902.99  5         -----       4903.371 17          0.0         4903.002 17      -0.0121      0.242       0      0.058     0.01    4902.99  5 
   100     1161.05 20         -----       4963.083 25     3801.954 16      1161.109 25      -0.0592      0.296       0      0.088     0.02    1161.05 20 
   101    1404.967 24         -----       4963.083 25     3558.080 28      1404.973 22      -0.0064      0.266       0      0.071     0.02   1404.967 24 
   102      2615.2  2         -----       4963.083 25     2347.780 10      2615.199 24       0.0011      0.005       0      0.000     0.00     2615.2  2 
   103      2972.0  4         -----       4963.083 25      1991.28  4       2971.67  5       0.3321      0.830       1      0.689     0.15     2972.0  4 
   104     3390.62  7         -----       4963.083 25     1572.370 10      3390.537 24       0.0833      1.189       1      1.414     0.31    3390.62  7 
   105     4963.06 22         -----       4963.083 25          0.0         4962.706 25       0.3544      1.611       2      2.595     0.57    4963.06 22 
   106       986.8  3         -----        5009.56 28      4022.75 21        986.80 24       0.0019      0.006       0      0.000     0.00      986.8  3 
   107      3018.5  7         -----        5009.56 28      1991.28  4       3018.14 28       0.3580      0.511       1      0.262     0.06     3018.5  7 
   108      1389.0  4         -----        5411.66 24      4022.75 21       1388.89 23       0.1152      0.288       0      0.083     0.02     1389.0  4 
   109      1525.7  8         -----        5411.66 24      3885.37 21       1526.26 31      -0.5566      0.696       1      0.484     0.11     1525.7  8 
   110      3420.6  9         -----        5411.66 24      1991.28  4       3420.20 24       0.3964      0.440       0      0.194     0.04     3420.6  9 
   111      5752.0  8         -----         5752.5  8          0.0           5752.0  8       0.0000      0.000       0      0.000     0.00     5752.0  8 
   112     4268.65 14         -----       5841.484 31     1572.370 10      4268.835 31      -0.1846      1.319       1      1.739     0.38    4268.65 14 
   113       465.4  2         -----        5877.05 21      5411.66 24        465.39 18       0.0134      0.067       0      0.004     0.00      465.4  2 
   114       867.6  4         -----        5877.05 21      5009.56 28        867.48 26       0.1202      0.300       0      0.090     0.02      867.6  4 
   115       977.9  3         -----        5877.05 21      4899.24 26        977.80 24       0.0969      0.323       0      0.104     0.02      977.9  3 
   116      1055.1  6         -----        5877.05 21      4822.23 23       1054.80 24       0.2962      0.494       1      0.244     0.05     1055.1  6 
   117      1854.4  4         -----        5877.05 21      4022.75 21       1854.25 20       0.1484      0.371       0      0.138     0.03     1854.4  4 
   118      2061.6  4         -----        5877.05 21      3815.57 21       2061.42 22       0.1809      0.452       0      0.204     0.04     2061.6  4 
   119      2283.0  4         -----        5877.05 21      3593.78 21       2283.20 22      -0.1955      0.489       0      0.239     0.05     2283.0  4 
   120      3886.0 13         -----        5877.05 21      1991.28  4       3885.54 21       0.4585      0.353       0      0.124     0.03     3886.0 13 
   121      6018.2  6         -----         6018.8  6          0.0           6018.2  6       0.0000      0.000       0      0.000     0.00     6018.2  6 
   122      3139.9  5         -----       6078.477 33      2938.55  5       3139.78  6       0.1197      0.239       0      0.057     0.01     3139.9  5 
   123     6077.87 11         -----       6078.477 33          0.0         6077.910 33      -0.0402      0.366       0      0.134     0.03    6077.87 11 
   124      6293.2  4         -----        6293.93  6          0.0          6293.32  6      -0.1222      0.305       0      0.093     0.02     6293.2  4 
   125       887.0  7         -----         6298.7  4      5411.66 24        887.00 34       0.0028      0.004       0      0.000     0.00      887.0  7 
   126      2275.9  6         -----         6298.7  4      4022.75 21       2275.84 34       0.0557      0.093       0      0.009     0.00     2275.9  6 
   127      2483.6  8         -----         6298.7  4      3815.57 21        2483.0  4       0.5910      0.739       1      0.546     0.12     2483.6  8 
   128      2329.5  9         -----         6349.0  5      4022.75 21        2326.2  5       3.2947      3.661     ##4     13.401     2.93     2329.5  9 
   129      2535.8 11         -----         6349.0  5     3801.954 16        2547.0  5     -11.1840     10.167    ##10    103.373    22.63     2535.8 11 
   130      6355.0  6         -----        6354.89 23          0.0          6354.27 23       0.7296      1.216       1      1.479     0.32     6355.0  6 
   131      6419.3 11         -----         6419.9 11          0.0           6419.3 11       0.0000      0.000       0      0.000     0.00     6419.3 11 
   132      6628.5  6         -----        6629.43  9          0.0          6628.76  9      -0.2574      0.429       0      0.184     0.04     6628.5  6 
   133      6760.3 12         -----         6761.0 12          0.0           6760.3 12       0.0000      0.000       0      0.000     0.00     6760.3 12 
   134      356.66  9         -----       6986.099 25      6629.43  9        356.67  9      -0.0058      0.064       0      0.004     0.00     356.66  9 
   135      631.32 24         -----       6986.099 25      6354.89 23        631.20 22       0.1168      0.486       0      0.237     0.05     631.32 24 
   136      692.16  5         -----       6986.099 25      6293.93  6        692.16  5      -0.0019      0.038       0      0.001     0.00     692.16  5 
   137     907.608 23         -----       6986.099 25     6078.477 33       907.610 23      -0.0015      0.065       0      0.004     0.00    907.608 23 
   138    1144.591 20         -----       6986.099 25     5841.484 31      1144.595 20      -0.0038      0.188       0      0.035     0.01   1144.591 20 
   139    2022.954  9         -----       6986.099 25     4963.083 25      2022.953  9       0.0011      0.125       0      0.016     0.00   2022.954  9 
   140     2082.83 17         -----       6986.099 25     4903.371 17      2082.662 27       0.1686      0.992       1      0.983     0.22    2082.83 17 
   141     2508.39  8         -----       6986.099 25      4477.76  7       2508.24  7       0.1456      1.820       2      3.311     0.72    2508.39  8 
   142     2796.74  4         -----       6986.099 25     4189.217 33      2796.762 32      -0.0219      0.548       1      0.300     0.07    2796.74  4 
   143     3183.95  4         -----       6986.099 25     3801.954 16      3183.990 25      -0.0401      1.002       1      1.004     0.22    3183.95  4 
   144     4638.14 14         -----       6986.099 25     2347.780 10      4637.990 24       0.1507      1.076       1      1.158     0.25    4638.14 14 
   145      6985.7 10         -----       6986.099 25          0.0         6985.351 25       0.3495      0.350       0      0.122     0.03     6985.7 10 
   146       827.8  6         -----        7178.71 31       6349.0  5         829.7  5      -1.8633      3.105       3      9.644     2.11      827.8  6 
   147       880.2  4         -----        7178.71 31       6298.7  4        880.03 32       0.1734      0.434       0      0.188     0.04      880.2  4 
   148      1302.0  3         -----        7178.71 31      5877.05 21       1301.63 26       0.3683      1.228       1      1.507     0.33     1302.0  3 
   149       844.2  6         -----         8023.0  7      7178.71 31         844.2  6      -0.0409      0.068       0      0.005     0.00      844.2  6 
   150       731.6 15         -----         8754.8 11       8023.0  7         731.9 11      -0.2555      0.170       0      0.029     0.01      731.6 15 
   151      1576.3 14         -----         8754.8 11      7178.71 31        1576.1 11       0.2226      0.159       0      0.025     0.01     1576.3 14 
   152      2868.7  8         -----        10047.5  9      7178.71 31        2868.7  8      -0.0000      0.000       0      0.000     0.00     2868.7  8 
   153      2420.6 11         -----        12468.2 14      10047.5  9        2420.6 11       0.0000      0.000       0      0.000     0.00     2420.6 11 
                                                                                                                 chi2=    456.822
                                                                                                             chi2/dof=      4.269
--------------------------------------------------------------------------------------------------------------------------------------------------------
NOTE: * at initial level indicates level fixed in the fitting.
      ## in #sigma column marks number of sigma>=4.
      Quoted level energies are from fit.
      #sigma=round(Diff/dEG), by which the input EG differs from the fitted one.
      dEG=1 keV is assigned if not given, unless otherwise specified at the end of each gamma line.


#of Levels= 151      #of fixed Levels= 108      #of Gammas in fitting= 150
Degrees of Freedom (dof)= 107
    Chi2= 456.8221
Chi2/dof= 4.2694
(critical Chi2/dof= 1.3430)

*** Warning: Chi2/dof greater than critical value= 1.3430 ***
    The following input EG values differ by 3 or more sigma from fitted ones:
    Try increasing uncertainties for some of them to improve the fitting.

        Input EG     EG from fit   Initial Level  #sigma
 --------------- --------------- --------------- -------
          586          590.76  5      2938.64  5       5
          942          947.25  7      2938.64  5       5
       4479.7         4477.45  7      4477.64  7       5
       2535.8 11       2547.0  5         6334  8      10

          486          482.28 20       3421.1  3       4
         1172         1168.21 35       4106.4  4       4
          888          883.97 22      4477.64  7       4
       2329.5  9       2326.2  5         6334  8       4

         1363         1366.15  5      2938.64  5       3
       1428.1         1429.52 20       3421.1  3       3
         1243         1245.97 21       3594.8  4       3
         1599         1602.46 21       3594.8  4       3
       1809.1         1810.62  5     3801.958 23       3
          950          946.81 22       3885.3  4       3
        604.0          605.55 27       4025.9  4       3
       2455.4         2453.92 22       4025.9  4       3
       4024.8         4026.14 22       4025.9  4       3
          595          592.38 22      4477.64  7       3
        827.8  6        829.7  5       7179.8  3       3





List of gammas with uncertainty in RI being adjusted:
-----------------------------------------------
  E(gamma)   E(level)            RI            
                      -------------------------
                          Original     Adjusted
-----------------------------------------------
  1572.327   1572.378       100          100  0
   1991.26    1991.28       100          100  0
    356.66   2347.789     0.084 LT      0.04  4
     725.1    2717.00         5 LT       2.5 25
    1145.7    2717.00         5 LT       2.5 25
       586    2938.64        10 LT         5  5
       942    2938.64        20 LT        10 10
      1363    2938.64        15 LT         8  8
   2938.57    2938.64       100          100  0
       486     3421.1         4 LT       2.0 20
     703.0     3421.1         6 LT       3.0 30
    1072.2     3421.1         7 LT       3.5 35
    1428.1     3421.1        30 LT        15 15
    1848.6     3421.1         7 LT       3.5 35
      3423     3421.1       100          100  0
       657     3594.8        10 LT         5  5
      1243     3594.8        15 LT         8  8
      1599     3594.8        17 LT         9  9
      2020     3594.8        17 LT         9  9
    1809.1   3801.958       8.9 LT         5  5
    1824.7     3818.1       100          100  0
     464.0     3885.3        30 LT        15 15
       950     3885.3        12 LT         6  6
    1167.0     3885.3        15 LT         8  8
    2312.6     3885.3        16 LT         8  8
      1542       3895       100          100  0
       467     4025.9        14 LT         7  7
     604.0     4025.9        28 LT        14 14
      1309     4025.9        22 LT        11 11
      2037     4025.9        28 LT        14 14
    4024.8     4025.9        36 LT        18 18
       549     4106.4       4.6 LT       2.3 23
       686     4106.4       4.6 LT       2.3 23
      1389     4106.4        12 LT         6  6
      1758     4106.4       5.8 LT       2.9 29
      2114     4106.4       8.1 LT         4  4
      2535     4106.4       5.8 LT       2.9 29
       387   4189.280       7.7 LT         4  4
       597   4189.280       7.7 LT         4  4
    631.32   4189.280       2.8 LT       1.4 14
       768   4189.280       7.7 LT         4  4
      1471   4189.280       9.6 LT         5  5
      2196   4189.280        15 LT         8  8
       595    4477.64       8.2 LT         4  4
       678    4477.64       8.2 LT         4  4
       888    4477.64       8.2 LT         4  4
       922    4477.64       8.2 LT         4  4
      1059    4477.64        16 LT         8  8
      1545    4477.64        12 LT         6  6
      2131    4477.64        13 LT         7  7
    5752.0     5752.5       100          100  0
   4268.65   5841.485       100          100  0
    6018.2     6018.8       100          100  0
    6293.2    6293.93       100          100  0
    6355.0    6354.89       100          100  0
    6419.3     6419.9       100          100  0
    6628.5    6629.43       100          100  0
    6760.3     6761.0       100          100  0
    356.66    6986.10     0.073 LT      0.04  4
    631.32    6986.10     0.123 LT      0.06  6
     844.2     8023.7       100          100  0
    2868.7    10048.4       100          100  0
    2420.6    12469.1       100          100  0
-----------------------------------------------


End of report

