** Java program for fitting gammas&calculating feedings (version 07/17/2025) **
Generated at: Thu 07/24/2025 at 02:55:16 AM EDT

 Input file: D:\X\ND\ENSDF\A35\S35\new\S35_ng_E_thermal.ens
Report file: D:\X\ND\Files\Java_GTOL.rpt
Output file: D:\X\ND\Files\Java_GTOL.out

Rules for assigning uncertainties to gamma energies where not available:
(unless otherwise specified by "DEG=" at the end (col>80) of gamma line)
   Rule 0: No. of decimal digits=0, uncertainty=1
   Rule 1: No. of decimal digits=1, uncertainty=0.5
   Rule 2: No. of decimal digits=2, uncertainty=0.05

(Above rules are by default for all gamma-ray energies, and will be;
 overridden by a DEG option at the end of a gamma-line individually
 or by a global DEG option at the top of a dataset)


 assumptions for non-numerical uncertainties in RI and TI, unless otherwise specified:
    DRI                assumed %DRI        
    -----------        ------------        
    Empty              20
    LT or LE           50 for DRI(+); assumed RI=DRI(-)=%(100-this value)
    GT or GE           100000000 for DRI(+); assumed DRI(-)=0
    AP                 50
    CA                 50
    SY                 50

   * DCC theory=1.4% assumed if DCC not given
   * Uncertainty Limit=35 for rounding-up uncertainty in output


   * Gammas marked by "?" are also used in the fitting and intensity calculations
   * All gammas marked by "S" are ignored in the fitting and intensity calculations
   * RI flagged by "&" are used as upper limits (RI+DRI) in intensity calculations:
           Adjusted RI=(RI+DRI)/2=Adjusted DRI
   * Maximum&Minimum approach is used to propagate large uncertainty (>10%) except E(level)


##########################################################################################
        GTOL report for dataset: << 34S(N,G) E=THERMAL >>
##########################################################################################


-------------------------------------------------------------------------------------------------------------------
                 Level Energies From Input (old), Fitting (new), and Adjustments for uncertainties                 
-------------------------------------------------------------------------------------------------------------------
#Level  old           Input        From fit       After adding dE of base levels:          Has Gamma:        Fixed 
        kept                      (original)       metastable    fixed("G")/other     Deexciting  Feeding     Type 
------ ------ --------------- ---------------    --------------- ----------------     ---------- ----------  ------
     1  kept             0               0    *         -----            -----           ---        Yes        D   
     2  kept      1572.374  7     1572.374  7           -----            -----           Yes        Yes       ---  
     3  kept       1991.28  4      1991.28  4           -----            -----           Yes        Yes       ---  
     4  kept      2347.781  8     2347.781  8           -----            -----           Yes        Yes       ---  
     5  kept      2717.013 20     2717.013 20           -----            -----           Yes        Yes       ---  
     6  kept       2938.63  5      2938.63  5           -----            -----           Yes        Yes       ---  
     7  kept      3558.082 27     3558.082 27           -----            -----           Yes        Yes       ---  
     8  kept      3801.955 15     3801.955 15           -----            -----           Yes        Yes       ---  
     9  kept        4105.6  8       4105.6  8           -----            -----           Yes         No       ---  
    10  kept      4189.242 33     4189.242 33           -----            -----           Yes        Yes       ---  
    11  kept       4477.61  7      4477.61  7           -----            -----           Yes        Yes       ---  
    12  kept      4903.362 15     4903.362 15           -----            -----           Yes        Yes       ---  
    13  kept      4963.083 25     4963.083 25           -----            -----           Yes        Yes       ---  
    14  kept        5752.5  8       5752.5  8           -----            -----           Yes         No       ---  
    15  kept        6018.8  6       6018.8  6           -----            -----           Yes         No       ---  
    16  kept      6078.477 32     6078.477 32           -----            -----           Yes        Yes       ---  
    17  kept       6293.93  6      6293.93  6           -----            -----           Yes        Yes       ---  
    18  kept       6354.89 23      6354.89 23           -----            -----           Yes        Yes       ---  
    19  kept        6419.9 11       6419.9 11           -----            -----           Yes         No       ---  
    20  kept       6629.43  9      6629.43  9           -----            -----           Yes        Yes       ---  
    21  kept        6761.0 12       6761.0 12           -----            -----           Yes         No       ---  
    22  kept      6986.099 24     6986.099 24           -----            -----           Yes        ---       ---  
-------------------------------------------------------------------------------------------------------------------
NOTE: --- indicates Not Applicable.
        * indicates level fixed in fitting.
        & from original uncertainty adjusted based on input settings.
        # non-numerical uncertainty is from fitting gammas or end-level.
      Quoted values under "From fit" for fixed levels are taken from their input values.
      Fixed Type="A": assumed fixed by GTOL for level not connected to any level; not used in the fitting.
                ="D": assumed fixed by GTOL for meta-stable level, with %(all decay modes but IT)>99.75;
                      uncertainty will be added after fitting (1st level always this type by default).
                ="S": assumed fixed by GTOL for level which causes singular matrix problem; uncertainty=0 assumed.
                ="F": energy is fixed and uncertainty=0 assumed for fitting.
                ="G": energy is fixed in fitting and uncertainty will be added after fitting.
           Only type "F" and "G" are set by user by inserting the type letter in the energy field (col 10-20).



--------------------------------------------------------------------------------------------------------------------------------------------------------
                                                            Input and fitted Gamma Energies                                                             
#Gamma        Input EG    Adjusted dEG   Initial Level     Final Level     EG From fit   Difference   Diff/dEG  #sigma       Chi2    %Chi2      Input EG
--------------------------------------------------------------------------------------------------------------------------------------------------------
     1    1572.333  8         -----       1572.374  7            0         1572.336  7      -0.0026      0.322       0      0.104     0.07   1572.333  8 
     2     1991.27  5         -----        1991.28  4            0          1991.22  4       0.0525      1.050       1      1.102     0.71    1991.27  5 
     3      356.66  9         -----       2347.781  8      1991.28  4        356.50  4       0.1593      1.770       2      3.132     2.00     356.66  9 
     4     775.398  6         -----       2347.781  8     1572.374  7       775.398  6      -0.0003      0.047       0      0.002     0.00    775.398  6 
     5    2347.700 15         -----       2347.781  8            0         2347.697  8       0.0035      0.231       0      0.053     0.03   2347.700 15 
     6       368.5  4         -----       2717.013 20     2347.781  8       369.230 20      -0.7300      1.825       2      3.331     2.13      368.5  4 
     7    1144.591 20         -----       2717.013 20     1572.374  7      1144.620 19      -0.0286      1.430       1      2.045     1.31   1144.591 20 
     8     2716.99 16         -----       2717.013 20            0         2716.900 20       0.0901      0.563       1      0.317     0.20    2716.99 16 
     9     2938.58 11         -----        2938.63  5            0          2938.50  5       0.0818      0.743       1      0.553     0.35    2938.58 11 
    10      619.23 19         -----       3558.082 27      2938.63  5        619.45  5      -0.2150      1.131       1      1.280     0.82     619.23 19 
    11     1210.28  4         -----       3558.082 27     2347.781  8      1210.278 27       0.0019      0.049       0      0.002     0.00    1210.28  4 
    12      1566.7  3         -----       3558.082 27      1991.28  4       1566.77  5      -0.0656      0.219       0      0.048     0.03     1566.7  3 
    13      3558.1  5         -----       3558.082 27            0         3557.887 27       0.2127      0.425       0      0.181     0.12     3558.1  5 
    14      863.28 28         -----       3801.955 15      2938.63  5        863.31  5      -0.0324      0.116       0      0.013     0.01     863.28 28 
    15     1084.79 15         -----       3801.955 15     2717.013 20      1084.923 23      -0.1333      0.889       1      0.790     0.51    1084.79 15 
    16     1454.09  4         -----       3801.955 15     2347.781  8      1454.141 14      -0.0512      1.279       1      1.636     1.05    1454.09  4 
    17    2229.510 16         -----       3801.955 15     1572.374  7      2229.505 14       0.0052      0.323       0      0.104     0.07   2229.510 16 
    18     3801.73  4         -----       3801.955 15            0         3801.733 15      -0.0029      0.073       0      0.005     0.00    3801.73  4 
    19      4105.3  8         -----         4105.6  8            0           4105.3  8       0.0000      0.000       0      0.000     0.00     4105.3  8 
    20      631.32 24         -----       4189.242 33     3558.082 27        631.15  4       0.1658      0.691       1      0.477     0.31     631.32 24 
    21     1250.61  5         -----       4189.242 33      2938.63  5       1250.59  4       0.0228      0.456       0      0.208     0.13    1250.61  5 
    22      1840.2 12         -----       4189.242 33     2347.781  8      1841.409 33      -1.2090      1.007       1      1.015     0.65     1840.2 12 
    23      2616.8 13         -----       4189.242 33     1572.374  7      2616.763 33       0.0366      0.028       0      0.001     0.00     2616.8 13 
    24     4188.95  5         -----       4189.242 33            0         4188.973 33      -0.0226      0.452       0      0.204     0.13    4188.95  5 
    25     1760.55 11         -----        4477.61  7     2717.013 20       1760.55  7      -0.0007      0.006       0      0.000     0.00    1760.55 11 
    26      2905.1  4         -----        4477.61  7     1572.374  7       2905.11  7      -0.0084      0.021       0      0.000     0.00     2905.1  4 
    27     1101.92 31         -----       4903.362 15     3801.955 15      1101.389 19       0.5310      1.713       2      2.934     1.88    1101.92 31 
    28      1964.8  2         -----       4903.362 15      2938.63  5       1964.67  5       0.1277      0.639       1      0.408     0.26     1964.8  2 
    29     2184.16 19         -----       4903.362 15     2717.013 20      2186.276 24      -2.1159     11.136    ##11    124.015    79.38    2184.16 19 
    30    2555.492 14         -----       4903.362 15     2347.781  8      2555.481 13       0.0109      0.777       1      0.604     0.39   2555.492 14 
    31     3330.84 13         -----       4903.362 15     1572.374  7      3330.819 14       0.0215      0.165       0      0.027     0.02    3330.84 13 
    32     4902.99  5         -----       4903.362 15            0         4902.994 15      -0.0033      0.066       0      0.004     0.00    4902.99  5 
    33     1161.05 20         -----       4963.083 25     3801.955 15      1161.108 25      -0.0579      0.289       0      0.084     0.05    1161.05 20 
    34    1404.967 24         -----       4963.083 25     3558.082 27      1404.971 22      -0.0043      0.180       0      0.032     0.02   1404.967 24 
    35      2615.2  2         -----       4963.083 25     2347.781  8      2615.197 24       0.0027      0.013       0      0.000     0.00     2615.2  2 
    36      2972.0  4         -----       4963.083 25      1991.28  4       2971.67  5       0.3306      0.826       1      0.683     0.44     2972.0  4 
    37     3390.62  7         -----       4963.083 25     1572.374  7      3390.533 24       0.0867      1.239       1      1.535     0.98    3390.62  7 
    38     4963.06 22         -----       4963.083 25            0         4962.706 25       0.3546      1.612       2      2.598     1.66    4963.06 22 
    39      5752.0  8         -----         5752.5  8            0           5752.0  8       0.0000      0.000       0      0.000     0.00     5752.0  8 
    40      6018.2  6         -----         6018.8  6            0           6018.2  6       0.0000      0.000       0      0.000     0.00     6018.2  6 
    41      3139.9  5         -----       6078.477 32      2938.63  5       3139.70  6       0.2053      0.411       0      0.169     0.11     3139.9  5 
    42     6077.87 11         -----       6078.477 32            0         6077.910 32      -0.0399      0.363       0      0.132     0.08    6077.87 11 
    43      6293.2  4         -----        6293.93  6            0          6293.32  6      -0.1216      0.304       0      0.092     0.06     6293.2  4 
    44      6355.0  6         -----        6354.89 23            0          6354.27 23       0.7301      1.217       1      1.481     0.95     6355.0  6 
    45      6419.3 11         -----         6419.9 11            0           6419.3 11       0.0000      0.000       0      0.000     0.00     6419.3 11 
    46      6628.5  6         -----        6629.43  9            0          6628.76  9      -0.2568      0.428       0      0.183     0.12     6628.5  6 
    47      6760.3 12         -----         6761.0 12            0           6760.3 12       0.0000      0.000       0      0.000     0.00     6760.3 12 
    48      356.66  9         -----       6986.099 24      6629.43  9        356.67  9      -0.0058      0.064       0      0.004     0.00     356.66  9 
    49      631.32 24         -----       6986.099 24      6354.89 23        631.20 22       0.1168      0.487       0      0.237     0.15     631.32 24 
    50      692.16  5         -----       6986.099 24      6293.93  6        692.16  5      -0.0019      0.038       0      0.001     0.00     692.16  5 
    51     907.608 23         -----       6986.099 24     6078.477 32       907.609 23      -0.0013      0.057       0      0.003     0.00    907.608 23 
    52    2022.954  9         -----       6986.099 24     4963.083 25      2022.953  9       0.0015      0.164       0      0.027     0.02   2022.954  9 
    53     2082.83 17         -----       6986.099 24     4903.362 15      2082.670 27       0.1604      0.943       1      0.890     0.57    2082.83 17 
    54     2508.39  8         -----       6986.099 24      4477.61  7       2508.39  7      -0.0007      0.009       0      0.000     0.00    2508.39  8 
    55     2796.74  4         -----       6986.099 24     4189.242 33      2796.737 31       0.0034      0.085       0      0.007     0.00    2796.74  4 
    56     3183.95  4         -----       6986.099 24     3801.955 15      3183.988 25      -0.0385      0.962       1      0.925     0.59    3183.95  4 
    57     4268.65 14         -----       6986.099 24     2717.013 20      4268.806 30      -0.1560      1.114       1      1.241     0.79    4268.65 14 
    58     4638.14 14         -----       6986.099 24     2347.781  8      4637.988 24       0.1526      1.090       1      1.188     0.76    4638.14 14 
    59      6985.7 10         -----       6986.099 24            0         6985.350 24       0.3501      0.350       0      0.123     0.08     6985.7 10 
                                                                                                                 chi2=    156.231
                                                                                                             chi2/dof=      4.111
--------------------------------------------------------------------------------------------------------------------------------------------------------
NOTE: * at initial level indicates level fixed in the fitting.
      ## in #sigma column marks number of sigma>=4.
      Quoted level energies are from fit.
      #sigma=round(Diff/dEG), by which the input EG differs from the fitted one.
      dEG=1 keV is assigned if not given, unless otherwise specified at the end of each gamma line.


#of Levels= 22      #of fixed Levels= 1      #of Gammas in fitting= 59
Degrees of Freedom (dof)= 38
    Chi2= 156.2313
Chi2/dof= 4.1114
(critical Chi2/dof= 1.6090)

*** Warning: Chi2/dof greater than critical value= 1.6090 ***
    The following input EG values differ by 3 or more sigma from fitted ones:
    Try increasing uncertainties for some of them to improve the fitting.

        Input EG     EG from fit   Initial Level  #sigma
 --------------- --------------- --------------- -------
      2184.16 19     2186.276 24     4903.362 15      11



-----------------------------------------------------------------------------------------------------------------
                     Calculated Net Feeding from (gamma+ce) Intensity Balance at Each Level                      
-----------------------------------------------------------------------------------------------------------------
         Level        RI           RI         RI          TI           TI         TI          Net Feeding (%)  
                     (OUT)        (IN)       (NET)       (OUT)        (IN)       (NET)        CALC*       INPUT
-----------------------------------------------------------------------------------------------------------------
          0           0          98  5      -98  5        0          98  5     -98  5         -98  5            
   1572.374  7     35.0 34     34.2 21        1  4     35.0 34     34.2 21       1  4           1  4            
    1991.28  4     0.54  6     0.67 11    -0.13 17     0.54  6     0.67 11   -0.13 17       -0.13 15            
   2347.781  8       66  5       63  5        3  7       66  5       63  5       3  7           3  7            
   2717.013 20     0.87  8      5.2  5     -4.4  5     0.87  8      5.2  5    -4.4  5        -4.4  5            
    2938.63  5     0.89  9     0.74 11     0.15 20     0.89  9     0.74 11    0.15 20        0.15 20            
   3558.082 27     0.85 10     0.63  7     0.22 17     0.85 10     0.63  7    0.22 17        0.22 17            
   3801.955 15      6.0  4      6.2  6     -0.2  7      6.0  4      6.2  6    -0.2  7        -0.2  5            
     4105.6  8    0.048 17        0       0.048 17    0.048 17        0      0.048 17       0.048 17            
   4189.242 33      5.2  5      4.9  4      0.3  6      5.2  5      4.9  4     0.3  6         0.3  6            
    4477.61  7     0.29  5     0.38  4    -0.09  9     0.29  5     0.38  4   -0.09  9       -0.09  9            
   4903.362 15     19.8 10     15.9 15      3.9 18     19.8 10     15.9 15     3.9 18         3.9 18            
   4963.083 25     10.1  6     11.0 10     -0.9 12     10.1  6     11.0 10    -0.9 12        -0.9 10            
     5752.5  8    0.018  5        0       0.018  5    0.018  5        0      0.018  5       0.018  5            
     6018.8  6    0.020  7        0       0.020  7    0.020  7        0      0.020  7       0.020  7            
   6078.477 32     0.43  5     0.56 10    -0.13 15     0.43  5     0.56 10   -0.13 15       -0.13 14            
    6293.93  6    0.065 14    0.133 17   -0.068 31    0.065 14    0.133 17  -0.068 31      -0.068 31            
    6354.89 23    0.046  7    0.035 35     0.01  4    0.046  7    0.035 35    0.01  4        0.01  4            
     6419.9 11    0.016  5        0       0.016  5    0.016  5        0      0.016  5       0.016  5            
    6629.43  9    0.030  6    0.021 21    0.010 27    0.030  6    0.021 21   0.010 27       0.010 27            
     6761.0 12    0.019  8        0       0.019  8    0.019  8        0      0.019  8       0.019  8            
   6986.099 24       95  6        0          95  6       95  6        0         95  6          95  6            

                                                                      Sum of Feedings=       104 10         0 0
-----------------------------------------------------------------------------------------------------------------
From input:
  NR=      1       For normalizing RI to per 100 parent decays via this branch
  NT=              For normalizing TI to per 100 parent decays via this branch
  BR=              Branching ratio of this decay branch among all decay branches
  NB=    1.0       For normalizing IB to per 100 parent decays via this branch

* Calculated feedings are based on input NR. Uncertainties could be over-counted for gammas used in
    normalization to deduce NR.
  More accurate level feedings could be obtained directly from the normalization process for deducing NR
    where correlations are taken into account. See the table of level feedings in Java_GABS.rpt.


List of gammas with uncertainty in RI being adjusted:
-----------------------------------------------
  E(gamma)   E(level)            RI            
                      -------------------------
                          Original     Adjusted
-----------------------------------------------
    356.66   2347.781     0.037  4     0.021 21
    631.32   4189.242     0.060  9     0.035 35
    356.66   6986.099     0.037  4     0.021 21
    631.32   6986.099     0.060  9     0.035 35
-----------------------------------------------


End of report

