Java program for checking keynumbers (update 11/11/2025): error report
Generated at: Tue 04/21/2026 at 02:52:27 PM EDT



*** In dataset:  34CL: 33S(P,G)

--- : -------------------------------------- line#=112  in  34CL: 33S(P,G)
   1959Ku79  : <W> probably irrelevant. Check if typo.
                   #title=Energy measurements of proton resonances in light nuclei
             Also in: line#=964  in dataset: 1959Ku79
                      line#=965  in dataset: 1959Ku79
                      line#=1002 in dataset: 1959Ku79
                      line#=1005 in dataset: 1959Ku79



*** In dataset:  34CL: 34CL IT DECAY (31.99 M)

--- : -------------------------------------- line#=23   in  34CL: 34CL IT DECAY (31.99 M)
   1953St42  : <W> probably irrelevant. Check if typo.
                   #title=Die Lage der ersten Anregungsstufe in Kernen mit gerader
                          Protonen-undgerader Neutronenzahl
             Also in: line#=47   in dataset: 1953St42

--- : -------------------------------------- line#=30   in  34CL: 34CL IT DECAY (31.99 M)
   2012Er02  : <W> probably irrelevant. Check if typo.
                   #title=Coriolis contribution to excited states of deformed {+163}Dy 
                          and {+173}Yb  nuclei with multiple mass parameters
             Also in: line#=41   in dataset: 2012Er02



*** In dataset:  34CL: 35CL(D,T)

--- : -------------------------------------- line#=13   in  34CL: 35CL(D,T)
   1966Ba54  : <W> probably irrelevant. Check if typo.
                   #title=Normalization of and Finite-Range Effects in ({+3}He,d) and
                          (t,d) Reactions



*** In dataset:  34CL: 35CL(P,D)

--- : -------------------------------------- line#=19   in  34CL: 35CL(P,D)
   1966Ba54  : <W> probably irrelevant. Check if typo.
                   #title=Normalization of and Finite-Range Effects in ({+3}He,d) and
                          (t,d) Reactions




--------------------------------------------------------------------------------
Keynumbers that are probably irrelevant to the nuclides in input files:
(probably due to mistyping if so): total number=4

1953St42:  34CL  title= Die Lage der ersten Anregungsstufe in Kernen mit gerader Protonen-undgerader Neutronenzahl
1959Ku79:  34CL  title= Energy measurements of proton resonances in light nuclei
1966Ba54:  34CL  title= Normalization of and Finite-Range Effects in ({+3}He,d) and (t,d) Reactions
2012Er02:  34CL  title= Coriolis contribution to excited states of deformed {+163}Dy  and {+173}Yb  nuclei with multiple mass parameters
