Program for consistency check: output for Error and Warnings (version 04/21/2026)
Generated at: Tue 04/21/2026 at 05:30:49 PM EDT

Warning: No adopted dataset for nuclide=34CL!


################################################################################
In dataset of 34CL: XF 27AL(12C,ANG)     XREF Tag=F

 34CL  L 4743.59   34 6-                                                        
 34CL  G 4597.1    7  36.2   19                                 36        5     
                               *                                                  <W> large deltaJ=3 ([E3]), but no Mult is given
                                                                                        JI=6- JF(146.36)=3+

################################################################################
In dataset of 34CL: XI 32S(3HE,PG)     XREF Tag=I

 34CL  L 146.36    3  3+                                                        
 34CL  G 146.36    3                                                            
                               *                                                  <W> large deltaJ=3 ([M3]), but no Mult is given
                                                                                        JI=3+ JF(0.0)=0+
 34CL  L 2181.5       1,2,3            0.32 PS   6                              
 34CL  G 2181         1      LT                                                 
                     *                                                            <W> check Jf&Ji for deltaJ>2 for gamma=2181
                                                                                        JI=1,2,3 JF(0.0)=0+
 34CL  L 2376.5       4                186 FS    35                             
 34CL  G 1710.9       40     LT                                                 
                               *                                                  <W> large deltaJ=3 ([M3]), but no Mult is given
                                                                                        JI=4 JF(665.58)=1
 34CL  G 1915.4       40     LT                                                 
                               *                                                  <W> large deltaJ=3 ([M3]), but no Mult is given
                                                                                        JI=4 JF(461.00)=1
 34CL  G 2376         10     LT                                                 
                               *                                                  <W> large deltaJ=4 ([E4]), but no Mult is given
                                                                                        JI=4 JF(0.0)=0+

################################################################################
In dataset of 34CL: XK 33S(P,G)     XREF Tag=K

 34CL  L 146.4     1  3+                                                        
 34CL  G 146.4                                                                  
                               *                                                  <W> large deltaJ=3 ([M3]), but no Mult is given
                                                                                        JI=3+ JF(0)=0+
 34CL  L 2181.10   8  3                0.45 PS   13                             
 34CL  G 2181.03      2.1    LT                                             D   
                               *                                                  <W> large deltaJ=3 ([M3]), but no Mult is given
                                                                                        JI=3 JF(0)=0+
 34CL  L 2375.7    2  4                139 FS    35                             
 34CL  G 1710.4       2.0    LT                                                 
                               *                                                  <W> large deltaJ=3 ([M3]), but no Mult is given
                                                                                        JI=4 JF(665.3)=1
 34CL  G 1914.4       4      LT                                                 
                               *                                                  <W> large deltaJ=3 ([M3]), but no Mult is given
                                                                                        JI=4 JF(461.2)=1+
 34CL  G 2375.6       2.0    LT                                                 
                               *                                                  <W> large deltaJ=4 ([E4]), but no Mult is given
                                                                                        JI=4 JF(0)=0+
 34CL  L 3545.08   15 3                102 FS    21                             
 34CL  G 3544.88      3.1    LT                                                 
                               *                                                  <W> large deltaJ=3 ([M3]), but no Mult is given
                                                                                        JI=3 JF(0)=0+
 34CL  L 3600.28   11 4                0.5 PS    GT                             
 34CL  G 2934.8       4.2    LT                                                 
                               *                                                  <W> large deltaJ=3 ([M3]), but no Mult is given
                                                                                        JI=4 JF(665.3)=1
 34CL  G 3138.9       4.2    LT                                                 
                               *                                                  <W> large deltaJ=3 ([M3]), but no Mult is given
                                                                                        JI=4 JF(461.2)=1+
 34CL  G 3600.08      4.2    LT                                                 
                               *                                                  <W> large deltaJ=4 ([E4]), but no Mult is given
                                                                                        JI=4 JF(0)=0+
 34CL  L 3631.7    3  5                0.76 PS   GT                             
 34CL  G 2401.3       3.7    LT                                                 
                               *                                                  <W> large deltaJ=3 ([M3]), but no Mult is given
                                                                                        JI=5 JF(1230.33)=2+
 34CL  G 2966.3       3.7    LT                                                 
                               *                                                  <W> large deltaJ=4 ([E4]), but no Mult is given
                                                                                        JI=5 JF(665.3)=1
 34CL  G 3170.3       5.5    LT                                                 
                               *                                                  <W> large deltaJ=4 ([E4]), but no Mult is given
                                                                                        JI=5 JF(461.2)=1+
 34CL  G 3631.5       5.5    LT                                                 
                               *                                                  <W> large deltaJ=5 ([M5]), but no Mult is given
                                                                                        JI=5 JF(0)=0+
 34CL  L 3983.0    3  3                131 FS    28                             
 34CL  G 3982.8       5.2    LT                                                 
                               *                                                  <W> large deltaJ=3 ([M3]), but no Mult is given
                                                                                        JI=3 JF(0)=0+
 34CL  L 4076.2    2  4                0.3 PS    GT                             
 34CL  G 3614.8       3.3    LT                                                 
                               *                                                  <W> large deltaJ=3 ([M3]), but no Mult is given
                                                                                        JI=4 JF(461.2)=1+
 34CL  G 4075.9       3.3    LT                                                 
                               *                                                  <W> large deltaJ=4 ([E4]), but no Mult is given
                                                                                        JI=4 JF(0)=0+
 34CL  L 4446.6    2  4                116 FS    24                             
 34CL  G 4446.3       3      LT                                                 
                               *                                                  <W> large deltaJ=4 ([E4]), but no Mult is given
                                                                                        JI=4 JF(0)=0+
 34CL  L 5577.6    10                                           447.0     10    
 34CL  G 1700         7      3                                                 ?
         *                                                                        <W> No final level found
 34CL  L 5635.75   20 1,2                                       507.6     2     
 34CL  G 2004.0       0.3    LT                                             F   
                     *                                                            <W> check Jf&Ji for deltaJ>2 for gamma=2004.0
                                                                                        JI=1,2 JF(3631.7)=5
 34CL  G 3259.9       0.3    LT                                             F   
                     *                                                            <W> check Jf&Ji for deltaJ>2 for gamma=3259.9
                                                                                        JI=1,2 JF(2375.7)=4
 34CL  L 5940.8    10 1:3                                       822       1     
 34CL  G 3564.9       0.56                                                      
                     *                                                            <W> check Jf&Ji for deltaJ>2 for gamma=3564.9
                                                                                        JI=1:3 JF(2375.7)=4
 34CL  G 5940.2       0.99                                                      
                     *                                                            <W> check Jf&Ji for deltaJ>2 for gamma=5940.2
                                                                                        JI=1:3 JF(0)=0+
 34CL  L 6169.4    11 3                                         1057.6    5     
 34CL  G 6168.8       0.91   LT                                                 
                               *                                                  <W> large deltaJ=3 ([M3]), but no Mult is given
                                                                                        JI=3 JF(0)=0+
 34CL  L 6181.27   20 1,2                                       1069.8    2     
 34CL  G 3805.3       0.94   LT                                                 
                     *                                                            <W> check Jf&Ji for deltaJ>2 for gamma=3805.3
                                                                                        JI=1,2 JF(2375.7)=4
 34CL  L 6208.2    5  4                1.4 FS    LT             1097.5    5     
 34CL  G 5542.4       0.21   LT                                                 
                               *                                                  <W> large deltaJ=3 ([M3]), but no Mult is given
                                                                                        JI=4 JF(665.3)=1
 34CL  G 5746.5       0.21   LT                                                 
                               *                                                  <W> large deltaJ=3 ([M3]), but no Mult is given
                                                                                        JI=4 JF(461.2)=1+
 34CL  G 6207.6       0.21   LT                                                 
                               *                                                  <W> large deltaJ=4 ([E4]), but no Mult is given
                                                                                        JI=4 JF(0)=0+
 34CL  L 6273.3    13 3                                         1164.6    13    
 34CL  G 6272.7       0.15   LT                                                 
                               *                                                  <W> large deltaJ=3 ([M3]), but no Mult is given
                                                                                        JI=3 JF(0)=0+
 34CL  L 6322.0    13 1,2                                       1214.8    13    
 34CL  G 2245.7       6.8    34                                             D   
                     *                                                            <W> check Jf&Ji for deltaJ>2 for gamma=2245.7
                                                                                        JI=1,2 JF(4076.2)=4
 34CL  G 2690.2       2.3    12                                             D   
                     *                                                            <W> check Jf&Ji for deltaJ>2 for gamma=2690.2
                                                                                        JI=1,2 JF(3631.7)=5
 34CL  G 3946.1       4.8    LT                                                 
                     *                                                            <W> check Jf&Ji for deltaJ>2 for gamma=3946.1
                                                                                        JI=1,2 JF(2375.7)=4
 34CL  L 6450.54   20 3,4                                       1347.3    2     
 34CL  G 5784.7       1.0    LT                                                 
                     *                                                            <W> check Jf&Ji for deltaJ>2 for gamma=5784.7
                                                                                        JI=3,4 JF(665.3)=1
 34CL  G 5988.8       0.83   LT                                                 
                     *                                                            <W> check Jf&Ji for deltaJ>2 for gamma=5988.8
                                                                                        JI=3,4 JF(461.2)=1+
 34CL  G 6449.88      1.7    LT                                                 
                     *                                                            <W> check Jf&Ji for deltaJ>2 for gamma=6449.88
                                                                                        JI=3,4 JF(0)=0+
 34CL  L 6486.9    14 1:4                                       1384.8    14    
 34CL  G 5821.1       3.3    17                                             D   
                     *                                                            <W> check Jf&Ji for deltaJ>2 for gamma=5821.1
                                                                                        JI=1:4 JF(665.3)=1
 34CL  G 6025.1       13.3   13                                             D   
                     *                                                            <W> check Jf&Ji for deltaJ>2 for gamma=6025.1
                                                                                        JI=1:4 JF(461.2)=1+
 34CL  G 6486.2       33.3   33                                             D   
                     *                                                            <W> check Jf&Ji for deltaJ>2 for gamma=6486.2
                                                                                        JI=1:4 JF(0)=0+
 34CL  L 6640.92   7  4                                         1543.50   5     
 34CL  G 5975.1       0.68   LT                                                 
                               *                                                  <W> large deltaJ=3 ([M3]), but no Mult is given
                                                                                        JI=4 JF(665.3)=1
 34CL  G 6179.1       0.46   LT                                                 
                               *                                                  <W> large deltaJ=3 ([M3]), but no Mult is given
                                                                                        JI=4 JF(461.2)=1+
 34CL  G 6640.22      0.91   LT                                                 
                               *                                                  <W> large deltaJ=4 ([E4]), but no Mult is given
                                                                                        JI=4 JF(0)=0+
 34CL  L 6797.4    16 1:5                                       1704.8    16    
 34CL  G 4421.4       1.10   55                                             D   
                     *                                                            <W> check Jf&Ji for deltaJ>2 for gamma=4421.4
                                                                                        JI=1:5 JF(2375.7)=4
 34CL  G 4639.2       0.55   28                                             D   
                     *                                                            <W> check Jf&Ji for deltaJ>2 for gamma=4639.2
                                                                                        JI=1:5 JF(2157.9)=2+
 34CL  G 4909.7       4.4    22                                             D   
                     *                                                            <W> check Jf&Ji for deltaJ>2 for gamma=4909.7
                                                                                        JI=1:5 JF(1887.29)=2+
 34CL  G 6131.5       0.22   LT                                                 
                     *                                                            <W> check Jf&Ji for deltaJ>2 for gamma=6131.5
                                                                                        JI=1:5 JF(665.3)=1
 34CL  G 6335.6       0.33   LT                                                 
                     *                                                            <W> check Jf&Ji for deltaJ>2 for gamma=6335.6
                                                                                        JI=1:5 JF(461.2)=1+
 34CL  G 6796.7       0.44   LT                                                 
                     *                                                            <W> check Jf&Ji for deltaJ>2 for gamma=6796.7
                                                                                        JI=1:5 JF(0)=0+
 34CL  L 6871.18   30 5                                         1780.8    3     
 34CL  G 4712.9       0.87   LT                                                 
                               *                                                  <W> large deltaJ=3 ([M3]), but no Mult is given
                                                                                        JI=5 JF(2157.9)=2+
 34CL  G 6205.3       1.3    LT                                                 
                               *                                                  <W> large deltaJ=4 ([E4]), but no Mult is given
                                                                                        JI=5 JF(665.3)=1
 34CL  G 6409.3       1.5    LT                                                 
                               *                                                  <W> large deltaJ=4 ([E4]), but no Mult is given
                                                                                        JI=5 JF(461.2)=1+
 34CL  G 6870.44      1.3    LT                                                 
                               *                                                  <W> large deltaJ=5 ([M5]), but no Mult is given
                                                                                        JI=5 JF(0)=0+
 34CL  L 6918.0    17 3,4                                       1829.0    17    
 34CL  G 6252.1       0.16   LT                                                 
                     *                                                            <W> check Jf&Ji for deltaJ>2 for gamma=6252.1
                                                                                        JI=3,4 JF(665.3)=1
 34CL  G 6456.1       0.32   LT                                                 
                     *                                                            <W> check Jf&Ji for deltaJ>2 for gamma=6456.1
                                                                                        JI=3,4 JF(461.2)=1+
 34CL  G 6917.2       0.65   LT                                                 
                     *                                                            <W> check Jf&Ji for deltaJ>2 for gamma=6917.2
                                                                                        JI=3,4 JF(0)=0+
 34CL  L 7078.89   9  3                                         1994.86   7     
 34CL  G 7078.10      3.0    LT                                                 
                               *                                                  <W> large deltaJ=3 ([M3]), but no Mult is given
                                                                                        JI=3 JF(0)=0+


End of report
