 35S     1997Be42                      1997Be42                  ENSDF    202509
 35S   H TYP=FUL$AUT=LIJIE SUN AND JUN CHEN$                                    
 35S 2 H CIT=ENSDF$CUT=30-Sep-2025$                                             
 35S   H TYP=FUL$AUT=JUN CHEN, JOHN CAMERON AND BALRAJ SINGH$                   
 35S 2 H CIT=NDS 112,2715 (2011)$CUT=20-Oct-2011$                               
 35S  c  1997Be42: Thermal neutrons were provided from the reactor BR1 of the   
 35S 2c  Studiecentrum voor kernenergie in Mol, Belgium. |g rays following      
 35S 3c  thermal neutron capture by a 313.6-mg, 93.26%-enriched {+34}S and      
 35S 4c  5.933%-enriched {+36}S target were detected using a Ge detector.       
 35S 5c  Measured |s{-|g}, E|g, and I|g for 11 |g-ray transitions. Deduced 5    
 35S 6c  levels. Compared with direct-capture (DC) model calculations.          
 35S   L 0                                                                      
 35S   L 1572                                                                   
 35S   G 1572.4       32     4                                  179.8     14    
 35S   L 2348                                                                   
 35S   G 2347.8       40     6                                  225.8     16    
 35S   L 3802                                                                   
 35S   G 3802.0       2.6    4                                  14.4      8     
 35S   L 4189                                                                   
 35S   G 4189.3       2.8    4                                  15.4      9     
 35S   L 4903                                                                   
 35S   G 4903.4       4.2    6                                  23.5      10    
 35S   L 4963                                                                   
 35S   G 4963.1       2.18   33                                 12.2      8     
 35S   L 6986                                                                   
 35S   G 2022.9       9.1    12                                 50.7      9     
 35S   G 2082.6       12.6   17                                 70.3      10    
 35S   G 2796.8       4.9    7                                  27.7      8     
 35S   G 3184.0       5.7    8                                  32.0      9     
 35S   G 4638.2       50     7                                  280.8     25    
