Java program for checking keynumbers (update 11/11/2025): error report
Generated at: Wed 04/15/2026 at 05:37:50 PM EDT



*** In dataset:  35S : 36S(P,D)

--- : -------------------------------------- line#=18   in  35S : 36S(P,D)
@  2021JoAA  : <E> no match found in NSR



*** In dataset:  35S : 9BE(36S,35SG)

--- : -------------------------------------- line#=1    in  35S : 9BE(36S,35SG)
@  2021JOAA  : <E> no match found in NSR
             Also in: line#=25   in dataset: 2021JoAA
                      line#=27   in dataset: 2021JoAA
                      line#=36   in dataset: 2021JoAA
                      line#=37   in dataset: 2021JoAA
                      line#=38   in dataset: 2021JoAA
                      line#=41   in dataset: 2021JoAA
                      line#=42   in dataset: 2021JoAA
                      line#=51   in dataset: 2021JoAA
                      line#=55   in dataset: 2021JoAA
                      line#=60   in dataset: 2021JoAA
                      line#=65   in dataset: 2021JoAA
                      line#=71   in dataset: 2021JoAA
                      line#=77   in dataset: 2021JoAA
                      line#=82   in dataset: 2021JoAA
                      line#=87   in dataset: 2021JoAA
                      line#=92   in dataset: 2021JoAA
                      line#=97   in dataset: 2021JoAA
                      line#=103  in dataset: 2021JoAA



*** In dataset:  35S : ADOPTED LEVELS, GAMMAS

--- : -------------------------------------- line#=56   in  35S : ADOPTED LEVELS, GAMMAS
   2018Py01  : <W> probably irrelevant. Check if typo.
                   #title=Year-2017 nuclear quadrupole moments
             Also in: line#=68   in dataset: 2018Py01

--- : -------------------------------------- line#=62   in  35S : ADOPTED LEVELS, GAMMAS
   1959Ca12  : <W> probably irrelevant. Check if typo.
                   #title=Direct Determination of the Half-Lives of Nine Nuclides
                   similar keynumber(s) nearby: 1949Co12




--------------------------------------------------------------------------------
Keynumbers that are probably irrelevant to the nuclides in input files:
(probably due to mistyping if so): total number=2

1959Ca12:  35S   title= Direct Determination of the Half-Lives of Nine Nuclides
2018Py01:  35S   title= Year-2017 nuclear quadrupole moments
