Program for consistency check: output for Error and Warnings (version 03/31/2026)
Generated at: Tue 04/14/2026 at 01:22:39 AM EDT


################################################################################
In dataset of 35S: XC 9BE(36S,35SG)     XREF Tag=C

 35S   L 1575      2  1/2+                             0        1.1       3     
 35S   G 1576      2                                                            
         *                                                                        <W> Check discrepancy in gamma energies:
                                                                                          this energy=1576      Adopted=1572.327
 35S   L 2353      2  3/2-                             1        0.4       1     
 35S   G 2352      2                                                            
         *                                                                        <W> Check discrepancy in gamma energies:
                                                                                          this energy=2352      Adopted=2347.700
 35S   L 2943      2                                   0        0.4       2     
 35S   G 2943      2                                                            
         *                                                                        <W> Check discrepancy in gamma energies:
                                                                                          this energy=2943      Adopted=2938.57
 35S   L 3602      2                                   2        0.3       1     
 35S   G 3602      2                                                            
         *                                                                        <W> This gamma is missing in Adopted Gammas at level=3594.62
         *                                                                        <W> No matching gamma within 5 keV found in Adopted
 35S   L 3821      3                                   3        0.3       1     
 35S   G 1830      2                                                            
         *                                                                        <W> Check discrepancy in gamma energies:
                                                                                          this energy=1830      Adopted=1824.7
 35S   L 3895      3                                   0        0.15      4     
 35S   G 1542      2                                                            
         *                                                                        <W> Check discrepancy in gamma energies:
                                                                                          this energy=1542      Adopted=1538.4

################################################################################
In dataset of 35S: XG 34S(N,N),(N,G):RESONANCES     XREF Tag=G

 35S   L 6985.54                                       0        -0.305         ?
         *                                                                        <W> Tag=G of this dataset missing in XREF of matched Adopted Level=6986.096
 35S   L 7279.13                       0.10 EV   3              302            ?
         *                                                                        <W> questionable level not placed in Adopted or discrepant.
                                                                                        closest level in Adopted:
                                                                                        7275.93    5 1/2+                XREF=G
 35S   L 7371.97                       0.12 EV                  397.6          ?
         *                                                                        <W> questionable level not placed in Adopted or discrepant.
                                                                                        closest level in Adopted:
                                                                                        7370.56    6 1/2-                XREF=GK(7375)

################################################################################
In dataset of 35S: XI 34S(D,P)     XREF Tag=I

 35S   L 7640      40                                  (2,3)                K   
         *                                                                        <W> 4 possible matches found in Adopted! Check XREF
                                                                                       @ 7648.9     6                     XREF=GI(7640*)
                                                                                       @ 7655.7     6                     XREF=GI(7640*)
                                                                                      #  7663.91   11                     XREF=G
                                                                                      #  7678.3     7                     XREF=G
                                                                                      *** Check for possible missing XREF assignment (# marked) of this tag=I

################################################################################
In dataset of 35S: XJ 34S(D,PG)     XREF Tag=J

 35S   L 3421.0    10 5/2+             69 FS     LT                             
 35S   G 703.0        6      LT                                                 
         *                                                                        <W> Check discrepancy in gamma energies:
                                                                                          this energy=703.0      Adopted=706.1
 35S   G 1072.2       7      LT                                                 
         *                                                                        <W> Check discrepancy in gamma energies:
                                                                                          this energy=1072.2      Adopted=1075.4
 35S   G 1428.1       30     LT                                                 
         *                                                                        <W> Check discrepancy in gamma energies:
                                                                                          this energy=1428.1      Adopted=1431.9
 35S   L 3885.0    10 (5/2+)                                                    
 35S   G 1167.0       15     LT                                                 
         *                                                                        <W> Check discrepancy in gamma energies:
                                                                                          this energy=1167.0      Adopted=1169.19
 35S   G 1536.2       18     LT                                                 
         *                                                                        <W> Check discrepancy in gamma energies:
                                                                                          this energy=1536.2      Adopted=1538.4
 35S   G 1892.1       100                                                       
         *                                                                        <W> Check discrepancy in gamma energies:
                                                                                          this energy=1892.1      Adopted=1894.9
 35S   L 4025.0    10 3/2+,5/2+                                                 
 35S   G 1676.2       33     12                                                 
         *                                                                        <W> Check discrepancy in gamma energies:
                                                                                          this energy=1676.2      Adopted=1679.4
 35S   G 2032.0       10     LT                                                 
         *                                                                        <W> Check discrepancy in gamma energies:
                                                                                          this energy=2032.0      Adopted=2037

################################################################################
In dataset of 35S: X?0 36S(P,D)     XREF Tag=?0

 35S   L 0         5  3/2+                             2        3.5       4     
         *                                                                        <E> Tag=?0 of this dataset missing in XREF of matched Adopted Level=0.0
 35S   L 1569      5  1/2+                             0        1.28      14    
         *                                                                        <E> Tag=?0 of this dataset missing in XREF of matched Adopted Level=1572.370
 35S   L 1990      5  7/2-                             3        0.170     19    
         *                                                                        <E> Tag=?0 of this dataset missing in XREF of matched Adopted Level=1991.27
 35S   L 2348      5  3/2-                             1        0.033     4     
         *                                                                        <E> Tag=?0 of this dataset missing in XREF of matched Adopted Level=2347.779
 35S   L 2718      5  5/2+                             2        0.53      6     
         *                                                                        <E> Tag=?0 of this dataset missing in XREF of matched Adopted Level=2717.07
 35S   L 2937      5  3/2+                             2        0.034     4     
         *                                                                        <E> Tag=?0 of this dataset missing in XREF of matched Adopted Level=2938.62
 35S   L 3420      5  5/2+                             2        0.50      6     
         *                                                                        <E> Tag=?0 of this dataset missing in XREF of matched Adopted Level=3423.2
 35S   L 3558      5  (5/2+)                           (2)      0.0300    34    
         *                                                                        <E> Tag=?0 of this dataset missing in XREF of matched Adopted Level=3558.079
 35S   L 3592      5  (5/2+)                           (2)      0.0040    5     
         *                                                                        <E> Tag=?0 of this dataset missing in XREF of matched Adopted Level=3594.62
                     *                                                            <W> JPI here contradicts to adopted. Please check
                                                                                        Adopted JPI=7/2(+) this JPI=(5/2+)
 35S   L 3800      5  3/2-                             1        0.0200    23    
         *                                                                        <E> Tag=?0 of this dataset missing in XREF of matched Adopted Level=3801.952
 35S   L 3883      5  7/2-                             3        0.0180    20    
         *                                                                        <E> Tag=?0 of this dataset missing in XREF of matched Adopted Level=3886.28
                     *                                                            <W> JPI here contradicts to adopted. Please check
                                                                                        Adopted JPI=(5/2+) this JPI=7/2-
 35S   L 4023      5  (3/2+)                           (2)      0.0056    6     
         *                                                                        <E> Tag=?0 of this dataset missing in XREF of matched Adopted Level=4027.2
 35S   L 4107      7  (3/2+)                           (2)      0.00230   26    
         *                                                                        <E> Tag=?0 of this dataset missing in XREF of matched Adopted Level=4105.6
                     *                                                            <W> JPI here contradicts to adopted. Please check
                                                                                        Adopted JPI=(3/2-,5/2+) this JPI=(3/2+)
 35S   L 4182      5  1/2-                             1        0.00100   11    
         *                                                                        <E> 2 possible matches found in Adopted! Check XREF
                                                                                      #  4180       3 (1/2,3/2,5/2+)      XREF=K(4186*)L
                                                                                         4189.238  33 1/2-                XREF=FHIJK(4186*)L(4187)
                                                                                      But tag=?0 of this dataset is not in XREF of any of them!
 35S   L 4300      7  (1/2-,3/2-)                      (1)      3.00E-4   34    
         *                                                                        <E> Tag=?0 of this dataset missing in XREF of matched Adopted Level=4302.6
 35S   L 4486      7  7/2-                             3        0.045     5     
         *                                                                        <E> Tag=?0 of this dataset missing in XREF of matched Adopted Level=4482
 35S   L 4574      5  3/2+                             2        0.080     9     
         *                                                                        <E> Tag=?0 of this dataset missing in XREF of matched Adopted Level=4576
 35S   L 4614      5  5/2+                             2        0.110     12    
         *                                                                        <E> Tag=?0 of this dataset missing in XREF of matched Adopted Level=4617
 35S   L 4838      5  (1/2+)                           (0)      0.0035    4     
         *                                                                        <E> Tag=?0 of this dataset missing in XREF of matched Adopted Level=4839
 35S   L 4907      5  1/2+                             0        0.0110    12    
         *                                                                        <E> Tag=?0 of this dataset missing in XREF of matched Adopted Level=4903.371
                     *                                                            <W> JPI here contradicts to adopted. Please check
                                                                                        Adopted JPI=1/2- this JPI=1/2+
 35S   L 4955      5  5/2+                             2        0.250     28    
         *                                                                        <W> level not placed in Adopted.
                                                                                        closest level in Adopted:
                                                                                        4963.081  25 3/2-                XREF=FHIK
 35S   L 5121      5  1/2+                             0        0.0092    10    
         *                                                                        <E> Tag=?0 of this dataset missing in XREF of matched Adopted Level=5127
 35S   L 5286      5  (1/2-,3/2-)                      (1)      6.5E-4    7     
         *                                                                        <W> level not placed in Adopted.
                                                                                        closest level in Adopted:
                                                                                        5343       8 (-)                 XREF=IK
 35S   L 5476      5  3/2+                             2        0.0090    10    
         *                                                                        <W> level not placed in Adopted.
                                                                                        closest level in Adopted:
                                                                                        5412.28   25 (9/2+)              XREF=DE
 35S   L 5630      5  5/2+                             2        0.110     12    
         *                                                                        <W> level not placed in Adopted.
                                                                                        closest level in Adopted:
                                                                                        5550      10                     XREF=I(5542?)K
 35S   L 5766      5  5/2+                             2        0.76      9     
         *                                                                        <E> Tag=?0 of this dataset missing in XREF of matched Adopted Level=5771
 35S   L 5844      5  (5/2+)                           (2)      0.080     9     
         *                                                                        <E> Tag=?0 of this dataset missing in XREF of matched Adopted Level=5841.482
 35S   L 6121      5  (3/2+)                           (2)      0.035     4     
         *                                                                        <E> Tag=?0 of this dataset missing in XREF of matched Adopted Level=6129
 35S   L 6218      5  (7/2-)                           (3)      0.00300   34    
         *                                                                        <E> Tag=?0 of this dataset missing in XREF of matched Adopted Level=6293.93
 35S   L 6338      5  1/2+                             0        0.044     5     
         *                                                                        <E> 2 possible matches found in Adopted! Check XREF
                                                                                      #  6334       8                     XREF=I
                                                                                      #  6344       8 (+)                 XREF=IK(6347)
                                                                                      But tag=?0 of this dataset is not in XREF of any of them!
 35S   L 6439      5  (1/2+)                           (0)      0.00260   29    
         *                                                                        <E> Tag=?0 of this dataset missing in XREF of matched Adopted Level=6446
 35S   L 6550      5  3/2+                             2        0.0035    4     
         *                                                                        <E> 2 possible matches found in Adopted! Check XREF
                                                                                         6537.7    14                     XREF=I
                                                                                      #  6545.1    13                     XREF=I
                                                                                      But tag=?0 of this dataset is not in XREF of any of them!
 35S   L 6639      5  5/2+                             2        0.250     28    
         *                                                                        <E> 2 possible matches found in Adopted! Check XREF
                                                                                         6629.43    9                     XREF=F
                                                                                      #  6635.2    13                     XREF=I
                                                                                      But tag=?0 of this dataset is not in XREF of any of them!
 35S   L 6682      5  1/2+                             0        0.056     6     
         *                                                                        <E> Tag=?0 of this dataset missing in XREF of matched Adopted Level=6684
 35S   L 6790      5  (5/2+)                           (2)      0.037     4     
         *                                                                        <W> level not placed in Adopted.
                                                                                        closest level in Adopted:
                                                                                        6761.0    12                     XREF=F
 35S   L 6962      5  (1/2-,3/2-)                      (1)      0.0050    6     
         *                                                                        <W> level not placed in Adopted.
                                                                                        closest level in Adopted:
                                                                                        6986.096  25 1/2+                XREF=F
 35S   L 7019      5  (1/2-,3/2-)                      (1)      0.00150   17    
         *                                                                        <E> Tag=?0 of this dataset missing in XREF of matched Adopted Level=7018.89
                     *                                                            <W> JPI here contradicts to adopted. Please check
                                                                                        Adopted JPI=3/2+,5/2+ this JPI=(1/2-,3/2-)
 35S   L 7102      5  (1/2-,3/2-)                      (1)      0.00200   23    
         *                                                                        <E> Tag=?0 of this dataset missing in XREF of matched Adopted Level=7100.73
 35S   L 7151      5  (7/2-)                           (3)      0.0090    10    
         *                                                                        <E> Tag=?0 of this dataset missing in XREF of matched Adopted Level=7143.27
 35S   L 7215      5  3/2+                             2        0.0120    14    
         *                                                                        <E> 2 possible matches found in Adopted! Check XREF
                                                                                      #  7210.42    5                     XREF=GI(7205)
                                                                                      #  7218.0     4                     XREF=G
                                                                                      But tag=?0 of this dataset is not in XREF of any of them!
 35S   L 7249      5  (3/2+)                           (2)      0.0120    14    
         *                                                                        <E> 2 possible matches found in Adopted! Check XREF
                                                                                         7239.8     6                     XREF=G
                                                                                      #  7253.2     6                     XREF=G
                                                                                      But tag=?0 of this dataset is not in XREF of any of them!
 35S   L 7279      5  1/2+                             0        0.0068    8     
         *                                                                        <E> 2 possible matches found in Adopted! Check XREF
                                                                                      #  7275.93    5 1/2+                XREF=G
                                                                                         7289.8     8                     XREF=G
                                                                                      But tag=?0 of this dataset is not in XREF of any of them!
 35S   L 7326      5  1/2+                             0        0.0073    8     
         *                                                                        <E> Tag=?0 of this dataset missing in XREF of matched Adopted Level=7331.00
 35S   L 7349      5  (1/2+)                           (0)      0.0095    11    
         *                                                                        <E> 6 possible matches found in Adopted! Check XREF
                                                                                         7338.18   20                     XREF=G
                                                                                         7343.91   20                     XREF=G
                                                                                      #  7347.2     5                     XREF=G
                                                                                      #  7347.9     5                     XREF=G
                                                                                      #  7353.9     5                     XREF=G
                                                                                         7357.6     5                     XREF=G
                                                                                      But tag=?0 of this dataset is not in XREF of any of them!
 35S   L 7441      5  1/2+                             0        0.0094    11    
         *                                                                        <E> 4 possible matches found in Adopted! Check XREF
                                                                                         7429.1     6                     XREF=G
                                                                                         7433.56    5                     XREF=G
                                                                                      #  7436.4     4                     XREF=G
                                                                                      #  7442.14    5 1/2+                XREF=G
                                                                                      But tag=?0 of this dataset is not in XREF of any of them!
 35S   L 7490      5  1/2-                             1        0.0060    7     
         *                                                                        <E> 2 possible matches found in Adopted! Check XREF
                                                                                         7481.15    7 1/2-                XREF=GI
                                                                                      #  7494.5     6                     XREF=G
                                                                                      But tag=?0 of this dataset is not in XREF of any of them!
 35S   L 7753      5  5/2+                             2        0.200     23    
         *                                                                        <E> Tag=?0 of this dataset missing in XREF of matched Adopted Level=7749.7
                     *                                                            <W> JPI here contradicts to adopted. Please check
                                                                                        Adopted JPI=(3/2) this JPI=5/2+
 35S   L 7885      5  (5/2+)                           (2)      0.0300    34    
         *                                                                        <E> 2 possible matches found in Adopted! Check XREF
                                                                                      #  7880.8    12                     XREF=G
                                                                                      #  7889.0    12                     XREF=G
                                                                                      But tag=?0 of this dataset is not in XREF of any of them!
 35S   L 7980      7  3/2-                             1        0.00200   23    
         *                                                                        <E> Tag=?0 of this dataset missing in XREF of matched Adopted Level=7974.19
 35S   L 8073      7  (5/2+)                           (2)      0.0180    20    
         *                                                                        <E> 2 possible matches found in Adopted! Check XREF
                                                                                      #  8076.46   20 3/2+,5/2+           XREF=G
                                                                                      #  8077.91   30 3/2+,5/2+           XREF=G
                                                                                      But tag=?0 of this dataset is not in XREF of any of them!
 35S   L 8103      5  1/2-                             1        0.00170   19    
         *                                                                        <E> Tag=?0 of this dataset missing in XREF of matched Adopted Level=8093.0
 35S   L 8221      5  1/2-                             1        0.0040    5     
         *                                                                        <E> 2 possible matches found in Adopted! Check XREF
                                                                                         8211.25   30                     XREF=G
                                                                                      #  8224.2     4 1/2-                XREF=G
                                                                                      But tag=?0 of this dataset is not in XREF of any of them!
 35S   L 8270      5  1/2-                             1        0.0090    10    
         *                                                                        <E> Tag=?0 of this dataset missing in XREF of matched Adopted Level=8273.3
 35S   L 8410      7  (5/2+)                           (2)      0.0100    11    
         *                                                                        <E> 3 possible matches found in Adopted! Check XREF
                                                                                         8393.64   30 3/2+,5/2+           XREF=G
                                                                                      #  8406.55   30 3/2+,5/2+           XREF=GK(8430*)
                                                                                         8418.8     4 3/2+,5/2+           XREF=GK(8430*)
                                                                                      But tag=?0 of this dataset is not in XREF of any of them!
 35S   L 8465      7  (5/2+)                           (2)      0.0100    11    
         *                                                                        <W> level not placed in Adopted.
                                                                                        closest level in Adopted:
                                                                                        8418.8     4 3/2+,5/2+           XREF=GK(8430*)
 35S   L 8509      5  5/2+                             2        0.0120    14    
         *                                                                        <W> level not placed in Adopted.
                                                                                        closest level in Adopted:
                                                                                        8418.8     4 3/2+,5/2+           XREF=GK(8430*)
 35S   L 8557      7  (7/2-)                           (3)      0.00300   34    
         *                                                                        <W> level not placed in Adopted.
                                                                                        closest level in Adopted:
                                                                                        8418.8     4 3/2+,5/2+           XREF=GK(8430*)
 35S   L 8602      5  (7/2-)                           (3)      0.0100    11    
         *                                                                        <W> level not placed in Adopted.
                                                                                        closest level in Adopted:
                                                                                        8755.9    11 (17/2)              XREF=E
 35S   L 8649      7  (7/2-)                           (3)      0.0065    7     
         *                                                                        <W> level not placed in Adopted.
                                                                                        closest level in Adopted:
                                                                                        8755.9    11 (17/2)              XREF=E
 35S   L 8707      5  (5/2+)                           (2)      0.0220    25    
         *                                                                        <W> level not placed in Adopted.
                                                                                        closest level in Adopted:
                                                                                        8755.9    11 (17/2)              XREF=E
 35S   L 8761      7  (5/2+)                           (2)      0.0110    12    
         *                                                                        <E> Tag=?0 of this dataset missing in XREF of matched Adopted Level=8755.9
                     *                                                            <W> JPI here contradicts to adopted. Please check
                                                                                        Adopted JPI=(17/2) this JPI=(5/2+)
 35S   L 8822      5  (1/2-,3/2-)                      (1)      0.0060    7     
         *                                                                        <W> level not placed in Adopted.
                                                                                        closest level in Adopted:
                                                                                        8755.9    11 (17/2)              XREF=E
 35S   L 8876      5  (1/2-,3/2-)                      (1)      0.00250   28    
         *                                                                        <W> level not placed in Adopted.
                                                                                        closest level in Adopted:
                                                                                        8755.9    11 (17/2)              XREF=E
 35S   L 8947      7  (1/2-,3/2-)                      (1)      0.00100   11    
         *                                                                        <W> level not placed in Adopted.
                                                                                        closest level in Adopted:
                                                                                        8755.9    11 (17/2)              XREF=E
 35S   L 9032      15 (1/2-,3/2-)                      (1)      0.0070    8     
         *                                                                        <W> level not placed in Adopted.
                                                                                        closest level in Adopted:
                                                                                        9155      10                     XREF=K
 35S   L 9065      15 (1/2-,3/2-)                      (1)      0.0070    8     
         *                                                                        <W> level not placed in Adopted.
                                                                                        closest level in Adopted:
                                                                                        9155      10                     XREF=K
 35S   L 9126      7  1/2+                             0        0.35      4     
         *                                                                        <W> level not placed in Adopted.
                                                                                        closest level in Adopted:
                                                                                        9155      10                     XREF=K
 35S   L 9180      5  1/2+                             0        0.060     7     
         *                                                                        <E> Tag=?0 of this dataset missing in XREF of matched Adopted Level=9155
 35S   L 9219      15 (1/2-,3/2-)                      (1)      0.00300   34    
         *                                                                        <W> level not placed in Adopted.
                                                                                        closest level in Adopted:
                                                                                        9155      10                     XREF=K
 35S   L 9294      8  (1/2-,3/2-)                      (1)      0.0100    11    
         *                                                                        <W> level not placed in Adopted.
                                                                                        closest level in Adopted:
                                                                                        9155      10                     XREF=K
 35S   L 9339      8  (1/2-,3/2-)                      (1)      0.00200   23    
         *                                                                        <W> level not placed in Adopted.
                                                                                        closest level in Adopted:
                                                                                        9155      10                     XREF=K
 35S   L 9395      5  (1/2-,3/2-)                      (1)      0.0045    5     
         *                                                                        <W> level not placed in Adopted.
                                                                                        closest level in Adopted:
                                                                                        9155      10                     XREF=K
 35S   L 9446      7  (1/2-,3/2-)                      (1)      0.00180   20    
         *                                                                        <W> level not placed in Adopted.
                                                                                        closest level in Adopted:
                                                                                        9155      10                     XREF=K
 35S   L 9510      10 (1/2-,3/2-)                      (1)      0.0035    4     
         *                                                                        <W> level not placed in Adopted.
                                                                                        closest level in Adopted:
                                                                                        9155      10                     XREF=K
 35S   L 9565      20 (1/2-,3/2-)                      (1)      0.0033    4     
         *                                                                        <W> level not placed in Adopted.
                                                                                        closest level in Adopted:
                                                                                        9155      10                     XREF=K
 35S   L 9615      10 (1/2-,3/2-)                      (1)      0.00280   32    
         *                                                                        <W> level not placed in Adopted.
                                                                                        closest level in Adopted:
                                                                                        10048.6    9 (19/2+)             XREF=E
 35S   L 9666      10 (1/2-,3/2-)                      (1)                      
         *                                                                        <W> level not placed in Adopted.
                                                                                        closest level in Adopted:
                                                                                        10048.6    9 (19/2+)             XREF=E
 35S   L 9716      10 (1/2-,3/2-)                      (1)                      
         *                                                                        <W> level not placed in Adopted.
                                                                                        closest level in Adopted:
                                                                                        10048.6    9 (19/2+)             XREF=E
 35S   L 9774      10 (1/2-,3/2-)                      (1)                      
         *                                                                        <W> level not placed in Adopted.
                                                                                        closest level in Adopted:
                                                                                        10048.6    9 (19/2+)             XREF=E
 35S   L 9849      10 (1/2-,3/2-)                      (1)                      
         *                                                                        <W> level not placed in Adopted.
                                                                                        closest level in Adopted:
                                                                                        10048.6    9 (19/2+)             XREF=E
 35S   L 9911      10 (1/2-,3/2-)                      (1)                      
         *                                                                        <W> level not placed in Adopted.
                                                                                        closest level in Adopted:
                                                                                        10048.6    9 (19/2+)             XREF=E
 35S   L 9989      10 (1/2-,3/2-)                      (1)                      
         *                                                                        <W> level not placed in Adopted.
                                                                                        closest level in Adopted:
                                                                                        10048.6    9 (19/2+)             XREF=E
 35S   L 1.0049E4  10 (1/2-,3/2-)                      (1)                      
         *                                                                        <E> Tag=?0 of this dataset missing in XREF of matched Adopted Level=10048.6
                     *                                                            <W> JPI here contradicts to adopted. Please check
                                                                                        Adopted JPI=(19/2+) this JPI=(1/2-,3/2-)
 35S   L 1.0166E4  10 (1/2-,3/2-)                      (1)                      
         *                                                                        <W> level not placed in Adopted or discrepant.
                                                                                        closest level in Adopted:
                                                                                        10048.6    9 (19/2+)             XREF=E
 35S   L 1.0225E4  10 (1/2-,3/2-)                      (1)                      
         *                                                                        <W> level not placed in Adopted or discrepant.
                                                                                        closest level in Adopted:
                                                                                        10048.6    9 (19/2+)             XREF=E
 35S   L 1.0277E4  10 (1/2-,3/2-)                      (1)                      
         *                                                                        <W> level not placed in Adopted or discrepant.
                                                                                        closest level in Adopted:
                                                                                        10048.6    9 (19/2+)             XREF=E
 35S   L 1.0350E4  10 (1/2-,3/2-)                      (1)                      
         *                                                                        <W> level not placed in Adopted or discrepant.
                                                                                        closest level in Adopted:
                                                                                        10048.6    9 (19/2+)             XREF=E
 35S   L 1.0421E4  10 (1/2-,3/2-)                      (1)                      
         *                                                                        <W> level not placed in Adopted or discrepant.
                                                                                        closest level in Adopted:
                                                                                        10048.6    9 (19/2+)             XREF=E
 35S   L 1.0493E4  10 (7/2-)                           (3)      0.0200    23    
         *                                                                        <W> level not placed in Adopted or discrepant.
                                                                                        closest level in Adopted:
                                                                                        10048.6    9 (19/2+)             XREF=E
 35S   L 1.0563E4  10 (1/2-,3/2-)                      (1)                      
         *                                                                        <W> level not placed in Adopted or discrepant.
                                                                                        closest level in Adopted:
                                                                                        10048.6    9 (19/2+)             XREF=E
 35S   L 1.0663E4  10 (1/2-,3/2-)                      (1)                      
         *                                                                        <W> level not placed in Adopted or discrepant.
                                                                                        closest level in Adopted:
                                                                                        10048.6    9 (19/2+)             XREF=E
 35S   L 1.0746E4  10 (1/2-,3/2-)                      (1)                      
         *                                                                        <W> level not placed in Adopted or discrepant.
                                                                                        closest level in Adopted:
                                                                                        10048.6    9 (19/2+)             XREF=E
 35S   L 1.0810E4  10 (1/2-,3/2-)                      (1)                      
         *                                                                        <W> level not placed in Adopted or discrepant.
                                                                                        closest level in Adopted:
                                                                                        10048.6    9 (19/2+)             XREF=E
 35S   L 1.147E4   2  3/2+                             2        0.052     6     
         *                                                                        <W> level not placed in Adopted or discrepant.
                                                                                        closest level in Adopted:
                                                                                        12469.3   14 (21/2)              XREF=E
 35S   L 1.288E4   10 5/2+                             2        0.49      6     
         *                                                                        <W> level not placed in Adopted or discrepant.
                                                                                        closest level in Adopted:
                                                                                        12469.3   14 (21/2)              XREF=E
 35S   L 1.368E4   10 5/2+                             2        0.156     18    
         *                                                                        <W> level not placed in Adopted or discrepant.
                                                                                        closest level in Adopted:
                                                                                        12469.3   14 (21/2)              XREF=E
 35S   L 1.422E4   10 5/2+                             2        0.247     28    
         *                                                                        <W> level not placed in Adopted or discrepant.
                                                                                        closest level in Adopted:
                                                                                        12469.3   14 (21/2)              XREF=E
 35S   L 1.470E4   10                                                           
         *                                                                        <W> level not placed in Adopted or discrepant.
                                                                                        closest level in Adopted:
                                                                                        12469.3   14 (21/2)              XREF=E

################################################################################
In dataset of 35S: XL 37CL(D,AG)     XREF Tag=L

 35S   L 3560.8    19                                                           
 35S   G 1212.6       35     4                                                  
         *                                                                        <W> Check discrepancy in gamma energies:
                                                                                          this energy=1212.6      Adopted=1210.28
 35S   G 1570.8       65     4                                                  
         *                                                                        <W> Check discrepancy in gamma energies:
                                                                                          this energy=1570.8      Adopted=1566.7
 35S   L 3598.4    21                                                           
 35S   G 3598.2       100                                                       
         *                                                                        <W> Check discrepancy in gamma energies:
                                                                                          this energy=3598.2      Adopted=3594.5
 35S   L 3818.1    11                                                           
 35S   G 1828.1       100                                                       
         *                                                                        <W> Check discrepancy in gamma energies:
                                                                                          this energy=1828.1      Adopted=1824.7
 35S   L 3889.0    19                                                           
 35S   G 1540.8       40     4                                                  
         *                                                                        <W> Check discrepancy in gamma energies:
                                                                                          this energy=1540.8      Adopted=1538.4
 35S   G 1898.9       45     5                                                  
         *                                                                        <W> Check discrepancy in gamma energies:
                                                                                          this energy=1898.9      Adopted=1894.9
 35S   G 3888.8       15     3                                                  
         *                                                                        <W> Check discrepancy in gamma energies:
                                                                                          this energy=3888.8      Adopted=3886.05
 35S   L 4480.0    16                                                           
 35S   G 1763.3       36     4                                                  
         *                                                                        <W> Check discrepancy in gamma energies:
                                                                                          this energy=1763.3      Adopted=1760.55
 35S   G 2489.9       15     4                                                  
         *                                                                        <W> Check discrepancy in gamma energies:
                                                                                          this energy=2489.9      Adopted=2486.27
 35S   G 2907.7       39     4                                                  
         *                                                                        <W> Check discrepancy in gamma energies:
                                                                                          this energy=2907.7      Adopted=2905.1
 35S   G 4479.7       10     2                                                  
         *                                                                        <W> Check discrepancy in gamma energies:
                                                                                          this energy=4479.7      Adopted=4477.32

################################################################################
In dataset of 35S: XN 208PB(36S,35SG)     XREF Tag=N

 35S   L 3818.1    14 (9/2)-                                                    
 35S   G 1827      1  12.9   11                                                 
         *                                                                        <W> Check discrepancy in gamma energies:
                                                                                          this energy=1827      Adopted=1824.7


End of report
