** Java program for fitting gammas&calculating feedings (version 07/17/2025) **
Generated at: Tue 08/19/2025 at 11:18:53 AM EDT

 Input file: D:\X\ND\ENSDF\A35\S35\new\S35_adopted.ens
Report file: D:\X\ND\Files\Java_GTOL.rpt
Output file: D:\X\ND\Files\Java_GTOL.out

 assumptions for non-numerical uncertainties in RI and TI, unless otherwise specified:
    DRI                assumed %DRI        
    -----------        ------------        
    Empty              20
    LT or LE           50 for DRI(+); assumed RI=DRI(-)=%(100-this value)
    GT or GE           100000000 for DRI(+); assumed DRI(-)=0
    AP                 50
    CA                 50
    SY                 50

   * DCC theory=1.4% assumed if DCC not given
   * Uncertainty Limit=35 for rounding-up uncertainty in output


   * Gammas marked by "?" are also used in the fitting and intensity calculations
   * All gammas marked by "S" are ignored in the fitting and intensity calculations
   * RI flagged by "&" are used as upper limits (RI+DRI) in intensity calculations:
           Adjusted RI=(RI+DRI)/2=Adjusted DRI
   * Maximum&Minimum approach is used to propagate large uncertainty (>10%) except E(level)


##########################################################################################
        GTOL report for dataset: << ADOPTED LEVELS, GAMMAS >>
##########################################################################################

*** Error: No final level found for gamma=1545 from level=4477.64
*** Error: No final level found for gamma=2489.9 from level=4477.64
*** Error: No final level found for gamma=2184.16 from level=4903.32

-------------------------------------------------------------------------------------------------------------------
                 Level Energies From Input (old), Fitting (new), and Adjustments for uncertainties                 
-------------------------------------------------------------------------------------------------------------------
#Level  old           Input        From fit       After adding dE of base levels:          Has Gamma:        Fixed 
        kept                      (original)       metastable    fixed("G")/other     Deexciting  Feeding     Type 
------ ------ --------------- ---------------    --------------- ----------------     ---------- ----------  ------
     1  kept           0.0             0.0    *         -----            -----           ---        Yes        D   
     2            1572.378 19     1572.370 10           -----            -----           Yes        Yes       ---  
     3             1991.28  5      1991.26  4           -----            -----           Yes        Yes       ---  
     4            2347.789 18     2347.780 10           -----            -----           Yes        Yes       ---  
     5             2717.00  3      2717.06  9           -----            -----           Yes        Yes       ---  
     6             2938.64  5      2938.62  5           -----            -----           Yes        Yes       ---  
     7              3421.1  3       3423.2 20           -----            -----           Yes        Yes       ---  
     8             3558.09  3     3558.080 28           -----            -----           Yes        Yes       ---  
     9              3594.8  4      3594.42 24           -----            -----           Yes        Yes       ---  
    10  kept          3602  2       3602.2 20           -----             3602  2 &      Yes         No       ---  
    11                3675 10        -----              -----            -----            No         No        A   
    12            3801.958 23     3801.954 16           -----            -----           Yes        Yes       ---  
    13              3818.1  4      3815.80 21           -----            -----           Yes        Yes       ---  
    14              3885.3  4      3886.21 33           -----            -----           Yes        Yes       ---  
    15                3895  3       3889.8 20           -----            -----           Yes         No       ---  
    16              4022.3 10      4022.92 21           -----            -----           Yes        Yes       ---  
    17              4025.9  4       4027.2 14           -----            -----           Yes         No       ---  
    18              4106.4  4       4105.6  8           -----            -----           Yes         No       ---  
    19                4180  3         4180    *         -----            -----           Yes         No        S   
    20            4189.280 21     4189.238 33           -----            -----           Yes        Yes       ---  
    21              4302.6  7       4302.6    *         -----            -----           Yes         No        S   
    22             4477.64  7      4477.63  7           -----            -----           Yes        Yes       ---  
    23  kept          4482           -----              -----            -----            No         No        A   
    24                4576  8        -----              -----            -----            No         No        A   
    25                4617 10        -----              -----            -----            No         No        A   
    26              4822.9  3      4822.58 24           -----            -----           Yes        Yes       ---  
    27                4839  8        -----              -----            -----            No         No        A   
    28              4899.7  4      4899.57 27           -----            -----           Yes        Yes       ---  
    29             4903.32  8     4903.371 17           -----            -----           Yes        Yes       ---  
    30             4963.09  3     4963.082 25           -----            -----           Yes        Yes       ---  
    31                4990 10        -----              -----            -----            No         No        A   
    32              5010.2  3      5009.76 29           -----            -----           Yes        Yes       ---  
    33                5058  8        -----              -----            -----            No         No        A   
    34                5127 10        -----              -----            -----            No         No        A   
    35                5343  8        -----              -----            -----            No         No        A   
    36              5412.2  3      5411.95 25           -----            -----           Yes        Yes       ---  
    37                5475 10        -----              -----            -----            No         No        A   
    38                5550 10        -----              -----            -----            No         No        A   
    39  kept        5752.5  8       5752.5  8           -----            -----           Yes         No       ---  
    40                5771 10        -----              -----            -----            No         No        A   
    41            5841.485 31     5841.482 31           -----            -----           Yes        Yes       ---  
    42              5877.6  3      5877.35 22           -----            -----           Yes        Yes       ---  
    43                5890 20        -----              -----            -----            No         No        A   
    44                5980 10        -----              -----            -----            No         No        A   
    45  kept        6018.8  6       6018.8  6           -----            -----           Yes         No       ---  
    46             6078.48  4     6078.475 33           -----            -----           Yes        Yes       ---  
    47                6129 10        -----              -----            -----            No         No        A   
    48  kept       6293.93  6      6293.93  6           -----            -----           Yes        Yes       ---  
    49              6299.4  4       6298.9  4           -----            -----           Yes        Yes       ---  
    50                6334  8       6349.2  5           -----            -----           Yes        Yes       ---  
    51  kept       6354.89 23      6354.89 23           -----            -----           Yes        Yes       ---  
    52  kept        6419.9 11       6419.9 11           -----            -----           Yes         No       ---  
    53                6446  8        -----              -----            -----            No         No        A   
    54                6496  8        -----              -----            -----            No         No        A   
    55              6537.7 14        -----              -----            -----            No         No        A   
    56              6545.1 13        -----              -----            -----            No         No        A   
    57                6584 10        -----              -----            -----            No         No        A   
    58             6629.43 10      6629.43  9           -----            -----           Yes        Yes       ---  
    59              6635.2 13        -----              -----            -----            No         No        A   
    60                6654 10        -----              -----            -----            No         No        A   
    61                6684  9        -----              -----            -----            No         No        A   
    62  kept        6761.0 12       6761.0 12           -----            -----           Yes         No       ---  
    63              6891.3 14        -----              -----            -----            No         No        A   
    64             6986.10  3     6986.097 25           -----            -----           Yes         No       ---  
    65             7018.89  4        -----              -----            -----            No         No        A   
    66             7072.66  5        -----              -----            -----            No         No        A   
    67             7074.33  6        -----              -----            -----            No         No        A   
    68             7097.72 30        -----              -----            -----            No         No        A   
    69             7099.85 20        -----              -----            -----            No         No        A   
    70             7100.73  4        -----              -----            -----            No         No        A   
    71             7143.27 11        -----              -----            -----            No         No        A   
    72              7179.8  3      7178.98 32           -----            -----           Yes        Yes       ---  
    73             7210.42  5        -----              -----            -----            No         No        A   
    74              7218.0  4        -----              -----            -----            No         No        A   
    75              7234.0  5        -----              -----            -----            No         No        A   
    76              7239.8  6        -----              -----            -----            No         No        A   
    77              7253.2  6        -----              -----            -----            No         No        A   
    78             7275.93  5        -----              -----            -----            No         No        A   
    79  kept          7279           -----              -----            -----            No         No        A   
    80              7289.8  8        -----              -----            -----            No         No        A   
    81             7294.19  6        -----              -----            -----            No         No        A   
    82             7331.00  5        -----              -----            -----            No         No        A   
    83             7338.18 20        -----              -----            -----            No         No        A   
    84             7343.91 20        -----              -----            -----            No         No        A   
    85              7347.2  5        -----              -----            -----            No         No        A   
    86              7347.9  5        -----              -----            -----            No         No        A   
    87              7353.9  5        -----              -----            -----            No         No        A   
    88              7357.6  5        -----              -----            -----            No         No        A   
    89             7370.56  6        -----              -----            -----            No         No        A   
    90                7375 10        -----              -----            -----            No         No        A   
    91              7396.0  6        -----              -----            -----            No         No        A   
    92              7404.6  6        -----              -----            -----            No         No        A   
    93             7408.68 11        -----              -----            -----            No         No        A   
    94             7411.55  6        -----              -----            -----            No         No        A   
    95             7416.50  4        -----              -----            -----            No         No        A   
    96              7429.1  6        -----              -----            -----            No         No        A   
    97             7433.56  5        -----              -----            -----            No         No        A   
    98              7436.4  4        -----              -----            -----            No         No        A   
    99             7442.14  5        -----              -----            -----            No         No        A   
   100              7462.2  6        -----              -----            -----            No         No        A   
   101             7481.15  7        -----              -----            -----            No         No        A   
   102              7494.5  6        -----              -----            -----            No         No        A   
   103              7542.3  6        -----              -----            -----            No         No        A   
   104              7604.0  6        -----              -----            -----            No         No        A   
   105             7609.26  5        -----              -----            -----            No         No        A   
   106              7648.9  6        -----              -----            -----            No         No        A   
   107              7655.7  6        -----              -----            -----            No         No        A   
   108             7663.91 11        -----              -----            -----            No         No        A   
   109              7678.3  7        -----              -----            -----            No         No        A   
   110                7712 10        -----              -----            -----            No         No        A   
   111              7731.1  7        -----              -----            -----            No         No        A   
   112              7749.7  4        -----              -----            -----            No         No        A   
   113             7761.46  7        -----              -----            -----            No         No        A   
   114             7776.17 11        -----              -----            -----            No         No        A   
   115             7797.99  9        -----              -----            -----            No         No        A   
   116             7812.24  7        -----              -----            -----            No         No        A   
   117             7853.25  7        -----              -----            -----            No         No        A   
   118              7861.8 12        -----              -----            -----            No         No        A   
   119              7880.8 12        -----              -----            -----            No         No        A   
   120              7889.0 12        -----              -----            -----            No         No        A   
   121             7894.63  7        -----              -----            -----            No         No        A   
   122             7899.70 30        -----              -----            -----            No         No        A   
   123              7934.1 15        -----              -----            -----            No         No        A   
   124              7939.5 15        -----              -----            -----            No         No        A   
   125             7954.96 11        -----              -----            -----            No         No        A   
   126             7974.19 11        -----              -----            -----            No         No        A   
   127              8019.5  2        -----              -----            -----            No         No        A   
   128              8023.7  9       8023.2  7           -----            -----           Yes        Yes       ---  
   129             8041.20 20        -----              -----            -----            No         No        A   
   130             8076.46 20        -----              -----            -----            No         No        A   
   131             8077.91 30        -----              -----            -----            No         No        A   
   132              8093.0  5        -----              -----            -----            No         No        A   
   133             8143.75 20        -----              -----            -----            No         No        A   
   134                8160 10        -----              -----            -----            No         No        A   
   135             8187.17 30        -----              -----            -----            No         No        A   
   136             8211.25 30        -----              -----            -----            No         No        A   
   137              8224.2  4        -----              -----            -----            No         No        A   
   138              8228.3  4        -----              -----            -----            No         No        A   
   139             8243.98 30        -----              -----            -----            No         No        A   
   140             8256.31 20        -----              -----            -----            No         No        A   
   141              8262.4  4        -----              -----            -----            No         No        A   
   142              8273.3  4        -----              -----            -----            No         No        A   
   143             8298.27 30        -----              -----            -----            No         No        A   
   144              8333.8  4        -----              -----            -----            No         No        A   
   145              8335.9  4        -----              -----            -----            No         No        A   
   146              8391.3  4        -----              -----            -----            No         No        A   
   147             8393.64 30        -----              -----            -----            No         No        A   
   148             8406.55 30        -----              -----            -----            No         No        A   
   149              8418.8  4        -----              -----            -----            No         No        A   
   150              8755.7 13       8755.1 11           -----            -----           Yes         No       ---  
   151                9155 10        -----              -----            -----            No         No        A   
   152             10048.4 10      10047.8  9           -----            -----           Yes        Yes       ---  
   153             12469.1 15      12468.5 14           -----            -----           Yes        ---       ---  
-------------------------------------------------------------------------------------------------------------------
NOTE: --- indicates Not Applicable.
        * indicates level fixed in fitting.
        & from original uncertainty adjusted based on input settings.
        # non-numerical uncertainty is from fitting gammas or end-level.
      Quoted values under "From fit" for fixed levels are taken from their input values.
      Fixed Type="A": assumed fixed by GTOL for level not connected to any level; not used in the fitting.
                ="D": assumed fixed by GTOL for meta-stable level, with %(all decay modes but IT)>99.75;
                      uncertainty will be added after fitting (1st level always this type by default).
                ="S": assumed fixed by GTOL for level which causes singular matrix problem; uncertainty=0 assumed.
                ="F": energy is fixed and uncertainty=0 assumed for fitting.
                ="G": energy is fixed in fitting and uncertainty will be added after fitting.
           Only type "F" and "G" are set by user by inserting the type letter in the energy field (col 10-20).



--------------------------------------------------------------------------------------------------------------------------------------------------------
                                                            Input and fitted Gamma Energies                                                             
#Gamma        Input EG    Adjusted dEG   Initial Level     Final Level     EG From fit   Difference   Diff/dEG  #sigma       Chi2    %Chi2      Input EG
--------------------------------------------------------------------------------------------------------------------------------------------------------
     1    1572.327 12         -----       1572.370 10          0.0         1572.332 10      -0.0054      0.447       0      0.200     0.12   1572.327 12 
     2     1991.26  5         -----        1991.26  4          0.0          1991.20  4       0.0652      1.304       1      1.702     1.03    1991.26  5 
     3      356.66  9         -----       2347.780 10      1991.26  4        356.52  5       0.1380      1.534       2      2.352     1.43     356.66  9 
     4     775.398  6         -----       2347.780 10     1572.370 10       775.400  6      -0.0020      0.331       0      0.110     0.07    775.398  6 
     5    2347.700 19         -----       2347.780 10          0.0         2347.695 10       0.0050      0.261       0      0.068     0.04   2347.700 19 
     6       368.7  5         -----        2717.06  9     2347.780 10        369.28  9      -0.5829      1.166       1      1.359     0.83      368.7  5 
     7       725.1            725.1 10     2717.06  9      1991.26  4        725.80 10      -0.7008      0.701       1  **  Gamma omitted in fitting ** 
     8      1145.7           1145.7 10     2717.06  9     1572.370 10       1144.67  9       1.0259      1.026       1  **  Gamma omitted in fitting ** 
     9     2717.01 16         -----        2717.06  9          0.0          2716.95  9       0.0587      0.367       0      0.135     0.08    2717.01 16 
    10         586            586.0 10     2938.62  5     2347.780 10        590.83  5      -4.8340      4.834     ##5  **  Gamma omitted in fitting ** 
    11         942            942.0 10     2938.62  5      1991.26  4        947.35  7      -5.3495      5.350     ##5  **  Gamma omitted in fitting ** 
    12        1363           1363.0 10     2938.62  5     1572.370 10       1366.22  5      -3.2199      3.220       3  **  Gamma omitted in fitting ** 
    13     2938.57 18         -----        2938.62  5          0.0          2938.49  5       0.0836      0.465       0      0.216     0.13    2938.57 18 
    14         486            486.0 10      3423.2 20      2938.62  5         484.6 20       1.4428      1.443       1  **  Gamma omitted in fitting ** 
    15       703.0            703.0 10      3423.2 20      2717.06  9         706.1 20      -3.1076      3.108       3  **  Gamma omitted in fitting ** 
    16      1072.2           1072.2 10      3423.2 20     2347.780 10        1075.4 20      -3.1824      3.182       3  **  Gamma omitted in fitting ** 
    17      1428.1           1428.1 10      3423.2 20      1991.26  4        1431.9 20      -3.7927      3.793     ##4  **  Gamma omitted in fitting ** 
    18      1848.6           1848.6 10      3423.2 20     1572.370 10        1850.8 20      -2.1569      2.157       2  **  Gamma omitted in fitting ** 
    19        3423  2         -----         3423.2 20          0.0           3423.0 20       0.0000      0.000       0      0.000     0.00       3423  2 
    20      619.23 19         -----       3558.080 28      2938.62  5        619.46  6      -0.2252      1.185       1      1.405     0.85     619.23 19 
    21     1210.28  4         -----       3558.080 28     2347.780 10      1210.278 27       0.0021      0.052       0      0.003     0.00    1210.28  4 
    22      1566.7  3         -----       3558.080 28      1991.26  4       1566.79  5      -0.0867      0.289       0      0.084     0.05     1566.7  3 
    23        1986  2         -----       3558.080 28     1572.370 10      1985.649 27       0.3508      0.175       0      0.031     0.02       1986  2 
    24      3558.1  5         -----       3558.080 28          0.0         3557.886 28       0.2143      0.429       0      0.184     0.11     3558.1  5 
    25         657            657.0 10     3594.42 24      2938.62  5        655.79 25       1.2063      1.206       1  **  Gamma omitted in fitting ** 
    26       877.6  5         -----        3594.42 24      2717.06  9        877.34 25       0.2571      0.514       1      0.264     0.16      877.6  5 
    27        1243           1243.0 10     3594.42 24     2347.780 10       1246.62 24      -3.6158      3.616     ##4  **  Gamma omitted in fitting ** 
    28        1599           1599.0 10     3594.42 24      1991.26  4       1603.12 24      -4.1241      4.124     ##4  **  Gamma omitted in fitting ** 
    29        2020           2020.0 10     3594.42 24     1572.370 10       2021.99 24      -1.9861      1.986       2  **  Gamma omitted in fitting ** 
    30      3594.5  7         -----        3594.42 24          0.0          3594.22 24       0.2790      0.399       0      0.159     0.10     3594.5  7 
    31        3602  2         -----           3602  2          0.0           3602.0 20       0.0000      0.000       0      0.000     0.00       3602  2 
    32      863.28 28         -----       3801.954 16      2938.62  5        863.32  5      -0.0438      0.156       0      0.024     0.01     863.28 28 
    33     1084.79 15         -----       3801.954 16      2717.06  9       1084.87  9      -0.0815      0.544       1      0.295     0.18    1084.79 15 
    34     1454.09  4         -----       3801.954 16     2347.780 10      1454.142 14      -0.0522      1.305       1      1.703     1.03    1454.09  4 
    35      1809.1           1809.1 10    3801.954 16      1991.26  4       1810.65  5      -1.5483      1.548       2  **  Gamma omitted in fitting ** 
    36    2229.510 16         -----       3801.954 16     1572.370 10      2229.508 14       0.0024      0.152       0      0.023     0.01   2229.510 16 
    37     3801.73  4         -----       3801.954 16          0.0         3801.733 16      -0.0025      0.062       0      0.004     0.00    3801.73  4 
    38      1824.7  3         -----        3815.80 21      1991.26  4       1824.50 21       0.2022      0.674       1      0.454     0.28     1824.7  3 
    39       464.0            464.0 10     3886.21 33       3423.2 20         463.0 20       0.9707      0.971       1  **  Gamma omitted in fitting ** 
    40         950            950.0 10     3886.21 33      2938.62  5        947.58 34       2.4204      2.420       2  **  Gamma omitted in fitting ** 
    41      1167.0           1167.0 10     3886.21 33      2717.06  9       1169.13 34      -2.1268      2.127       2  **  Gamma omitted in fitting ** 
    42      1538.4  8         -----        3886.21 33     2347.780 10       1538.40 33       0.0036      0.004       0      0.000     0.00     1538.4  8 
    43      1894.9  4         -----        3886.21 33      1991.26  4       1894.90 33      -0.0016      0.004       0      0.000     0.00     1894.9  4 
    44      2312.6           2312.6 10     3886.21 33     1572.370 10       2313.76 33      -1.1598      1.160       1  **  Gamma omitted in fitting ** 
    45        1542  2         -----         3889.8 20     2347.780 10        1542.0 20       0.0000      0.000       0      0.000     0.00       1542  2 
    46      3884.8           3884.8 10      3889.8 20          0.0           3889.6 20      -4.7840      4.784     ##5  **  Gamma omitted in fitting ** 
    47       207.0  5         -----        4022.92 21      3815.80 21        207.12 24      -0.1174      0.235       0      0.055     0.03      207.0  5 
    48      2032.0  3         -----        4022.92 21      1991.26  4       2031.60 21       0.3964      1.321       1      1.746     1.06     2032.0  3 
    49         467            467.0 10      4027.2 14     3558.080 28         469.1 14      -2.1217      2.122       2  **  Gamma omitted in fitting ** 
    50       604.0            604.0 10      4027.2 14       3423.2 20         604.0 25      -0.0197      0.020       0  **  Gamma omitted in fitting ** 
    51      1088.5           1088.5 10      4027.2 14      2938.62  5        1088.6 14      -0.0680      0.068       0  **  Gamma omitted in fitting ** 
    52        1309  2         -----         4027.2 14      2717.06  9        1310.1 14      -1.1142      0.557       1      0.310     0.19       1309  2 
    53      1679.5           1679.5 10      4027.2 14     2347.780 10        1679.4 14       0.1178      0.118       0  **  Gamma omitted in fitting ** 
    54        2037  2         -----         4027.2 14      1991.26  4        2035.9 14       1.1142      0.557       1      0.310     0.19       2037  2 
    55      2455.4           2455.4 10      4027.2 14     1572.370 10        2454.7 14       0.6577      0.658       1  **  Gamma omitted in fitting ** 
    56      4024.8           4024.8 10      4027.2 14          0.0           4027.0 14      -2.1563      2.156       2  **  Gamma omitted in fitting ** 
    57         549            549.0 10      4105.6  8     3558.080 28         547.5  8       1.5263      1.526       2  **  Gamma omitted in fitting ** 
    58         686            686.0 10      4105.6  8       3423.2 20         682.4 22       3.6286      3.629     ##4  **  Gamma omitted in fitting ** 
    59        1172           1172.0 10      4105.6  8      2938.62  5        1166.9  8       5.0815      5.081     ##5  **  Gamma omitted in fitting ** 
    60        1389           1389.0 10      4105.6  8      2717.06  9        1388.5  8       0.5358      0.536       1  **  Gamma omitted in fitting ** 
    61        1758           1758.0 10      4105.6  8     2347.780 10        1757.7  8       0.2686      0.269       0  **  Gamma omitted in fitting ** 
    62        2114           2114.0 10      4105.6  8      1991.26  4        2114.2  8      -0.2341      0.234       0  **  Gamma omitted in fitting ** 
    63        2535           2535.0 10      4105.6  8     1572.370 10        2533.1  8       1.9104      1.910       2  **  Gamma omitted in fitting ** 
    64      4105.3  8         -----         4105.6  8          0.0           4105.3  8       0.0000      0.000       0      0.000     0.00     4105.3  8 
    65        2608           2608.0 10        4180   *    1572.370 10      2607.525 10       0.4746      0.475       0  **  Gamma omitted in fitting ** 
    66         4180          4180.0 10        4180   *         0.0           4179.7    *** Both levels fixed. Gamma not used for fitting ***                             
    67         387            387.0 10    4189.238 33     3801.954 16       387.282 35      -0.2816      0.282       0  **  Gamma omitted in fitting ** 
    68         597            597.0 10    4189.238 33      3594.42 24        594.81 24       2.1865      2.187       2  **  Gamma omitted in fitting ** 
    69      631.32 24         -----       4189.238 33     3558.080 28        631.15  4       0.1680      0.700       1      0.490     0.30     631.32 24 
    70         768            768.0 10    4189.238 33       3423.2 20         766.1 20       1.9507      1.951       2  **  Gamma omitted in fitting ** 
    71     1250.61  5         -----       4189.238 33      2938.62  5       1250.60  5       0.0148      0.296       0      0.088     0.05    1250.61  5 
    72        1471           1471.0 10    4189.238 33      2717.06  9       1472.14  9      -1.1403      1.140       1  **  Gamma omitted in fitting ** 
    73      1840.2 12         -----       4189.238 33     2347.780 10      1841.407 34      -1.2065      1.005       1      1.011     0.61     1840.2 12 
    74        2196           2196.0 10    4189.238 33      1991.26  4       2197.91  6      -1.9083      1.908       2  **  Gamma omitted in fitting ** 
    75      2616.8 13         -----       4189.238 33     1572.370 10      2616.763 34       0.0373      0.029       0      0.001     0.00     2616.8 13 
    76     4188.95  5         -----       4189.238 33          0.0         4188.969 33      -0.0187      0.374       0      0.140     0.09    4188.95  5 
    77        1954           1954.0 10      4302.6   *    2347.780 10      1954.762 10      -0.7620      0.762       1  **  Gamma omitted in fitting ** 
    78         4302          4302.0 10      4302.6   *         0.0           4302.3    *** Both levels fixed. Gamma not used for fitting ***                             
    79         595            595.0 10     4477.63  7      3886.21 33        591.41 34       3.5899      3.590     ##4  **  Gamma omitted in fitting ** 
    80         678            678.0 10     4477.63  7     3801.954 16        675.67  7       2.3334      2.333       2  **  Gamma omitted in fitting ** 
    81         888            888.0 10     4477.63  7      3594.42 24        883.20 25       4.8033      4.803     ##5  **  Gamma omitted in fitting ** 
    82         922            922.0 10     4477.63  7     3558.080 28        919.54  7       2.4651      2.465       2  **  Gamma omitted in fitting ** 
    83        1059           1059.0 10     4477.63  7       3423.2 20        1054.4 20       4.5690      4.569     ##5  **  Gamma omitted in fitting ** 
    84         1545          1545.0 10     4477.63  7  *** No final level found ***                                                                                       
    85     1760.55 11         -----        4477.63  7      2717.06  9       1760.52  9       0.0343      0.312       0      0.097     0.06    1760.55 11 
    86        2131           2131.0 10     4477.63  7     2347.780 10       2129.78  7       1.2213      1.221       1  **  Gamma omitted in fitting ** 
    87       2489.9          2489.9 10     4477.63  7  *** No final level found ***                                                                                       
    88      2905.1  4         -----        4477.63  7     1572.370 10       2905.13  7      -0.0279      0.070       0      0.005     0.00     2905.1  4 
    89      4479.7           4479.7 10     4477.63  7          0.0          4477.32  7       2.3797      2.380       2  **  Gamma omitted in fitting ** 
    90      1006.8  2         -----        4822.58 24      3815.80 21       1006.76 18       0.0432      0.216       0      0.047     0.03     1006.8  2 
    91      1228.1  3         -----        4822.58 24      3594.42 24       1228.13 23      -0.0345      0.115       0      0.013     0.01     1228.1  3 
    92      2831.4  9         -----        4822.58 24      1991.26  4       2831.20 24       0.2017      0.224       0      0.050     0.03     2831.4  9 
    93      1305.3  4         -----        4899.57 27      3594.42 24       1305.13 26       0.1709      0.427       0      0.183     0.11     1305.3  4 
    94      2908.3  5         -----        4899.57 27      1991.26  4       2908.19 27       0.1110      0.222       0      0.049     0.03     2908.3  5 
    95     1101.92 31         -----       4903.371 17     3801.954 16      1101.399 19       0.5216      1.682       2      2.831     1.72    1101.92 31 
    96      1964.8  2         -----       4903.371 17      2938.62  5       1964.69  6       0.1069      0.535       1      0.286     0.17     1964.8  2 
    97      2184.16 19        -----       4903.371 17  *** No final level found ***                                                                                       
    98    2555.492 14         -----       4903.371 17     2347.780 10      2555.492 14       0.0004      0.030       0      0.001     0.00   2555.492 14 
    99     3330.84 13         -----       4903.371 17     1572.370 10      3330.831 15       0.0093      0.072       0      0.005     0.00    3330.84 13 
   100     4902.99  5         -----       4903.371 17          0.0         4903.003 17      -0.0123      0.246       0      0.060     0.04    4902.99  5 
   101     1161.05 20         -----       4963.082 25     3801.954 16      1161.107 25      -0.0569      0.285       0      0.081     0.05    1161.05 20 
   102    1404.967 24         -----       4963.082 25     3558.080 28      1404.972 22      -0.0045      0.189       0      0.036     0.02   1404.967 24 
   103      2615.2  2         -----       4963.082 25     2347.780 10      2615.197 24       0.0026      0.013       0      0.000     0.00     2615.2  2 
   104      2972.0  4         -----       4963.082 25      1991.26  4       2971.69  5       0.3092      0.773       1      0.598     0.36     2972.0  4 
   105     3390.62  7         -----       4963.082 25     1572.370 10      3390.535 24       0.0849      1.214       1      1.473     0.89    3390.62  7 
   106     4963.06 22         -----       4963.082 25          0.0         4962.704 25       0.3560      1.618       2      2.618     1.59    4963.06 22 
   107       986.8  3         -----        5009.76 29      4022.92 21        986.82 24      -0.0179      0.060       0      0.004     0.00      986.8  3 
   108      3018.5  7         -----        5009.76 29      1991.26  4       3018.36 28       0.1400      0.200       0      0.040     0.02     3018.5  7 
   109      1389.0  4         -----        5411.95 25      4022.92 21       1389.00 23       0.0015      0.004       0      0.000     0.00     1389.0  4 
   110      1525.7  8         -----        5411.95 25      3886.21 33        1525.7  4      -0.0027      0.003       0      0.000     0.00     1525.7  8 
   111      3420.6  9         -----        5411.95 25      1991.26  4       3420.52 25       0.0846      0.094       0      0.009     0.01     3420.6  9 
   112      5752.0  8         -----         5752.5  8          0.0           5752.0  8       0.0000      0.000       0      0.000     0.00     5752.0  8 
   113     4268.65 14         -----       5841.482 31     1572.370 10      4268.833 31      -0.1827      1.305       1      1.702     1.03    4268.65 14 
   114       465.4  2         -----        5877.35 22      5411.95 25        465.40 18       0.0009      0.004       0      0.000     0.00      465.4  2 
   115       867.6  4         -----        5877.35 22      5009.76 29        867.59 26       0.0138      0.035       0      0.001     0.00      867.6  4 
   116       977.9  3         -----        5877.35 22      4899.57 27        977.76 24       0.1361      0.454       0      0.206     0.13      977.9  3 
   117      1055.1  6         -----        5877.35 22      4822.58 24       1054.76 24       0.3408      0.568       1      0.323     0.20     1055.1  6 
   118      1854.4  4         -----        5877.35 22      4022.92 21       1854.38 20       0.0222      0.056       0      0.003     0.00     1854.4  4 
   119      2061.6  4         -----        5877.35 22      3815.80 21       2061.48 22       0.1167      0.292       0      0.085     0.05     2061.6  4 
   120      2283.0  4         -----        5877.35 22      3594.42 24       2282.85 23       0.1461      0.365       0      0.133     0.08     2283.0  4 
   121      3886.0 13         -----        5877.35 22      1991.26  4       3885.87 21       0.1342      0.103       0      0.011     0.01     3886.0 13 
   122      6018.2  6         -----         6018.8  6          0.0           6018.2  6       0.0000      0.000       0      0.000     0.00     6018.2  6 
   123      3139.9  5         -----       6078.475 33      2938.62  5       3139.71  6       0.1947      0.389       0      0.152     0.09     3139.9  5 
   124     6077.87 11         -----       6078.475 33          0.0         6077.909 33      -0.0386      0.351       0      0.123     0.07    6077.87 11 
   125      6293.2  4         -----        6293.93  6          0.0          6293.32  6      -0.1203      0.301       0      0.090     0.05     6293.2  4 
   126       887.0  7         -----         6298.9  4      5411.95 25        886.96 34       0.0430      0.061       0      0.004     0.00      887.0  7 
   127      2275.9  6         -----         6298.9  4      4022.92 21       2275.92 34      -0.0178      0.030       0      0.001     0.00     2275.9  6 
   128      2483.6  8         -----         6298.9  4      3815.80 21        2483.0  4       0.5795      0.724       1      0.525     0.32     2483.6  8 
   129      2329.5  9         -----         6349.2  5      4022.92 21        2326.2  5       3.2692      3.632     ##4     13.195     8.02     2329.5  9 
   130      2535.8 11         -----         6349.2  5     3801.954 16        2547.2  5     -11.3826     10.348    ##10    107.077    65.05     2535.8 11 
   131      6355.0  6         -----        6354.89 23          0.0          6354.27 23       0.7312      1.219       1      1.485     0.90     6355.0  6 
   132      6419.3 11         -----         6419.9 11          0.0           6419.3 11       0.0000      0.000       0      0.000     0.00     6419.3 11 
   133      6628.5  6         -----        6629.43  9          0.0          6628.76  9      -0.2555      0.426       0      0.181     0.11     6628.5  6 
   134      6760.3 12         -----         6761.0 12          0.0           6760.3 12       0.0000      0.000       0      0.000     0.00     6760.3 12 
   135      356.66  9         -----       6986.097 25      6629.43  9        356.67  9      -0.0058      0.064       0      0.004     0.00     356.66  9 
   136      631.32 24         -----       6986.097 25      6354.89 23        631.20 22       0.1170      0.488       0      0.238     0.14     631.32 24 
   137      692.16  5         -----       6986.097 25      6293.93  6        692.16  5      -0.0019      0.038       0      0.001     0.00     692.16  5 
   138     907.608 23         -----       6986.097 25     6078.475 33       907.609 23      -0.0013      0.055       0      0.003     0.00    907.608 23 
   139    1144.591 20         -----       6986.097 25     5841.482 31      1144.595 20      -0.0037      0.186       0      0.035     0.02   1144.591 20 
   140    2022.954  9         -----       6986.097 25     4963.082 25      2022.953  9       0.0014      0.157       0      0.025     0.01   2022.954  9 
   141     2082.83 17         -----       6986.097 25     4903.371 17      2082.659 27       0.1707      1.004       1      1.008     0.61    2082.83 17 
   142     2508.39  8         -----       6986.097 25      4477.63  7       2508.37  7       0.0170      0.213       0      0.045     0.03    2508.39  8 
   143     2796.74  4         -----       6986.097 25     4189.238 33      2796.739 32       0.0009      0.022       0      0.000     0.00    2796.74  4 
   144     3183.95  4         -----       6986.097 25     3801.954 16      3183.988 25      -0.0376      0.939       1      0.882     0.54    3183.95  4 
   145     4638.14 14         -----       6986.097 25     2347.780 10      4637.988 24       0.1525      1.089       1      1.186     0.72    4638.14 14 
   146      6985.7 10         -----       6986.097 25          0.0         6985.349 25       0.3514      0.351       0      0.123     0.08     6985.7 10 
   147       827.8  6         -----        7178.98 32       6349.2  5         829.7  5      -1.9337      3.223       3     10.387     6.31      827.8  6 
   148       880.2  4         -----        7178.98 32       6298.9  4        880.05 32       0.1510      0.378       0      0.143     0.09      880.2  4 
   149      1302.0  3         -----        7178.98 32      5877.35 22       1301.60 26       0.3985      1.328       1      1.764     1.07     1302.0  3 
   150       844.2  6         -----         8023.2  7      7178.98 32         844.2  6      -0.0409      0.068       0      0.005     0.00      844.2  6 
   151       731.6 15         -----         8755.1 11       8023.2  7         731.9 11      -0.2555      0.170       0      0.029     0.02      731.6 15 
   152      1576.3 14         -----         8755.1 11      7178.98 32        1576.1 11       0.2226      0.159       0      0.025     0.02     1576.3 14 
   153      2868.7  8         -----        10047.8  9      7178.98 32        2868.7  8       0.0000      0.000       0      0.000     0.00     2868.7  8 
   154      2420.6 11         -----        12468.5 14      10047.8  9        2420.6 11       0.0000      0.000       0      0.000     0.00     2420.6 11 
                                                                                                                 chi2=    164.610
                                                                                                             chi2/dof=      2.744
--------------------------------------------------------------------------------------------------------------------------------------------------------
NOTE: * at initial level indicates level fixed in the fitting.
      ## in #sigma column marks number of sigma>=4.
      Quoted level energies are from fit.
      #sigma=round(Diff/dEG), by which the input EG differs from the fitted one.
      dEG=1 keV is assigned if not given, unless otherwise specified at the end of each gamma line.


#of Levels= 153      #of fixed Levels= 111      #of Gammas in fitting= 102
Degrees of Freedom (dof)= 60
    Chi2= 164.6103
Chi2/dof= 2.7435
(critical Chi2/dof= 1.4740)

*** Warning: Chi2/dof greater than critical value= 1.4740 ***
    The following input EG values differ by 3 or more sigma from fitted ones:
    Try increasing uncertainties for some of them to improve the fitting.

        Input EG     EG from fit   Initial Level  #sigma
 --------------- --------------- --------------- -------
          586          590.83  5      2938.64  5       5  (suppressed)
          942          947.35  7      2938.64  5       5  (suppressed)
       3884.8          3889.6 20         3895  3       5  (suppressed)
         1172          1166.9  8       4106.4  4       5  (suppressed)
          888          883.20 25      4477.64  7       5  (suppressed)
         1059          1054.4 20      4477.64  7       5  (suppressed)
       2535.8 11       2547.2  5         6334  8      10

       1428.1          1431.9 20       3421.1  3       4  (suppressed)
         1243         1246.62 24       3594.8  4       4  (suppressed)
         1599         1603.12 24       3594.8  4       4  (suppressed)
          686           682.4 22       4106.4  4       4  (suppressed)
          595          591.41 34      4477.64  7       4  (suppressed)
       2329.5  9       2326.2  5         6334  8       4

         1363         1366.22  5      2938.64  5       3  (suppressed)
        703.0           706.1 20       3421.1  3       3  (suppressed)
       1072.2          1075.4 20       3421.1  3       3  (suppressed)
        827.8  6        829.7  5       7179.8  3       3





List of gammas with uncertainty in RI being adjusted:
-----------------------------------------------
  E(gamma)   E(level)            RI            
                      -------------------------
                          Original     Adjusted
-----------------------------------------------
  1572.327   1572.378       100          100  0
   1991.26    1991.28       100          100  0
    356.66   2347.789     0.084 LT      0.04  4
     725.1    2717.00         5 LT       2.5 25
    1145.7    2717.00         5 LT       2.5 25
       586    2938.64        10 LT         5  5
       942    2938.64        20 LT        10 10
      1363    2938.64        15 LT         8  8
   2938.57    2938.64       100          100  0
       486     3421.1         4 LT       2.0 20
     703.0     3421.1         6 LT       3.0 30
    1072.2     3421.1         7 LT       3.5 35
    1428.1     3421.1        30 LT        15 15
    1848.6     3421.1         7 LT       3.5 35
      3423     3421.1       100          100  0
       657     3594.8        10 LT         5  5
      1243     3594.8        15 LT         8  8
      1599     3594.8        17 LT         9  9
      2020     3594.8        17 LT         9  9
      3602       3602       100          100  0
    1809.1   3801.958       8.9 LT         5  5
    1824.7     3818.1       100          100  0
     464.0     3885.3        30 LT        15 15
       950     3885.3        12 LT         6  6
    1167.0     3885.3        15 LT         8  8
    2312.6     3885.3        16 LT         8  8
      1542       3895       100          100  0
       467     4025.9        14 LT         7  7
     604.0     4025.9        28 LT        14 14
      1309     4025.9        22 LT        11 11
      2037     4025.9        28 LT        14 14
    4024.8     4025.9        36 LT        18 18
       549     4106.4       4.6 LT       2.3 23
       686     4106.4       4.6 LT       2.3 23
      1389     4106.4        12 LT         6  6
      1758     4106.4       5.8 LT       2.9 29
      2114     4106.4       8.1 LT         4  4
      2535     4106.4       5.8 LT       2.9 29
       387   4189.280       7.7 LT         4  4
       597   4189.280       7.7 LT         4  4
    631.32   4189.280       2.8 LT       1.4 14
       768   4189.280       7.7 LT         4  4
      1471   4189.280       9.6 LT         5  5
      2196   4189.280        15 LT         8  8
       595    4477.64       8.2 LT         4  4
       678    4477.64       8.2 LT         4  4
       888    4477.64       8.2 LT         4  4
       922    4477.64       8.2 LT         4  4
      1059    4477.64        16 LT         8  8
      1545    4477.64        12 LT         6  6
      2131    4477.64        13 LT         7  7
    2489.9    4477.64        16 LT         8  8
    4479.7    4477.64        20 LT        10 10
    5752.0     5752.5       100          100  0
   4268.65   5841.485       100          100  0
    6018.2     6018.8       100          100  0
    6293.2    6293.93       100          100  0
    6355.0    6354.89       100          100  0
    6419.3     6419.9       100          100  0
    6628.5    6629.43       100          100  0
    6760.3     6761.0       100          100  0
    356.66    6986.10     0.073 LT      0.04  4
    631.32    6986.10     0.123 LT      0.06  6
     844.2     8023.7       100          100  0
    2868.7    10048.4       100          100  0
    2420.6    12469.1       100          100  0
-----------------------------------------------


End of report

