** Java program for fitting gammas&calculating feedings (version 07/17/2025) **
Generated at: Thu 07/24/2025 at 02:55:16 AM EDT

 Input file: D:\X\ND\ENSDF\A35\S35\new\S35_ng_E_thermal.ens
Report file: D:\X\ND\Files\Java_GABS.rpt
Output file: D:\X\ND\Files\Java_GABS.out


 assumptions for non-numerical uncertainties in RI and TI, unless otherwise specified:
    DRI                assumed %DRI        
    -----------        ------------        
    Empty              20
    LT or LE           50 for DRI(+); assumed RI=DRI(-)=%(100-this value)
    GT or GE           100000000 for DRI(+); assumed DRI(-)=0
    AP                 50
    CA                 50
    SY                 50

   * DCC theory=1.4% assumed if DCC not given
   * Uncertainty Limit=35 for rounding-up uncertainty in output


** Normalization factor NR is a multiplier for converting photon intensities (RI)
**    as given in the dataset to photons per 100 parent decays through the current
**    decay branch.
** NR in this analysis is determined by normalizing the sum of RI*(1+ICC) of all
**    gammas to ground state, to the input value given in the NB record at col#42
**    for %(Ig+ce) to GS through the current decay branch
** %IG and its uncertainty from this analysis is determined by %IG=RI*NR*BR, or
**    %IG=RI*NRBR if NRBR in PN record is present, as photons per 100 parent decays
**    (through all branches) for those gammas not involved in the deduction of NR.
**    For those used for normalization, %IG is directly determined independent of
**    NR to avoid over-estimation of uncertainty in the formula above, especially
**    when the input uncertainty in RI is large.

   * Gammas marked by "?" are also used in the fitting and intensity calculations
   * All gammas marked by "S" are ignored in the fitting and intensity calculations


##########################################################################################
        Report of gamma absolute intensities for dataset: << 34S(N,G) E=THERMAL >>
##########################################################################################


The following gammas are used to deduce the normalization factor NR:
------------------------------------------------------------------
     E(gamma)   E(level)        RI        ICC            TI       
------------- ---------- ------------ ----------- ----------------
  1572.333  8   1572.374     35.0 34        0  0     35.0     34 
   1991.27  5    1991.28     0.54  6        0  0     0.54      6 
  2347.700 15   2347.781       49  4        0  0       49      4 
   2716.99 16   2717.013     0.30  5        0  0     0.30      5 
   2938.58 11    2938.63     0.89  9        0  0     0.89      9 
    3558.1  5   3558.082    0.085 17        0  0    0.085     17 
   3801.73  4   3801.955     2.59 23        0  0     2.59     23 
    4105.3  8     4105.6    0.048 17        0  0    0.048     17 
   4188.95  5   4189.242     2.54 27        0  0     2.54     27 
   4902.99  5   4903.362      4.0  4        0  0      4.0      4 
   4963.06 22   4963.083     2.62 27        0  0     2.62     27 
    5752.0  8     5752.5    0.018  5        0  0    0.018      5 
    6018.2  6     6018.8    0.020  7        0  0    0.020      7 
   6077.87 11   6078.477     0.35  4        0  0     0.35      4 
    6293.2  4    6293.93    0.065 14        0  0    0.065     14 
    6355.0  6    6354.89    0.046  7        0  0    0.046      7 
    6419.3 11     6419.9    0.016  5        0  0    0.016      5 
    6628.5  6    6629.43    0.030  6        0  0    0.030      6 
    6760.3 12     6761.0    0.019  8        0  0    0.019      8 
    6985.7 10   6986.099    0.036  8        0  0    0.036      8 

                                       Sum of RI=             98 5
                                       Sum of TI=             98 5
------------------------------------------------------------------
NOTE: RI and TI values here are actual values used in normalization, with
      adjustments for non-numerical uncertainties in input RI or TI values,
      where applicable.
      * indicates adjusted uncertainty and original one given under.


++++++++++++++++++++++++++++++++++++++++++++++++++++++++++++++++++++++++
Input BR in N record:    (=1.0 if not given)

Input %(Ig+ce) to GS: 100 0 (from NB in N record, =1.0 (100%) by default)
   Net (Ig+ce) to GS: 98 5

Input NR in N record: 1 
              New NR: 1.02 6 (1.018 55)

-------------------------------------------------------------------------------------------------------
     E(gamma)       RI              TI                    %IG                 %IG from NR            
                                                                        New NR*           Input NR   
-------------------------------------------------------------------------------------------------------
     646.9  5      0.7  1     0.70     10           0.71 +15-14         ---               0.70     10
    663.41  7     0.09  1    0.090     10          0.092 +16-15         ---              0.090     10
    803.81  9    0.092 14    0.092     14          0.094 +20-19         ---              0.092     14
   1381.67 24    0.024  8    0.024      8          0.024  +10-9         ---              0.024      8
  1572.333  8     35.0 34     35.0     34           35.6     27          36      4        35.0     34
   1991.27  5     0.54  6     0.54      6           0.55      7        0.55  +10-9        0.54      6
    356.66  9    0.037  4    0.037      4          0.038      6         ---              0.037      4
   775.398  6     17.2 19     17.2     19           17.5 +30-28         ---               17.2     19
  2347.700 15       49  4       49      4           49.9     27          50      5          49      4
     368.5  4    0.020  7    0.020      7          0.020   +9-8         ---              0.020      7
  1144.591 20     0.55  6     0.55      6           0.56  +10-9         ---               0.55      6
   2716.99 16     0.30  5     0.30      5           0.31      5        0.31      7        0.30      5
   2938.58 11     0.89  9     0.89      9           0.91     10        0.91 +15-14        0.89      9
    619.23 19    0.042  8    0.042      8          0.043 +11-10         ---              0.042      8
   1210.28  4    0.252 27    0.252     27           0.26      4         ---              0.252     27
    1566.7  3     0.47  9     0.47      9           0.48 +12-11         ---               0.47      9
    3558.1  5    0.085 17    0.085     17          0.087     18       0.087 +23-21       0.085     17
    863.28 28    0.034 10    0.034     10          0.035 +13-12         ---              0.034     10
   1084.79 15    0.054 10    0.054     10          0.055 +14-13         ---              0.054     10
   1454.09  4     0.45 11     0.45     11           0.46 +14-13         ---               0.45     11
  2229.510 16     2.86 27     2.86     27           2.91     32         ---               2.86     27
   3801.73  4     2.59 23     2.59     23           2.64     27        2.64     28        2.59     23
    4105.3  8    0.048 17    0.048     17          0.049     18       0.049 +21-19       0.048     17
    631.32 24    0.060  9    0.060      9          0.061 +13-12         ---              0.060      9
   1250.61  5    0.214 24    0.214     24           0.22      4         ---              0.214     24
    1840.2 12      2.2  4      2.2      4            2.2   +6-5         ---                2.2      4
    2616.8 13     0.24  7     0.24      7           0.24   +9-8         ---               0.24      7
   4188.95  5     2.54 27     2.54     27           2.59     30         2.6      4        2.54     27
   1760.55 11    0.146 21    0.146     21          0.149 +31-28         ---              0.146     21
    2905.1  4     0.14  4     0.14      4           0.14      5         ---               0.14      4
   1101.92 31    0.033  8    0.033      8          0.034 +11-10         ---              0.033      8
    1964.8  2     0.37 10     0.37     10           0.38 +13-12         ---               0.37     10
   2184.16 19      4.7  5      4.7      5            4.8      8         ---                4.7      5
  2555.492 14     3.14 31     3.14     31            3.2      4         ---               3.14     31
   3330.84 13      7.6  7      7.6      7            7.7      8         ---                7.6      7
   4902.99  5      4.0  4      4.0      4            4.1      5         4.1   +7-6         4.0      4
   1161.05 20    0.055  8    0.055      8          0.056 +12-11         ---              0.055      8
  1404.967 24     0.60  6     0.60      6           0.61  +10-9         ---               0.60      6
    2615.2  2     1.09 10     1.09     10           1.11     12         ---               1.09     10
    2972.0  4     0.18  6     0.18      6           0.18   +8-7         ---               0.18      6
   3390.62  7      5.6  5      5.6      5            5.7      6         ---                5.6      5
   4963.06 22     2.62 27     2.62     27           2.67     31         2.7      4        2.62     27
    5752.0  8    0.018  5    0.018      5          0.018      5       0.018   +7-6       0.018      5
    6018.2  6    0.020  7    0.020      7          0.020      7       0.020   +9-8       0.020      7
    3139.9  5    0.078 24    0.078     24          0.079 +30-28         ---              0.078     24
   6077.87 11     0.35  4     0.35      4           0.36      5        0.36      6        0.35      4
    6293.2  4    0.065 14    0.065     14          0.066     15       0.066 +19-17       0.065     14
    6355.0  6    0.046  7    0.046      7          0.047      8       0.047  +10-9       0.046      7
    6419.3 11    0.016  5    0.016      5          0.016      5       0.016      6       0.016      5
    6628.5  6    0.030  6    0.030      6          0.031      6       0.031      8       0.030      6
    6760.3 12    0.019  8    0.019      8          0.019      8       0.019  +10-9       0.019      8
    356.66  9    0.037  4    0.037      4          0.038      6         ---              0.037      4
    631.32 24    0.060  9    0.060      9          0.061 +13-12         ---              0.060      9
    692.16  5    0.133 17    0.133     17          0.135 +26-24         ---              0.133     17
   907.608 23     0.56 10     0.56     10           0.57 +14-13         ---               0.56     10
  2022.954  9       11  1     11.0     10           11.2     12         ---               11.0     10
   2082.83 17     15.9 15     15.9     15           16.2     18         ---               15.9     15
   2508.39  8     0.38  4     0.38      4           0.39   +7-6         ---               0.38      4
   2796.74  4      4.9  4      4.9      4            5.0      5         ---                4.9      4
   3183.95  4      6.1  6      6.1      6            6.2      7         ---                6.1      6
   4268.65 14     0.34  4     0.34      4           0.35      6         ---               0.34      4
   4638.14 14       56  5       56      5             57      6         ---                 56      5
    6985.7 10    0.036  8    0.036      8          0.037      9       0.037 +11-10       0.036      8
-------------------------------------------------------------------------------------------------------
NOTE: RI listed here are original values from the input file.
      TI from input or deduced from RI if not given in the input file.
      * %IG is present only for gammas used in normalization and
            others are the same as those in %IG column.



-----------------------------------------------------------------------------------------------------------------
                     Calculated Net Feeding from (gamma+ce) Intensity Balance at Each Level                      
-----------------------------------------------------------------------------------------------------------------
         Level        RI           RI         RI          TI           TI         TI           Net Feeding (%)  
                     (OUT)        (IN)       (NET)       (OUT)        (IN)       (NET)         CALC*       INPUT
-----------------------------------------------------------------------------------------------------------------
          0           0          98  5      -98  5        0          98  5     -98  5         -98  5             
   1572.374  7     35.0 34     34.2 21        1  4     35.0 34     34.2 21       1  4           1  4#            
    1991.28  4     0.54  6     0.67 11    -0.13 17     0.54  6     0.67 11   -0.13 17       -0.13 17#            
   2347.781  8       66  5       63  5        3  7       66  5       63  5       3  7           3  7#            
   2717.013 20     0.87  8      5.2  5     -4.4  5     0.87  8      5.2  5    -4.4  5        -4.4  5@            
    2938.63  5     0.89  9     0.74 11     0.15 20     0.89  9     0.74 11    0.15 20        0.15 20#            
   3558.082 27     0.85 10     0.63  7     0.22 17     0.85 10     0.63  7    0.22 17        0.22 17             
   3801.955 15      6.0  4      6.2  6     -0.2  7      6.0  4      6.2  6    -0.2  7        -0.2  7#            
     4105.6  8    0.048 17        0       0.048 17    0.048 17        0      0.048 17       0.048 17             
   4189.242 33      5.2  5      4.9  4      0.3  6      5.2  5      4.9  4     0.3  6         0.3  6#            
    4477.61  7     0.29  5     0.38  4    -0.09  9     0.29  5     0.38  4   -0.09  9       -0.09  9@            
   4903.362 15     19.8 10     15.9 15      3.9 18     19.8 10     15.9 15     3.9 18         3.9 18             
   4963.083 25     10.1  6     11.0 10     -0.9 12     10.1  6     11.0 10    -0.9 12        -0.9 12#            
     5752.5  8    0.018  5        0       0.018  5    0.018  5        0      0.018  5       0.018  5             
     6018.8  6    0.020  7        0       0.020  7    0.020  7        0      0.020  7       0.020  7             
   6078.477 32     0.43  5     0.56 10    -0.13 15     0.43  5     0.56 10   -0.13 15       -0.13 15#            
    6293.93  6    0.065 14    0.133 17   -0.068 31    0.065 14    0.133 17  -0.068 31      -0.068 31@            
    6354.89 23    0.046  7    0.035 35     0.01  4    0.046  7    0.035 35    0.01  4        0.01  4#            
     6419.9 11    0.016  5        0       0.016  5    0.016  5        0      0.016  5       0.016  5             
    6629.43  9    0.030  6    0.021 21    0.010 27    0.030  6    0.021 21   0.010 27       0.010 27#            
     6761.0 12    0.019  8        0       0.019  8    0.019  8        0      0.019  8       0.019  8             
   6986.099 24       95  6        0          95  6       95  6        0         95  6          95  6             

                                                                      Sum of Feedings=        104 10         0 0
-----------------------------------------------------------------------------------------------------------------
Input normalization factors:
  NR=      1       For normalizing RI to per 100 parent decays via this branch
  NT=              For normalizing TI to per 100 parent decays via this branch
  BR=              Branching ratio of this decay branch among all decay branches
  NB=    1.0       For normalizing IB to per 100 parent decays via this branch

* Calculated feedings are obtained directly from the normalization process for deducing NR if applicable.
# Value range overlaps with zero and will be presented as limit in GLSC_combined.out


End of report

