** Java program for fitting gammas&calculating feedings (version 02/18/2025) **
Generated at: Sat 03/22/2025 at 07:58:11 PM EDT

 Input file: D:\X\ND\Files\60.adp
Report file: D:\X\ND\Files\Java_GTOL.rpt
Output file: D:\X\ND\Files\Java_GTOL.out

Rules for assigning uncertainties to gamma energies where not available:
(unless otherwise specified by "DEG=" at the end (col>80) of gamma line)
   Rule 0: No. of decimal digits=0, uncertainty=1
   Rule 1: No. of decimal digits=1, uncertainty=0.5
   Rule 2: No. of decimal digits=2, uncertainty=0.05

(Above rules are by default for all gamma-ray energies, and will be;
 overridden by a DEG option at the end of a gamma-line individually
 or by a global DEG option at the top of a dataset)


 assumptions for non-numerical uncertainties in RI and TI, unless otherwise specified:
    DRI                assumed %DRI        
    -----------        ------------        
    Empty              20
    LT or LE           50 for DRI(+); assumed RI=DRI(-)=%(100-this value)
    GT or GE           100000000 for DRI(+); assumed DRI(-)=0
    AP                 50
    CA                 50
    SY                 50

   * DCC theory=1.4% assumed if DCC not given
   * Uncertainty Limit=35 for rounding-up uncertainty in output


   * Gammas marked by "?" are also used in the fitting and intensity calculations
   * All gammas marked by "S" are ignored in the fitting and intensity calculations
   * RI flagged by "&" are used as upper limits (RI+DRI) in intensity calculations:
           Adjusted RI=(RI+DRI)/2=Adjusted DRI
   * Maximum&Minimum approach is used to propagate large uncertainty (>10%) except E(level)


##########################################################################################
        GTOL report for dataset: << ADOPTED LEVELS, GAMMAS >>
##########################################################################################


-------------------------------------------------------------------------------------------------------------------
                 Level Energies From Input (old), Fitting (new), and Adjustments for uncertainties                 
-------------------------------------------------------------------------------------------------------------------
#Level  old           Input        From fit       After adding dE of base levels:          Has Gamma:        Fixed 
        kept                      (original)       metastable    fixed("G")/other     Deexciting  Feeding     Type 
------ ------ --------------- ---------------    --------------- ----------------     ---------- ----------  ------
     1  kept           0.0             0.0    *         -----            -----           ---        Yes        D   
     2             1003.90 20      1003.66 19           -----           1003.7  2 &      Yes        Yes       ---  
     3              2193.0  5       2192.7  4           -----            -----           Yes        Yes       ---  
     4              2559.0  5      2558.63 26           -----           2558.6  3 &      Yes        Yes       ---  
     5              3034.9 11       3034.7 10           -----            -----           Yes         No       ---  
     6              3.2E+3  1        -----              -----            -----            No         No        A   
     7              3510.3  6       3510.1  6           -----            -----           Yes        Yes       ---  
     8                3520 30        -----              -----            -----            No         No        A   
     9              3627.0 11       3626.7 10           -----            -----           Yes         No       ---  
    10                3710 50        -----              -----            -----            No         No        A   
    11              3808.4  7       3808.2  7           -----            -----           Yes        Yes       ---  
    12              3812.0 11       3811.7 10           -----            -----           Yes         No       ---  
    13              3972.4  8       3972.2  7           -----            -----           Yes        Yes       ---  
    14                3980 30        -----              -----            -----            No         No        A   
    15                4180 30        -----              -----            -----            No         No        A   
    16              4200.1  8       4199.9  8           -----            -----           Yes        Yes       ---  
    17              4351.0 11       4350.8 11           -----            -----           Yes         No       ---  
    18                4400 50        -----              -----            -----            No         No        A   
    19              4776.0 11       4775.8 11           -----            -----           Yes         No       ---  
    20              4852.2  7      4852.08 34           -----           4852.1  4 &      Yes         No       ---  
    21              4913.3  9       4913.0  9           -----            -----           Yes        Yes       ---  
    22                5200 60        -----              -----            -----            No         No        A   
    23              5292.1  9       5291.9  9           -----            -----           Yes        Yes       ---  
    24                5300 50        -----              -----            -----            No         No        A   
    25              5337.3 11       5337.1 10           -----            -----           Yes         No       ---  
    26              5503.5 13       5503.3 12           -----            -----           Yes         No       ---  
    27                5970 70        -----              -----            -----            No         No        A   
    28                6360 70        -----              -----            -----            No         No        A   
    29              6639.2 10       6639.0  9           -----            -----           Yes        Yes       ---  
    30                6950 50        -----              -----            -----            No         No        A   
    31                7130 70        -----              -----            -----            No         No        A   
    32              7372.5 22       7372.3 21           -----            -----           Yes         No       ---  
    33                7380 30        -----              -----            -----            No         No        A   
    34                7660 70        -----              -----            -----            No         No        A   
    35                7980 50        -----              -----            -----            No         No        A   
    36              8.28E3  5        -----              -----            -----            No         No        A   
    37              8475.7 14       8475.4 14           -----            -----           Yes        Yes       ---  
    38              8636.3 18       8636.0 18           -----            -----           Yes        Yes       ---  
    39              8702.3 13       8702.0 12           -----            -----           Yes         No       ---  
    40              9620.4 19       9620.2 19           -----            -----           Yes        Yes       ---  
    41             10756.4 18      10756.2 17           -----            -----           Yes        Yes       ---  
    42             10.8E+3  2        -----              -----            -----            No         No        A   
    43             12132.1 17      12131.8 16           -----            -----           Yes        Yes       ---  
    44             13.2E+3  2        -----              -----            -----            No         No        A   
    45             13698.0 18      13697.7 18           -----            -----           Yes        Yes       ---  
    46             15437.3 19      15437.1 19           -----            -----           Yes        Yes       ---  
    47             17322.8 20      17322.6 20           -----            -----           Yes        Yes       ---  
    48             19352.7 21      19352.4 21           -----            -----           Yes        Yes       ---  
    49             21596.9 23      21596.7 23           -----            -----           Yes        Yes       ---  
    50             24132.0 25      24131.7 24           -----            -----           Yes        Yes       ---  
    51               27007  3      27006.6 26           -----            -----           Yes        Yes       ---  
    52               30257  3      30257.2 29           -----            -----           Yes        Yes       ---  
    53  kept         33899  5        33899  5           -----            -----           Yes         No       ---  
    54  kept           0+X             0+X    *         -----            -----            No        Yes        A   
    55  kept       567.3+X  9      567.3+X  9           -----            -----           Yes        Yes       ---  
    56  kept      1575.6+X 23     1575.6+X 23           -----            -----           Yes        Yes       ---  
    57              3046+X  3     3045.7+X 26           -----            -----           Yes        Yes       ---  
    58              4967+X  3     4967.0+X 27           -----            -----           Yes        Yes       ---  
    59              7300+X  3     7299.5+X 30           -----            -----           Yes         No       ---  
    60  kept           0+Y             0+Y    *         -----            -----            No        Yes        A   
    61  kept       756.6+Y  9      756.6+Y  9           -----            -----           Yes        Yes       ---  
    62  kept      2005.0+Y 13     2005.0+Y 13           -----            -----           Yes        Yes       ---  
    63  kept      3697.0+Y 15     3697.0+Y 15           -----            -----           Yes        Yes       ---  
    64  kept      5832.7+Y 18     5832.7+Y 18           -----            -----           Yes        Yes       ---  
    65            8414.4+Y 22     8414.5+Y 22           -----            -----           Yes        ---       ---  
-------------------------------------------------------------------------------------------------------------------
NOTE: --- indicates Not Applicable.
        * indicates level fixed in fitting.
        & from original uncertainty adjusted based on input settings.
        # non-numerical uncertainty is from fitting gammas or end-level.
      Quoted values under "From fit" for fixed levels are taken from their input values.
      Fixed Type="A": assumed fixed by GTOL for level not connected to any level; not used in the fitting.
                ="D": assumed fixed by GTOL for meta-stable level, with %(all decay modes but IT)>99.75;
                      uncertainty will be added after fitting (1st level always this type by default).
                ="S": assumed fixed by GTOL for level which causes singular matrix problem; uncertainty=0 assumed.
                ="F": energy is fixed and uncertainty=0 assumed for fitting.
                ="G": energy is fixed in fitting and uncertainty will be added after fitting.
           Only type "F" and "G" are set by user by inserting the type letter in the energy field (col 10-20).



--------------------------------------------------------------------------------------------------------------------------------------------------------
                                                            Input and fitted Gamma Energies                                                             
#Gamma        Input EG    Adjusted dEG   Initial Level     Final Level     EG From fit   Difference   Diff/dEG  #sigma       Chi2    %Chi2      Input EG
--------------------------------------------------------------------------------------------------------------------------------------------------------
     1      1003.6  2         -----         1003.7  2          0.0          1003.65 19      -0.0473      0.237       0      0.056     1.69     1003.6  2 
     2      1189.2  4         -----         2192.7  4       1003.7  2        1189.1  4       0.1412      0.353       0      0.125     3.76     1189.2  4 
     3      1554.7  3         -----         2558.6  3       1003.7  2       1554.95 23      -0.2479      0.826       1      0.683    20.63     1554.7  3 
     4      2558.8  4         -----         2558.6  3          0.0          2558.57 26       0.2328      0.582       1      0.339    10.23     2558.8  4 
     5        2031  1         -----         3034.7 10       1003.7  2        2031.0 10       0.0000      0.000       0      0.000     0.00       2031  1 
     6        1318  1         -----         3510.1  6       2192.7  4        1317.3  6       0.6559      0.656       1      0.430    13.00       1318  1 
     7        2506  1         -----         3510.1  6       1003.7  2        2506.4  6      -0.3749      0.375       0      0.141     4.24       2506  1 
     8        2623  1         -----         3626.7 10       1003.7  2        2623.0 10      -0.0000      0.000       0      0.000     0.00       2623  1 
     9      1615.4  5         -----         3808.2  7       2192.7  4        1615.4  5      -0.0000      0.000       0      0.000     0.00     1615.4  5 
    10        2808  1         -----         3811.7 10       1003.7  2        2808.0 10       0.0000      0.000       0      0.000     0.00       2808  1 
    11         462  1         -----         3972.2  7       3510.1  6         462.1  7      -0.1365      0.136       0      0.019     0.56        462  1 
    12        1780  1         -----         3972.2  7       2192.7  4        1779.5  7       0.5303      0.530       1      0.281     8.50       1780  1 
    13        2968  2         -----         3972.2  7       1003.7  2        2968.5  7      -0.4906      0.245       0      0.060     1.82       2968  2 
    14        3971  2         -----         3972.2  7          0.0           3972.1  7      -1.0846      0.542       1      0.294     8.88       3971  2 
    15         690  1         -----         4199.9  8       3510.1  6         689.8  7       0.2239      0.224       0      0.050     1.51        690  1 
    16      2006.8 10         -----         4199.9  8       2192.7  4        2007.1  7      -0.3039      0.304       0      0.092     2.79     2006.8 10 
    17        2158  1         -----         4350.8 11       2192.7  4        2158.0 10       0.0000      0.000       0      0.000     0.00       2158  1 
    18        2583  1         -----         4775.8 11       2192.7  4        2583.0 10       0.0000      0.000       0      0.000     0.00       2583  1 
    19      2293.2  4         -----         4852.1  4       2558.6  3       2293.41 31      -0.2080      0.520       1      0.270     8.17     2293.2  4 
    20      3848.5  4         -----         4852.1  4       1003.7  2       3848.29 31       0.2080      0.520       1      0.270     8.17     3848.5  4 
    21        1403  1         -----         4913.0  9       3510.1  6        1402.9  8       0.0920      0.092       0      0.008     0.26       1403  1 
    22        3909  2         -----         4913.0  9       1003.7  2        3909.2  9      -0.2200      0.110       0      0.012     0.37       3909  2 
    23      1483.7  6         -----         5291.9  9       3808.2  7        1483.7  6       0.0252      0.042       0      0.002     0.05     1483.7  6 
    24        1827  1         -----         5337.1 10       3510.1  6        1826.9  9       0.0586      0.059       0      0.003     0.10       1827  1 
    25        4333  2         -----         5337.1 10       1003.7  2        4333.2 10      -0.2343      0.117       0      0.014     0.41       4333  2 
    26        1531  1         -----         5503.3 12       3972.2  7        1531.0 10      -0.0000      0.000       0      0.000     0.00       1531  1 
    27        1726  1         -----         6639.0  9       4913.0  9        1726.0  8       0.0370      0.037       0      0.001     0.04       1726  1 
    28        2439  1         -----         6639.0  9       4199.9  8        2439.1  8      -0.0817      0.082       0      0.007     0.20       2439  1 
    29        3129  2         -----         6639.0  9       3510.1  6        3128.8  8       0.1723      0.086       0      0.007     0.22       3129  2 
    30        3400  2         -----         7372.3 21       3972.2  7        3400.0 20       0.0000      0.000       0      0.000     0.00       3400  2 
    31      3183.6 12         -----         8475.4 14       5291.9  9        3183.5 11       0.0995      0.083       0      0.007     0.21     3183.6 12 
    32      3344.1 20         -----         8636.0 18       5291.9  9        3344.1 16       0.0170      0.009       0      0.000     0.00     3344.1 20 
    33        2063  1         -----         8702.0 12       6639.0  9        2063.0  9      -0.0017      0.002       0      0.000     0.00       2063  1 
    34        4502  2         -----         8702.0 12       4199.9  8        4502.0 11       0.0067      0.003       0      0.000     0.00       4502  2 
    35        5810  5         -----         9620.2 19       3808.2  7        5811.8 18      -1.7467      0.349       0      0.122     3.69       5810  5 
    36      1135.9  9         -----        10756.2 17       9620.2 19        1136.0  9      -0.0566      0.063       0      0.004     0.12     1135.9  9 
    37        5464  4         -----        10756.2 17       5291.9  9        5464.1 15      -0.0554      0.014       0      0.000     0.01       5464  4 
    38      1375.6  7         -----        12131.8 16      10756.2 17        1375.6  7      -0.0359      0.051       0      0.003     0.08     1375.6  7 
    39      3495.7 20         -----        12131.8 16       8636.0 18        3495.7 16       0.0170      0.009       0      0.000     0.00     3495.7 20 
    40      3656.4 14         -----        12131.8 16       8475.4 14        3656.3 12       0.1354      0.097       0      0.009     0.28     3656.4 14 
    41      1565.9  6         -----        13697.7 18      12131.8 16        1565.9  6       0.0000      0.000       0      0.000     0.00     1565.9  6 
    42      1739.3  6         -----        15437.1 19      13697.7 18        1739.3  6       0.0000      0.000       0      0.000     0.00     1739.3  6 
    43      1885.5  7         -----        17322.6 20      15437.1 19        1885.5  7       0.0000      0.000       0      0.000     0.00     1885.5  7 
    44      2029.8  7         -----        19352.4 21      17322.6 20        2029.8  7       0.0000      0.000       0      0.000     0.00     2029.8  7 
    45      2244.2  8         -----        21596.7 23      19352.4 21        2244.2  8      -0.0000      0.000       0      0.000     0.00     2244.2  8 
    46      2535.0  9         -----        24131.7 24      21596.7 23        2535.0  9       0.0000      0.000       0      0.000     0.00     2535.0  9 
    47      2874.8 10         -----        27006.6 26      24131.7 24        2874.8 10       0.0000      0.000       0      0.000     0.00     2874.8 10 
    48      3250.5 12         -----        30257.2 29      27006.6 26        3250.5 12      -0.0000      0.000       0      0.000     0.00     3250.5 12 
    49      3641.3 35         -----          33899  5      30257.2 29        3641.3 35       0.0000      0.000       0      0.000     0.00     3641.3 35 
    50       567.3  9         -----        567.3+X  9          0+X            567.3  9       0.0000      0.000       0      0.000     0.00      567.3  9 
    51      1008.3 21         -----       1575.6+X 23      567.3+X  9        1008.3 21       0.0000      0.000       0      0.000     0.00     1008.3 21 
    52      1470.1 12         -----       3045.7+X 26     1575.6+X 23        1470.1 12      -0.0000      0.000       0      0.000     0.00     1470.1 12 
    53      1921.2  9         -----       4967.0+X 27     3045.7+X 26        1921.2  9       0.0000      0.000       0      0.000     0.00     1921.2  9 
    54      2332.5 11         -----       7299.5+X 30     4967.0+X 27        2332.5 11       0.0000      0.000       0      0.000     0.00     2332.5 11 
    55       756.6  9         -----        756.6+Y  9          0+Y            756.6  9      -0.0000      0.000       0      0.000     0.00      756.6  9 
    56      1248.4  9         -----       2005.0+Y 13      756.6+Y  9        1248.4  9      -0.0000      0.000       0      0.000     0.00     1248.4  9 
    57      1692.0  8         -----       3697.0+Y 15     2005.0+Y 13        1692.0  8      -0.0000      0.000       0      0.000     0.00     1692.0  8 
    58      2135.6 10         -----       5832.7+Y 18     3697.0+Y 15        2135.6 10      -0.0000      0.000       0      0.000     0.00     2135.6 10 
    59      2581.7 12         -----       8414.5+Y 22     5832.7+Y 18        2581.7 12       0.0000      0.000       0      0.000     0.00     2581.7 12 
                                                                                                                 chi2=      3.310
                                                                                                             chi2/dof=      0.221
--------------------------------------------------------------------------------------------------------------------------------------------------------
NOTE: * at initial level indicates level fixed in the fitting.
      ## in #sigma column marks number of sigma>=4.
      Quoted level energies are from fit.
      #sigma=round(Diff/dEG), by which the input EG differs from the fitted one.
      dEG=1 keV is assigned if not given, unless otherwise specified at the end of each gamma line.


#of Levels= 65      #of fixed Levels= 21      #of Gammas in fitting= 59
Degrees of Freedom (dof)= 15
    Chi2= 3.3104
Chi2/dof= 0.2207
(critical Chi2/dof= 2.0390)




List of gammas with uncertainty in RI being adjusted:
-----------------------------------------------
  E(gamma)   E(level)            RI            
                      -------------------------
                          Original     Adjusted
-----------------------------------------------
    1003.6    1003.90       100          100  0
    1189.2     2193.0       100          100  0
      2031     3034.9       100          100  0
      1318     3510.3        14         14.0 28
      2506     3510.3       100          100  0
      2623     3627.0       100          100  0
    1615.4     3808.4       100          100  0
      2808     3812.0       100          100  0
       462     3972.4       8.6          8.6 17
      1780     3972.4        20           20  4
      2968     3972.4        14         14.0 28
      3971     3972.4       100          100  0
       690     4200.1        49           49 10
    2006.8     4200.1       100          100  0
      2158     4351.0       100          100  0
      2583     4776.0       100          100  0
      1403     4913.3        39           39  8
      3909     4913.3       100          100  0
    1483.7     5292.1       100          100  0
      1827     5337.3       100          100  0
      4333     5337.3        54           54 11
      1531     5503.5       100          100  0
      1726     6639.2        40           40  8
      2439     6639.2       100          100  0
      3129     6639.2        72           72 15
      3400     7372.5       100          100  0
    3183.6     8475.7       100          100  0
    3344.1     8636.3       100          100  0
      2063     8702.3       100          100  0
      4502     8702.3        43           43  9
      5810     9620.4       100          100  0
    1565.9    13698.0       100          100  0
    1739.3    15437.3       100          100  0
    1885.5    17322.8       100          100  0
    2029.8    19352.7       100          100  0
    2244.2    21596.9       100          100  0
    2535.0    24132.0       100          100  0
    2874.8      27007       100          100  0
    3250.5      30257       100          100  0
    3641.3      33899       100          100  0
     567.3    567.3+x       100          100  0
    1008.3   1575.6+x       100          100  0
    1470.1     3046+x       100          100  0
    1921.2     4967+x       100          100  0
    2332.5     7300+x       100          100  0
     756.6    756.6+y       100          100  0
    1248.4   2005.0+y       100          100  0
    1692.0   3697.0+y       100          100  0
    2135.6   5832.7+y       100          100  0
    2581.7   8414.4+y       100          100  0
-----------------------------------------------


End of report

