Java program for checking keynumbers (update 12/02/2024): error report
Generated at: Tue 03/11/2025 at 09:38:39 PM EDT



*** In dataset:  35P : 1H(34SI,P):RESONANCES

--- : -------------------------------------- line#=18   in  35P : 1H(34SI,P):RESONANCES
   1968Th07  : <W> probably irrelevant. Check if typo.
                   #title=Neutron Spectroscopic Factors from Isobaric Analog States



*** In dataset:  35P : 208PB(36S,XG)

--- : -------------------------------------- line#=7    in  35P : 208PB(36S,XG)
   2010WiZZ  : <W> probably irrelevant. Check if typo.
                   #title=
             Also in: line#=22   in dataset: 2010WiZZ



*** In dataset:  35P : 36S(D,3HE)

--- : -------------------------------------- line#=18   in  35P : 36S(D,3HE)
   1966Ba54  : <W> probably irrelevant. Check if typo.
                   #title=Normalization of and Finite-Range Effects in ({+3}He,d) and
                          (t,d) Reactions



*** In dataset:  35P : 36S(POL D,3HE)

--- : -------------------------------------- line#=18   in  35P : 36S(POL D,3HE)
   1966Ba54  : <W> probably irrelevant. Check if typo.
                   #title=Normalization of and Finite-Range Effects in ({+3}He,d) and
                          (t,d) Reactions



*** In dataset:  35P : 36SI B-N DECAY (503 MS)

--- : -------------------------------------- line#=6    in  35P : 36SI B-N DECAY (503 MS)
   2008ReZZ  : <W> probably irrelevant. Check if typo.
                   #title=
             Also in: line#=16   in dataset: 2008ReZZ
                      line#=19   in dataset: 2008ReZZ




--------------------------------------------------------------------------------
Keynumbers that are probably irrelevant to the nuclides in input files:
(probably due to mistyping if so): total number=4

1966Ba54:  35P   title= Normalization of and Finite-Range Effects in ({+3}He,d) and (t,d) Reactions
1968Th07:  35P   title= Neutron Spectroscopic Factors from Isobaric Analog States
2008ReZZ:  35P   title= 
                 reference=Priv.Com. (2008)
2010WiZZ:  35P   title= 
                 reference=Priv.Comm. (2010)
