Program for consistency check: output for Error and Warnings (version 06/19/2026)
Generated at: Sun 07/19/2026 at 11:48:42 PM EDT

################################################################################
In Adopted dataset of 34P

 34P   L 2228.6    4  2-               2 PS      GT                             
 34P X L XREF=CI(2225)KQ(2235?)
         *                                                                        <W> XREF tag=K: level possibly not or inconsistent (E,JPI) in K=36S(POL D,A),(POL D,AG)
                                                                                        closest level in K=36S(POL D,A),(POL D,AG)
                                                                                        2225        2 (+)                 
 34P   L 2675.5    8  (1+,2-,3+)                                                
 34P  cL J$2246|g 2+, 429 level, 1067|g to 1+ 1607 level. Possible unnatural    
                                           *                                      <E> Quoted JF=1+ inconsistent with record JF(429.09)=2+ for decaying EG=2246
                                              *                                   <E> Quoted EL=1607 inconsistent with record EL=429.09
                                              *                                   <E> Quoted EL=1607 inconsistent with record EL=1607.77
 34P   L 3352.5    5  (5)              0.28 PS   +10-8                          
 34P   G 1031.6    9  3.17   10 [E2]                                            
                               *                                                  <W> Mult=[E2] but parity-change unknown from deltaJPI
                                                                                        JI=(5) JF(2320.6)=3
 34P   L 3951.3    5  5(-)             0.118 PS  35                             
 34P   G 1631.5    11 4.2    21 [E2]                                            
                               *                                                  <W> Mult=[E2] but parity-change unknown from deltaJPI
                                                                                        JI=5(-) JF(2320.6)=3
 34P   L 4305.9    11 (1+,2-,3+)                                                
 34P  cL J$2694|g to 1+, 1607 level. Possible unnatural parity from analyzing   
                         *                                                        <E> Quoted EL=1607 inconsistent with record EL=1607.77
 34P   G 2694                                                                   
                     *                                                            <W> Check if RI=100 can be assigned to the single branch
 34P   L 4454.7    12 (4-)             0.10 PS   LT                             
 34P   G 2134                   D+Q                                             
                     *                                                            <W> Check if RI=100 can be assigned to the single branch
 34P   L 4630.1    5  6-               0.31 PS   5                              
 34P  cL J$2325.1|g, E2(+M3), |DJ=2 to 4-, 2305 level. 678|g, M1+E2, |DJ=1 to   
                                                       *                          <E> Quoted EG=678 inconsistent with record EG=678.8
 34P   L 4723                                                                   
 34P   G 1356.9    23 33     11 D+Q                                             
                               *                                                  <W> Mult is inconsistent with JPI (one of JPIs is empty)
                                                                                        JI= JF(3352.5)=(5)
 34P   L 5188.4    9  6-                                                        
 34P   G 2883.0       100       M2                                              
                               *                                                  <E> Mult=M2 is inconsistent with spin-parity change
                                                                                        JI=6- JF(2305.1)=4-
 34P   L 6237.2    5  7(+)             6.9 PS    GT                             
 34P   G 842.5     6  48     10 D(+Q)    +0.05   14                             
 34P   G 1607.7    5  1.7E2  6  D(+Q)    +0.05   9                              
 34P   G 2884.2    7  97     6  Q                                               
 34P   G 3931.7    10 12.5   75 [E3]                                            
                     *                                                            <W> Gamma intensity not normalized with strongest=100!
 34P   L 6357.2    8  (7-)             0.035 PS  LT                             
 34P   G 3004      2  100    14 [E2]                                            
                               *                                                  <W> Mult=[E2] but parity-change unknown from deltaJPI
                                                                                        JI=(7-) JF(3352.5)=(5)

################################################################################
In dataset of 34P: XA 34SI B- DECAY (2.77 S)     XREF Tag=A

 34P   L 0            1+                                                        
                                       *                                          <W> T1/2 commented from Adopted but empty
                                                                                        Adopted T1/2=12.43 S 10 this T1/2=
 34P   L 429.07    13 2+                                                        
                                       *                                          <W> T1/2 commented from Adopted but empty
                                                                                        Adopted T1/2=1.11 PS 35 this T1/2=
 34P   L 1607.62   19 1+                                                        
                                       *                                          <W> T1/2 commented from Adopted but empty
                                                                                        Adopted T1/2=0.76 PS +28-21 this T1/2=

################################################################################
In dataset of 34P: XC 18O(18O,PNG) E=24 MEV     XREF Tag=C

 34P   L 6237.3    8  7                6.9 PS    GT                         B   
 34P   G 3932      3  12.5   75                                             B   
                               *                                                  <W> large deltaJ=3 ([M3]), but no Mult is given
                                                                                        JI=7 JF(2305.1)=4

################################################################################
In dataset of 34P: XF 18O(18O,PNG) E=34 MEV     XREF Tag=F

 34P   L 3749.3    17                                                           
 34P   G 1443.7    10                                                          ?
         *                                                                        <W> Similar gammas placed differently in Adopted:
                                                                                        1442.6(7)      from level=5394.2      JPI=(6-)                
 34P   L 3943.3    17                                                           
         *                                                                        <W> level not placed in Adopted or discrepant.
                                                                                        closest level in Adopted:
                                                                                        3951.3     5 5(-)                XREF=BCDEFGP

################################################################################
In dataset of 34P: XH 30SI(7LI,3HE)     XREF Tag=H

 34P   L 667       40                                                          ?
         *                                                                        <W> questionable level not placed in Adopted.
                                                                                        closest level in Adopted:
                                                                                        429.09    11 2+                  XREF=ABCDEFGH(441)IJKLMNOPQ

################################################################################
In dataset of 34P: XK 36S(POL D,A),(POL D,AG)     XREF Tag=K

 34P   L 2225      2  (+)                                                       
         *                                                                        <W> level not placed in Adopted.
                                                                                        closest level in Adopted:
                                                                                        2228.6     4 2-                  XREF=CI(2225)KQ(2235?)
 34P   G 1796                                                                   
         *                                                                        <W> Similar gammas placed differently in Adopted:
                                                                                        1799.7(6)      from level=2228.6      JPI=2-                  
 34P   G 2225                                                                  ?
         *                                                                        <W> Similar gammas placed differently in Adopted:
                                                                                        2229(1)        from level=2228.6      JPI=2-                  
 34P   L 3086      15                                                          ?
         *                                                                        <W> questionable level not placed in Adopted.
                                                                                        closest level in Adopted:
                                                                                        3201      16                     XREF=K
 34P   L 3291      23                                                          ?
         *                                                                        <W> Tag=K of this dataset missing in XREF of matched Adopted Level=3352.5
 34P   L 3546      12                                                          ?
         *                                                                        <W> questionable level not placed in Adopted.
                                                                                        closest level in Adopted:
                                                                                        3482       8                     XREF=K
 34P   L 4302      6  (1+,2-,3+,4-)                                             
 34P   G 1627                                                                  ?
         *                                                                        <W> Similar gammas placed differently in Adopted:
                                                                                        1631.5(11)     from level=3951.3      JPI=5(-)                
 34P   G 2694                                                                   
                     *                                                            <W> check Jf&Ji for deltaJ>2 for gamma=2694
                                                                                        JI=(1+,2-,3+,4-) JF(1607.6)=1+
 34P   L 4725      12 (1+,2-,3+,4-,5+)                                          
 34P   G 4296                                                                   
                     *                                                            <W> check Jf&Ji for deltaJ>2 for gamma=4296
                                                                                        JI=(1+,2-,3+,4-,5+) JF(429.1)=2+

################################################################################
In dataset of 34P: XL 115IN(34S,XG)     XREF Tag=L

 34P   L 2305.3    7  4+                                                        
                     *                                                            <W> JPI here contradicts to adopted. Please check
                                                                                        Adopted JPI=4- this JPI=4+
 34P   L 5188.4    9  6-                                                        
 34P   G 2883.0       16.1   11 M2                                              
         *                                                                        <E> E(gamma) in comment quoted as from Adopted is inconsistent
                                                                                        Adopted E=2883.0  value in comment=6236

################################################################################
In dataset of 34P: XN 176YB(36S,XG)     XREF Tag=N

 34P   L 2320         (3-)                                                      
                     *                                                            <E> JPI commented from Adopted but inconsistent
                                                                                        Adopted JPI=3 this JPI=(3-)
 34P   L 3351         (5-)                                                      
                     *                                                            <E> JPI commented from Adopted but inconsistent
                                                                                        Adopted JPI=(5) this JPI=(5-)
 34P   L 6236         (7+)                                                      
                     *                                                            <E> JPI commented from Adopted but inconsistent
                                                                                        Adopted JPI=7(+) this JPI=(7+)

################################################################################
In dataset of 34P: XP 208PB(36S,34PG)     XREF Tag=P

 34P   L 2320.1    12 3-                                                        
                     *                                                            <E> JPI commented from Adopted but inconsistent
                                                                                        Adopted JPI=3 this JPI=3-
 34P   L 2682.1    8  (3)                                                      ?
         *                                                                        <W> questionable level not placed in Adopted or discrepant.
                                                                                        closest level in Adopted:
                                                                                        2675.5     8 (1+,2-,3+)          XREF=K
                     *                                                            <E> JPI commented from Adopted but no such Adopted level
 34P   G 2253      1  5.8    6                                                 ?
         *                                                                        <W> Similar gammas placed differently in Adopted:
                                                                                        2246           from level=2675.5      JPI=(1+,2-,3+)          
 34P   L 3351.1    16 5-                                                        
                     *                                                            <E> JPI commented from Adopted but inconsistent
                                                                                        Adopted JPI=(5) this JPI=5-
 34P   L 3950.1    16 (5)                                                       
                     *                                                            <E> JPI commented from Adopted but inconsistent
                                                                                        Adopted JPI=5(-) this JPI=(5)


End of report
