Java program for checking keynumbers (update 03/12/2025): error report
Generated at: Sat 03/22/2025 at 07:58:11 PM EDT

*** No searched list of keynumbers to be checked with!
    Please check if it is empty.
    Input keynumbers can be obtained from NSR search if available.


*** In dataset:  60ZN: ADOPTED LEVELS, GAMMAS

--- Line 8: -------------------------------- line#=8    in  60ZN: ADOPTED LEVELS, GAMMAS
@  2010Ka26  : <E> no match found in NSR

--- Line 9: -------------------------------- line#=9    in  60ZN: ADOPTED LEVELS, GAMMAS
@  2008KiZZ  : <E> no match found in NSR
@  2007Wo02  : <E> no match found in NSR
@  2006Wo04  : <E> no match found in NSR

--- Line 10: ------------------------------- line#=10   in  60ZN: ADOPTED LEVELS, GAMMAS
@  2008Vo12  : <E> no match found in NSR
@  2007Zh16  : <E> no match found in NSR

--- Line 24: ------------------------------- line#=24   in  60ZN: ADOPTED LEVELS, GAMMAS
@  1990Bo27  : <E> no match found in NSR

--- Line 29: ------------------------------- line#=29   in  60ZN: ADOPTED LEVELS, GAMMAS
@  1999Sv01  : <E> no match found in NSR

--- Line 45: ------------------------------- line#=45   in  60ZN: ADOPTED LEVELS, GAMMAS
@  1969Ho01  : <E> no match found in NSR
@  1972Du09  : <E> no match found in NSR


No error found in keynumbers