Java program for checking keynumbers (update 03/12/2025): error report
Generated at: Fri 06/20/2025 at 03:09:09 PM EDT



*** In dataset:  35AR: 35K EC DECAY (175 MS)

--- : -------------------------------------- line#=61   in  35AR: 35K EC DECAY (175 MS)
   1977Ha51  : <W> probably irrelevant. Check if typo.
                   #title=The essential decay of pandemonium: A demonstration of errors
                          in complex beta-decay schemes



*** In dataset:  35AR: 36AR(3HE,A)

--- : -------------------------------------- line#=1    in  35AR: 36AR(3HE,A)
@  1998VOAA  : <E> no match found in NSR
             Also in: line#=16   in dataset: 1998VoAA
                      line#=50   in dataset: 1998VoAA
                      line#=52   in dataset: 1998VoAA
                      line#=54   in dataset: 1998VoAA
                      line#=56   in dataset: 1998VoAA
                      line#=58   in dataset: 1998VoAA
                      line#=60   in dataset: 1998VoAA
                      line#=62   in dataset: 1998VoAA
                      line#=64   in dataset: 1998VoAA
                      line#=66   in dataset: 1998VoAA
                      line#=68   in dataset: 1998VoAA
                      line#=70   in dataset: 1998VoAA
                      line#=72   in dataset: 1998VoAA
                      line#=74   in dataset: 1998VoAA
                      line#=76   in dataset: 1998VoAA
                      line#=78   in dataset: 1998VoAA
                      line#=80   in dataset: 1998VoAA
                      line#=82   in dataset: 1998VoAA
                      line#=84   in dataset: 1998VoAA
                      line#=86   in dataset: 1998VoAA
                      line#=88   in dataset: 1998VoAA
                      line#=90   in dataset: 1998VoAA
                      line#=92   in dataset: 1998VoAA
                      line#=94   in dataset: 1998VoAA
                      line#=96   in dataset: 1998VoAA
                      line#=99   in dataset: 1998VoAA
                      line#=101  in dataset: 1998VoAA
                      line#=103  in dataset: 1998VoAA



*** In dataset:  35AR: 36AR(D,T)

--- : -------------------------------------- line#=32   in  35AR: 36AR(D,T)
   1966Ba54  : <W> probably irrelevant. Check if typo.
                   #title=Normalization of and Finite-Range Effects in ({+3}He,d) and
                          (t,d) Reactions



*** In dataset:  35AR: ADOPTED LEVELS, GAMMAS

--- : -------------------------------------- line#=66   in  35AR: ADOPTED LEVELS, GAMMAS
   1959Al10  : <W> probably irrelevant. Check if typo.
                   #title=Determination of the Beta-Decay Interaction from
                          Electron-Neutrino Angular Correlation Measurements

--- : -------------------------------------- line#=178  in  35AR: ADOPTED LEVELS, GAMMAS
   1968Ko04  : <W> probably irrelevant. Check if typo.
                   #title=Analysis of the Reaction O{+16}(t,p)O{+18}




--------------------------------------------------------------------------------
Keynumbers that are probably irrelevant to the nuclides in input files:
(probably due to mistyping if so): total number=4

1959Al10:  35AR  title= Determination of the Beta-Decay Interaction from Electron-Neutrino Angular Correlation Measurements
1966Ba54:  35AR  title= Normalization of and Finite-Range Effects in ({+3}He,d) and (t,d) Reactions
1968Ko04:  35AR  title= Analysis of the Reaction O{+16}(t,p)O{+18}
1977Ha51:  35AR  title= The essential decay of pandemonium: A demonstration of errors in complex beta-decay schemes
