Java program for checking keynumbers (update 03/12/2025): error report
Generated at: Wed 04/23/2025 at 03:33:07 PM EDT



*** In dataset:  35AR: 36AR(D,T)

--- : -------------------------------------- line#=32   in  35AR: 36AR(D,T)
   1966Ba54  : <W> probably irrelevant. Check if typo.
                   #title=Normalization of and Finite-Range Effects in ({+3}He,d) and
                          (t,d) Reactions



*** In dataset:  35AR: ADOPTED LEVELS, GAMMAS

--- : -------------------------------------- line#=37   in  35AR: ADOPTED LEVELS, GAMMAS
   1959Al10  : <W> probably irrelevant. Check if typo.
                   #title=Determination of the Beta-Decay Interaction from
                          Electron-Neutrino Angular Correlation Measurements



*** In dataset:  35AR: 35K EC DECAY (175 MS)

--- : -------------------------------------- line#=62   in  35AR: 35K EC DECAY (175 MS)
   1977Ha51  : <W> probably irrelevant. Check if typo.
                   #title=The essential decay of pandemonium: A demonstration of errors
                          in complex beta-decay schemes




--------------------------------------------------------------------------------
Keynumbers that are probably irrelevant to the nuclides in input files:
(probably due to mistyping if so): total number=3

1959Al10:  35AR  title= Determination of the Beta-Decay Interaction from Electron-Neutrino Angular Correlation Measurements
1966Ba54:  35AR  title= Normalization of and Finite-Range Effects in ({+3}He,d) and (t,d) Reactions
1977Ha51:  35AR  title= The essential decay of pandemonium: A demonstration of errors in complex beta-decay schemes
