Program for consistency check: output for Error and Warnings (version 05/05/2026)
Generated at: Thu 05/07/2026 at 03:13:22 PM EDT

################################################################################
In Adopted dataset of 35P

 35P   L 0            1/2+             47.3 S    8                              
 35P X L XREF=ACDEFGHIJK
         *                                                                        <W> No input dataset with XREF tag=K for DSID=208PB(36S,35PG)
 35P   L 2386.9    11 3/2+             0.69 PS   LT                             
 35P X L XREF=ACDEF(2420)GIK
         *                                                                        <W> No input dataset with XREF tag=K for DSID=208PB(36S,35PG)
 35P   L 3860.4    11 5/2+             0.69 PS   LT                             
 35P X L XREF=ACDEGHIJK
         *                                                                        <W> No input dataset with XREF tag=K for DSID=208PB(36S,35PG)
 35P   L 4101.7    11 (7/2-)           69 PS     GT                             
 35P X L XREF=ACEJK
         *                                                                        <W> No input dataset with XREF tag=K for DSID=208PB(36S,35PG)
 35P   L 4382.0    12 (5/2-)                                                    
 35P X L XREF=A(?)EK
         *                                                                        <W> No input dataset with XREF tag=K for DSID=208PB(36S,35PG)
 35P   L 4494.1    12 (7/2-)           2.29 PS   49                             
 35P X L XREF=ACEG(4474)JK
         *                                                                        <W> No input dataset with XREF tag=K for DSID=208PB(36S,35PG)
 35P   L 4767.0    13 (9/2-)                                                    
 35P X L XREF=EK
         *                                                                        <W> No input dataset with XREF tag=K for DSID=208PB(36S,35PG)
 35P   L 4869.6    12 (5/2-,7/2-)                                               
 35P X L XREF=ACK
         *                                                                        <W> No input dataset with XREF tag=K for DSID=208PB(36S,35PG)
 35P   L 4962.8    12 (9/2-)                                                    
 35P X L XREF=A(?)EK
         *                                                                        <W> No input dataset with XREF tag=K for DSID=208PB(36S,35PG)
 35P   L 5090.2    13 (11/2-)                                                   
 35P X L XREF=EF(5070)K
         *                                                                        <W> No input dataset with XREF tag=K for DSID=208PB(36S,35PG)
 35P   L 5487.9    13                                                           
 35P X L XREF=K
         *                                                                        <W> No input dataset with XREF tag=K for DSID=208PB(36S,35PG)
 35P   L 5561.0    13 (5/2-)                                                    
 35P X L XREF=AK
         *                                                                        <W> No input dataset with XREF tag=K for DSID=208PB(36S,35PG)
 35P   L 6222.7    13 (7/2-,9/2,11/2-)                                          
 35P X L XREF=K
         *                                                                        <W> No input dataset with XREF tag=K for DSID=208PB(36S,35PG)

################################################################################
In dataset of 35P: XE 9BE(36S,35PG)     XREF Tag=E

 35P   L 4101      2  (7/2-)                                                A   
 35P   G 237       2                                                            
         *                                                                        <W> Check discrepancy in gamma energies:
                                                                                          this energy=237      Adopted=241.3

################################################################################
In dataset of 35P: X?0 208PB(36S,35PG) E=215 MEV     XREF Tag=?0

 35P   L 0            1/2+                                                      
         *                                                                        <E> Tag=?0 of this dataset missing in XREF of matched Adopted Level=0
 35P   L 2386.1    8  3/2+             0.69 PS   LT                             
         *                                                                        <E> Tag=?0 of this dataset missing in XREF of matched Adopted Level=2386.9
 35P   L 3860.2    7  5/2+             0.69 PS   LT                             
         *                                                                        <E> Tag=?0 of this dataset missing in XREF of matched Adopted Level=3860.4
 35P   L 4101.2    8  (7/2-)           69 PS     GT                             
         *                                                                        <E> Tag=?0 of this dataset missing in XREF of matched Adopted Level=4101.7
 35P   G 4101                                                                   
                               *                                                  <W> large deltaJ=3 ([E3]), but no Mult is given
                                                                                        JI=(7/2-) JF(0)=1/2+
 35P   L 4380.2    13 (5/2-)                                                    
         *                                                                        <E> Tag=?0 of this dataset missing in XREF of matched Adopted Level=4382.0
 35P   L 4493.2    9  (7/2-)           2.29 PS   49                             
         *                                                                        <E> Tag=?0 of this dataset missing in XREF of matched Adopted Level=4494.1
 35P   L 4766.2    10 (9/2-)                                                    
         *                                                                        <E> Tag=?0 of this dataset missing in XREF of matched Adopted Level=4767.0
 35P   L 4962.2    10 (9/2-)                                                    
         *                                                                        <E> Tag=?0 of this dataset missing in XREF of matched Adopted Level=4962.8
 35P   L 5089.2    12 (11/2-)                                                   
         *                                                                        <E> Tag=?0 of this dataset missing in XREF of matched Adopted Level=5090.2

################################################################################
In dataset of 35P: X?1 208PB(36S,35PG) E=230 MEV     XREF Tag=?1

 35P   L 0            1/2+                                                      
         *                                                                        <E> Tag=?1 of this dataset missing in XREF of matched Adopted Level=0
 35P   L 2386.9    7  3/2+                                                      
         *                                                                        <E> Tag=?1 of this dataset missing in XREF of matched Adopted Level=2386.9
 35P   L 3860.6    7  5/2+                                                      
         *                                                                        <E> Tag=?1 of this dataset missing in XREF of matched Adopted Level=3860.4
 35P   L 4102.1    7  (7/2-)                                                    
         *                                                                        <E> Tag=?1 of this dataset missing in XREF of matched Adopted Level=4101.7
 35P   G 4102      1  33     5                                                  
                               *                                                  <W> large deltaJ=3 ([E3]), but no Mult is given
                                                                                        JI=(7/2-) JF(0)=1/2+
 35P   L 4381.8    10 (5/2-)                                                    
         *                                                                        <E> Tag=?1 of this dataset missing in XREF of matched Adopted Level=4382.0
 35P   L 4493.3    8  (7/2-)                                                    
         *                                                                        <E> Tag=?1 of this dataset missing in XREF of matched Adopted Level=4494.1
 35P   L 4766.0    9  (9/2-)                                                    
         *                                                                        <E> Tag=?1 of this dataset missing in XREF of matched Adopted Level=4767.0
 35P   L 4868.7    8  (5/2-,7/2-)                                               
         *                                                                        <E> Tag=?1 of this dataset missing in XREF of matched Adopted Level=4869.6
 35P   L 4959.3    9  (9/2-)                                                    
         *                                                                        <E> Tag=?1 of this dataset missing in XREF of matched Adopted Level=4962.8
 35P   G 466       1  14     2                                                  
         *                                                                        <W> Check discrepancy in gamma energies:
                                                                                          this energy=466      Adopted=468.9
 35P   L 5087.6    10 (11/2-)                                                   
         *                                                                        <E> Tag=?1 of this dataset missing in XREF of matched Adopted Level=5090.2
 35P   L 5487.7    10                                                           
         *                                                                        <E> Tag=?1 of this dataset missing in XREF of matched Adopted Level=5487.9
 35P   L 5560.1    12 (5/2-)                                                    
         *                                                                        <E> Tag=?1 of this dataset missing in XREF of matched Adopted Level=5561.0
 35P   L 6220.4    10 (7/2-,9/2,11/2-)                                          
         *                                                                        <E> Tag=?1 of this dataset missing in XREF of matched Adopted Level=6222.7


End of report
