Java program for checking keynumbers (update 11/11/2025): error report
Generated at: Thu 05/07/2026 at 03:13:24 PM EDT



*** In dataset:  35P : 1H(34SI,P):RESONANCES

--- : -------------------------------------- line#=25   in  35P : 1H(34SI,P):RESONANCES
   1968Th07  : <W> probably irrelevant. Check if typo.
                   #title=Neutron Spectroscopic Factors from Isobaric Analog States



*** In dataset:  35P : 208PB(36S,35PG) E=230 MEV

--- : -------------------------------------- line#=6    in  35P : 208PB(36S,35PG) E=230 MEV
   2010WiZZ  : <W> probably irrelevant. Check if typo.
                   #title=
             Also in: line#=21   in dataset: 2010WiZZ
                      line#=23   in dataset: 2010WiZZ
                      line#=48   in dataset: 2010WiZZ



*** In dataset:  35P : 36S(D,3HE)

--- : -------------------------------------- line#=17   in  35P : 36S(D,3HE)
   1966Ba54  : <W> probably irrelevant. Check if typo.
                   #title=Normalization of and Finite-Range Effects in ({+3}He,d) and
                          (t,d) Reactions



*** In dataset:  35P : 36S(POL D,3HE)

--- : -------------------------------------- line#=18   in  35P : 36S(POL D,3HE)
   1966Ba54  : <W> probably irrelevant. Check if typo.
                   #title=Normalization of and Finite-Range Effects in ({+3}He,d) and
                          (t,d) Reactions




--------------------------------------------------------------------------------
Keynumbers that are probably irrelevant to the nuclides in input files:
(probably due to mistyping if so): total number=3

1966Ba54:  35P   title= Normalization of and Finite-Range Effects in ({+3}He,d) and (t,d) Reactions
1968Th07:  35P   title= Neutron Spectroscopic Factors from Isobaric Analog States
2010WiZZ:  35P   title= 
                 reference=Priv.Comm. (2010)
