       1 :  35P     ADOPTED LEVELS, GAMMAS                                  ENSDF    202509
      63 :  35P  DG CC$FROM BrIcc v2.3e (17-Jun-2020) 2008Ki07, "Frozen Orbitals" appr.      <New Card>
  Compare OLD/NEW cards
      73 :  35P   G 2386.3    6 100        [M1,E2]                                           <Old Card Kept>
      74 :  35P S G  CC=0.00046 5$KC=5.94E-6 25$LC=4.42E-7 18$MC=3.36E-8 14                  <Old Card Kept>
      75 :  35P S G  IPC=0.00046 5                                                           <Old Card Kept>
  Compare OLD/NEW cards
      81 :  35P   G 1473.5    5 15.6    14 [M1,E2]                                           <Old Card Kept>
      82 :  35P S G  CC=8.3E-5 13$KC=1.39E-5 13$LC=1.04E-6 10$MC=7.9E-8 7                    <Old Card Kept>
      83 :  35P S G  IPC=6.8E-5 11                                                           <Old Card Kept>
  Compare OLD/NEW cards
      88 :  35P   G 3860.2    10 100.0  32 [E2]                   1.12E-3 2                  <Old Card Kept>
      89 :  35P S G  KC=2.90E-6 4$LC=2.155E-7 30$MC=1.638E-8 23                              <Old Card Kept>
      90 :  35P S G  IPC=0.001120 16                                                         <Old Card Kept>
  Compare OLD/NEW cards
      97 :  35P   G 241.3     5 100     7  [E1]                                        A     <Old Card Kept>
      98 :  35P S G  CC=0.000665 10$KC=0.000616 9$LC=4.59E-5 7$MC=3.48E-6 5                  <Old Card Kept>
  Compare OLD/NEW cards
     102 :  35P   G 1714.8    6 6.6     17 [M2]                                        A     <Old Card Kept>
     103 :  35P S G  CC=7.93E-5 11$KC=1.668E-5 23$LC=1.242E-6 17$MC=9.44E-8 13               <Old Card Kept>
     104 :  35P S G  IPC=6.13E-5 9                                                           <Old Card Kept>
  Compare OLD/NEW cards
     108 :  35P   G 4101.4    10 54     8  [E3]                                        A     <Old Card Kept>
     109 :  35P S G  CC=0.000924 13$KC=3.47E-6 5$LC=2.58E-7 4$MC=1.961E-8 27                 <Old Card Kept>
     110 :  35P S G  IPC=0.000920 13                                                         <Old Card Kept>
     118 :  35P   G 1994.9    6 100                                                          <Old Card Kept>
  Compare OLD/NEW cards
     128 :  35P   G 392.3     3 100     5 [M1+E2]   0.22    LT                               <Old Card Kept>
     129 :  35P S G  CC=0.000199 12$KC=0.000184 11$LC=1.37E-5 8$MC=1.04E-6 6                 <Old Card Kept>
  Compare OLD/NEW cards
     134 :  35P   G 633.6     5 34      5 [E1]                                               <Old Card Kept>
     135 :  35P S G  CC=4.64E-5 7$KC=4.30E-5 6$LC=3.20E-6 5$MC=2.432E-7 34                   <Old Card Kept>
     143 :  35P   G 804       2                                                        B     <Old Card Kept>
     144 :  35P   G 2279      2                                                        B     <Old Card Kept>
     145 :  35P   G 4668      2                                                        B     <Old Card Kept>
     149 :  35P   G 273       1 40.0    25                                             A     <Old Card Kept>
     152 :  35P   G 664       1 100     47                                             A     <Old Card Kept>
     157 :  35P   G 374       1 60      20                                             A     <Old Card Kept>
     158 :  35P F G FLAG=D                                                                   <Old Card Kept>
     159 :  35P   G 487       1 40      LT                                             A     <Old Card Kept>
     160 :  35P F G FLAG=D                                                                   <Old Card Kept>
     161 :  35P   G 767.9     4 100     20                                             A     <Old Card Kept>
     165 :  35P   G 1009.7    5 20      LT                                             A     <Old Card Kept>
     172 :  35P   G 468.9     4 100     8                                              A     <Old Card Kept>
     175 :  35P   G 859       3 66      9                                              A     <Old Card Kept>
     176 :  35P F G FLAG=D                                                                   <Old Card Kept>
     182 :  35P   G 128       1 50      25                                             A     <Old Card Kept>
     185 :  35P   G 322       1 100     35                                             A     <Old Card Kept>
     191 :  35P   G 1337      2                                                        B     <Old Card Kept>
     192 :  35P   G 2811      2                                                        B     <Old Card Kept>
     193 :  35P   G 5202      2                                                        B     <Old Card Kept>
     196 :  35P   G 993       1 100     20                                             A     <Old Card Kept>
     197 :  35P F G FLAG=D                                                                   <Old Card Kept>
     198 :  35P   G 1387      1 60      20                                             A     <Old Card Kept>
     199 :  35P F G FLAG=D                                                                   <Old Card Kept>
     202 :  35P   G 1459.4    7 34      12                                                   <Old Card Kept>
     206 :  35P   G 3173.5    10 100    17                                                   <Old Card Kept>
     212 :  35P   G 5709      2                                                        B     <Old Card Kept>
     220 :  35P   G 1132      1 25      LT                                             A     <Old Card Kept>
     221 :  35P F G FLAG=D                                                                   <Old Card Kept>
     222 :  35P   G 1260      1 100     25                                             A     <Old Card Kept>
     223 :  35P F G FLAG=D                                                                   <Old Card Kept>
     224 :  35P   G 1729      1 100     25                                             A     <Old Card Kept>
     225 :  35P F G FLAG=D                                                                   <Old Card Kept>
     236 :  35P   G 7526      2                                                              <Old Card Kept>
