Program for consistency check: output for Error and Warnings (version 09/26/2026)
Generated at: Wed 09/30/2026 at 02:57:23 AM EDT

################################################################################
In Adopted dataset of 36S

 36S   L 3290.8    5  2+               0.083 PS  7                              
 36S 2 L MOMM1=+2.6 10 (2008Sp01)                                               
         *                                                                        <W> Check if MOMM1 and reference are updated with 2020STZV
 36S   L 3345      3  0+               8.8 NS    2                              
 36S   G 3346         100       E0                                              
                               *                                                  <W> Check E0 transition.
 36S   L 4192.8    6  3-               0.62 PS   7                              
 36S 2 L MOMM1=+2.4 15 (2008Sp01)                                               
         *                                                                        <W> Check if MOMM1 and reference are updated with 2020STZV
 36S   L 5831.5    8  3-                                                        
 36S   G 579.8     4  1.13   28                                                 
 36S   G 812.0     4  15.3   9                                                  
 36S   G 1256.8    4  56     44                                                 
 36S   G 1638.3    4  59     42                                                 
 36S   G 2540.3    5  49.3   23                                                 
                     *                                                            <W> Gamma intensity not normalized with strongest=100!
 36S   L 6690.3    19 (6+)             3.7 PS    18                             
 36S   G 1182      1  100    16                                                 
                     *                                                            <W> check Jf&Ji for deltaJ>2 for gamma=1182
                                                                                        JI=(6+) JF(5509.1)=(2,4)

################################################################################
In dataset of 36S: XA 36P B- DECAY (5.6 S)     XREF Tag=A

 36S   L 3290.5    5  2+                                                        
                                       *                                          <W> T1/2 commented from Adopted but empty
                                                                                        Adopted T1/2=0.083 PS 7 this T1/2=
 36S   L 4193.0    6  3-                                                        
                                       *                                          <W> T1/2 commented from Adopted but empty
                                                                                        Adopted T1/2=0.62 PS 7 this T1/2=
 36S   G 902.7     4  70.4   20 E1(+M2)  0.00    5                              
                               *                                                  <E> Mult commented from Adopted but inconsistent
                                                                                        Adopted Mult=E1 this Mult=E1(+M2)
                                         *                                        <E> MR commented from Adopted but inconsistent
                                                                                        Adopted MR=  this MR=0.00 5
 36S   L 4574.6    6  2+                                                        
                                       *                                          <W> T1/2 commented from Adopted but empty
                                                                                        Adopted T1/2=0.055 PS 10 this T1/2=
 36S   G 1284.3    4  4.1    3  M1+E2    +0.08   5                              
                               *                                                  <E> Mult commented from Adopted but inconsistent
                                                                                        Adopted Mult=M1(+E2) this Mult=M1+E2
                                         *                                        <E> MR commented from Adopted but inconsistent
                                                                                        Adopted MR=+0.07 4 this MR=+0.08 5
 36S   L 5019.5    6  4-                                                        
 36S   G 826.9     4  16.1   3                                                  
                               *                                                  <W> Mult commented from Adopted but not given
                                                                                        Adopted Mult=M1 this Mult=
 36S   L 5205.1    6  5-                                                        
 36S   G 185.8     4  2.5    1                                                  
                               *                                                  <W> Mult commented from Adopted but not given
                                                                                        Adopted Mult=D this Mult=
 36S   G 1012.3    4  0.6    2                                                  
                               *                                                  <W> Mult commented from Adopted but not given
                                                                                        Adopted Mult=Q this Mult=
 36S   L 5251.6    6  3-                                                        
                                       *                                          <W> T1/2 commented from Adopted but empty
                                                                                        Adopted T1/2=0.07 PS 3 this T1/2=
 36S   G 1960.9    5  13.5   5                                                  
                               *                                                  <W> Mult commented from Adopted but not given
                                                                                        Adopted Mult=D+Q this Mult=
 36S   L 6513.2    7  4+                                                        
                                       *                                          <W> T1/2 commented from Adopted but empty
                                                                                        Adopted T1/2=0.2 PS LT this T1/2=

################################################################################
In dataset of 36S: XB 36CL EC DECAY (3.01E+5 Y)     XREF Tag=B

 36S   L 0            0+                                                        
 36S   E               0.014  1   1.89 10   13.58 3             1.9       1     
         *                                                                        <W> Decay branch is less likely. Please check.
                                                                                        parent JPI=2+ this JPI=0+
                                                                                        spin change=2 parity change=no

################################################################################
In dataset of 36S: XC 34S(T,PG)     XREF Tag=C

 36S   L 3346      4  0+               8.8 NS    2                              
 36S   G 3346         100       E0                                              
                               *                                                  <W> Check E0 transition.

################################################################################
In dataset of 36S: XE 36S(POL D,D')     XREF Tag=E

 36S   L 3290         2+                                                        
         *                                                                        <E> E(level) commented from Adopted but inconsistent
                                                                                        Adopted E=3290.8 5 this E=3290
 36S   L 4190         3-                                                        
         *                                                                        <E> E(level) commented from Adopted but inconsistent
                                                                                        Adopted E=4192.8 6 this E=4190

################################################################################
In dataset of 36S: XF 36S(37CL,37CL)     XREF Tag=F

 36S   L 3290         2+                                                        
         *                                                                        <E> E(level) commented from Adopted but inconsistent
                                                                                        Adopted E=3290.8 5 this E=3290
 36S   L 4190         3-                                                        
         *                                                                        <E> E(level) commented from Adopted but inconsistent
                                                                                        Adopted E=4192.8 6 this E=4190

################################################################################
In dataset of 36S: X?0 37CL(G,P)     XREF Tag=?0

 36S   L 0.0                                                                    
         *                                                                        <E> Tag=?0 of this dataset missing in XREF of matched Adopted Level=0.0
 36S   L 3290                                                                   
         *                                                                        <E> Tag=?0 of this dataset missing in XREF of matched Adopted Level=3290.8
 36S   L 4520                                                                   
         *                                                                        <E> Tag=?0 of this dataset missing in XREF of matched Adopted Level=4523.0
 36S   L 4570                                                                   
         *                                                                        <E> Tag=?0 of this dataset missing in XREF of matched Adopted Level=4574.8
 36S   L 6510                                                                   
         *                                                                        <E> 3 possible matches found in Adopted! Check XREF
                                                                                         6472       3 1-                  XREF=D
                                                                                      #  6512      16 4+                  XREF=CD(6510*)H(6511*)
                                                                                      #  6513.2     7 4+                  XREF=AD(6510*)H(6511*)
                                                                                      But tag=?0 of this dataset is not in XREF of any of them!
 36S   L 7120                                                                   
         *                                                                        <E> Tag=?0 of this dataset missing in XREF of matched Adopted Level=7120


End of report
