Program for consistency check: output for Error and Warnings (version 06/19/2026)
Generated at: Wed 07/01/2026 at 12:03:53 AM EDT

################################################################################
In Adopted dataset of 34SI

 34SI  L 2718.52   10 0+               19.4 NS   5                              
 34SI  G 2718.4    1                                                            
                     *                                                            <W> Check if RI=100 can be assigned to the single branch
 34SI  G 2718.4    1                                                            
                               *                                                  <W> Check E0 transition.
 34SI  L 4380.2    4  4-                                                        
 34SIX L XREF=ACDEFGHK
         *                                                                        <W> XREF tag=E: level possibly not or energy discrepant in E=2H(34SI,34SI'G)
                                                                                        closest level in E=2H(34SI,34SI'G)
                                                                                        4256         
 34SI  L 7549+X                                                              R  
 34SIX L XREF=A(7549+x)B(7549+x)
         *                                                                        <W> Possible wrong input in (7549+x) at tag=A
                                                                                      Possible wrong input in (7549+x) at tag=B
 34SI  L 12057+Y                                                             R  
 34SIX L XREF=A(12057+y)B(12057+y)
         *                                                                        <W> Possible wrong input in (12057+y) at tag=A
                                                                                      Possible wrong input in (12057+y) at tag=B

################################################################################
In dataset of 34SI: XA 34AL B- DECAY (53.73 MS)     XREF Tag=A

 34SI  L 2718.77   12 0+                                                        
                                       *                                          <W> T1/2 commented from Adopted but empty
                                                                                        Adopted T1/2=19.4 NS 5 this T1/2=
 34SI  B             0.12    LT          15.9    GT                          3U?
         *                                                                        <W> Decay branch is less likely. Please check.
                                                                                        parent JPI=4- this JPI=0+
                                                                                        spin change=4 parity change=yes
 34SI  G 2718                   [E0]                            0.5       LT    
                               *                                                  <W> Check E0 transition.
 34SI  L 3325.58   7  2+                                                        
                                       *                                          <W> T1/2 commented from Adopted but empty
                                                                                        Adopted T1/2=82 FS 32 this T1/2=
 34SI  L 4254.68   8  3-                                                        
                                       *                                          <W> T1/2 commented from Adopted but empty
                                                                                        Adopted T1/2=210 NS LT this T1/2=
 34SI  G 4254.4    1  28     1                                                  
                               *                                                  <W> large deltaJ=3 ([E3]), but no Mult is given
                                                                                        JI=3- JF(0.0)=0+
 34SI  L 4378.85   10 (4-)                                                      
                     *                                                            <E> JPI commented from Adopted but inconsistent
                                                                                        Adopted JPI=4- this JPI=(4-)
 34SI  L 5041.34   10 (3-)                                                      
                     *                                                            <E> JPI commented from Adopted but inconsistent
                                                                                        Adopted JPI= this JPI=(3-)
 34SI  L 5348.84   11 (2+)                                                      
                     *                                                            <E> JPI commented from Adopted but inconsistent
                                                                                        Adopted JPI=(2)+ this JPI=(2+)
 34SI  L 6022.19   9  (3-)                                                      
                     *                                                            <E> JPI commented from Adopted but inconsistent
                                                                                        Adopted JPI= this JPI=(3-)

################################################################################
In dataset of 34SI: XB 34AL B- DECAY (23.2 MS)     XREF Tag=B

 34SI  L 2718.52   10 0+               19.4 NS   5                              
 34SI  G 2718.4    1            [E0]                            168       3     
                               *                                                  <W> Check E0 transition.
 34SI  L 3325.59   6  2+                                                        
                                       *                                          <W> T1/2 commented from Adopted but empty
                                                                                        Adopted T1/2=82 FS 32 this T1/2=
 34SI  L 4254.70   8  3-                                                        
                                       *                                          <W> T1/2 commented from Adopted but empty
                                                                                        Adopted T1/2=210 NS LT this T1/2=
 34SI  G 4254.4    1  0.7    1                                                  
                               *                                                  <W> large deltaJ=3 ([E3]), but no Mult is given
                                                                                        JI=3- JF(0.0)=0+
 34SI  L 5041.49   11 (3-)                                                      
                     *                                                            <E> JPI commented from Adopted but inconsistent
                                                                                        Adopted JPI= this JPI=(3-)
 34SI  L 5348.72   9  (2+)                                                      
                     *                                                            <E> JPI commented from Adopted but inconsistent
                                                                                        Adopted JPI=(2)+ this JPI=(2+)
 34SI  L 5773.42   8  (2+)                                                      
                     *                                                            <E> JPI commented from Adopted but inconsistent
                                                                                        Adopted JPI= this JPI=(2+)

################################################################################
In dataset of 34SI: XC 34AL B- DECAY:MIXED     XREF Tag=C

 34SI  L 0            0+                                                        
                                       *                                          <W> T1/2 commented from Adopted but empty
                                                                                        Adopted T1/2=2.77 S 20 this T1/2=
 34SI  L 2718.6    3  0+                                                        
                                       *                                          <W> T1/2 commented from Adopted but empty
                                                                                        Adopted T1/2=19.4 NS 5 this T1/2=
 34SI  L 3325.7    1  2+                                                        
                                       *                                          <W> T1/2 commented from Adopted but empty
                                                                                        Adopted T1/2=82 FS 32 this T1/2=
 34SI  L 4254.9    1  3-                                                        
                                       *                                          <W> T1/2 commented from Adopted but empty
                                                                                        Adopted T1/2=210 NS LT this T1/2=
 34SI  G 4254.6    2  23.8   4                                                  
                               *                                                  <W> large deltaJ=3 ([E3]), but no Mult is given
                                                                                        JI=3- JF(0)=0+
 34SI  L 4969.7    2  5-                                                        
                     *                                                            <E> JPI commented from Adopted but inconsistent
                                                                                        Adopted JPI=(5-) this JPI=5-
 34SI  L 5041.5    2  (3-)                                                      
                     *                                                            <E> JPI commented from Adopted but inconsistent
                                                                                        Adopted JPI= this JPI=(3-)
 34SI  L 5348.8    2  (2+)                                                      
                     *                                                            <E> JPI commented from Adopted but inconsistent
                                                                                        Adopted JPI=(2)+ this JPI=(2+)
 34SI  L 5773.5    2  (2+)                                                      
                     *                                                            <E> JPI commented from Adopted but inconsistent
                                                                                        Adopted JPI= this JPI=(2+)
 34SI  L 6022.3    2  (3-)                                                      
                     *                                                            <E> JPI commented from Adopted but inconsistent
                                                                                        Adopted JPI= this JPI=(3-)
 34SI  L 7107.4    2  (0+)                                                      
                     *                                                            <E> JPI commented from Adopted but inconsistent
                                                                                        Adopted JPI= this JPI=(0+)
 34SI  L 7476.5    2  0+                                                        
                     *                                                            <E> JPI commented from Adopted but inconsistent
                                                                                        Adopted JPI=(0+) this JPI=0+

################################################################################
In dataset of 34SI: XD 35AL B-N DECAY (38.1 MS)     XREF Tag=D

 34SI  L 4256.3    8  (3-)                                                      
                     *                                                            <E> JPI commented from Adopted but inconsistent
                                                                                        Adopted JPI=3- this JPI=(3-)
 34SI  L 4380.5    9  (3-)                                                      
                     *                                                            <E> JPI commented from Adopted but inconsistent
                                                                                        Adopted JPI=4- this JPI=(3-)

################################################################################
In dataset of 34SI: XE 2H(34SI,34SI'G)     XREF Tag=E

 34SI  L 4970                                                                   
 34SI  G 591          4.1    5                                                  
         *                                                                        <W> No final level found

################################################################################
In dataset of 34SI: XH 18O(18O,2PG)     XREF Tag=H

 34SI  L 4517.5    11                                                           
 34SI  G 1191      1                                                            
         *                                                                        <W> Check discrepancy in gamma energies:
                                                                                          this energy=1191      Adopted=1193.4


End of report
